❯ cargo test --features simulation --test simulation sim_tests::fault_injection_seed_161803 -- --test-threads=1
    Finished `test` profile [unoptimized + debuginfo] target(s) in 0.06s
     Running tests/simulation.rs (target/debug/deps/simulation-20616b7e3e6d4a08)

running 1 test
test sim_tests::fault_injection_seed_161803 ... FAILED

failures:

---- sim_tests::fault_injection_seed_161803 stdout ----
[walrus] new
[alloc] init: created file=/tmp/walrus_sim_161803/sim_node/1700000000002, max_file_size=1048576000B, block_size=10485760B
[recovery] scanning files: 1
[recovery] file /tmp/walrus_sim_161803/sim_node/1700000000002
[recovery] SUMMARY - entries recovered per topic:
[recovery] CHAIN LENGTHS after recovery:
[alloc] handout: block_id=1, file=/tmp/walrus_sim_161803/sim_node/1700000000002, offset=0, limit=10485760
[writer] wrote (uncommitted): col=metrics, block_id=1, offset_before=0, bytes=136, offset_after=136
[writer] immediate fsync: col=metrics, block_id=1
[reader] read_next start: col=metrics, chain_len=0, idx=0, offset=0
[reader] read_next: tail OK col=metrics, block_id=1, consumed=136, new_tail_off=136
[alloc] handout: block_id=2, file=/tmp/walrus_sim_161803/sim_node/1700000000002, offset=10485760, limit=10485760
[writer] wrote (uncommitted): col=logs, block_id=2, offset_before=0, bytes=103, offset_after=103
[writer] immediate fsync: col=logs, block_id=2
[writer] wrote (uncommitted): col=logs, block_id=2, offset_before=103, bytes=125, offset_after=228
[writer] immediate fsync: col=logs, block_id=2
[CRASH] Simulating crash. orders has 0 entries in Oracle
[walrus] new
[alloc] init: created file=/tmp/walrus_sim_161803/sim_node/1700000005229, max_file_size=1048576000B, block_size=10485760B
[recovery] scanning files: 2
[recovery] file /tmp/walrus_sim_161803/sim_node/1700000000002
[reader] header checksum mismatch at offset=136 in file=/tmp/walrus_sim_161803/sim_node/1700000000002, block_id=1 (stored=0x0, computed=0x8ac123d6f7dce585)
[reader] chain append(slow/new): col=metrics, block_id=1, chain_len 0->1
[recovery] appended block: file=/tmp/walrus_sim_161803/sim_node/1700000000002, block_id=1, used=136, col=metrics, entries=1
[reader] header checksum mismatch at offset=228 in file=/tmp/walrus_sim_161803/sim_node/1700000000002, block_id=2 (stored=0x0, computed=0x8ac123d6f7dce585)
[reader] chain append(slow/new): col=logs, block_id=2, chain_len 0->1
[recovery] appended block: file=/tmp/walrus_sim_161803/sim_node/1700000000002, block_id=2, used=228, col=logs, entries=2
[recovery] file /tmp/walrus_sim_161803/sim_node/1700000005229
[recovery] SUMMARY - entries recovered per topic:
[recovery]   logs: 2 entries
[recovery]   metrics: 1 entries
[recovery] CHAIN LENGTHS after recovery:
[recovery]   logs: chain_len=1
[recovery]   metrics: chain_len=1
[alloc] handout: block_id=1, file=/tmp/walrus_sim_161803/sim_node/1700000005229, offset=0, limit=10485760
[writer] wrote (uncommitted): col=logs, block_id=1, offset_before=0, bytes=168, offset_after=168
[writer] immediate fsync: col=logs, block_id=1
[reader] read_next start: col=log, chain_len=0, idx=0, offset=0
[alloc] handout: block_id=2, file=/tmp/walrus_sim_161803/sim_node/1700000005229, offset=10485760, limit=10485760
[writer] wrote (uncommitted): col=orders, block_id=2, offset_before=0, bytes=92, offset_after=92
[writer] immediate fsync: col=orders, block_id=2
[ORACLE] Recording write for orders[0] len=12
[reader] READ_START orders: NOT IN MAP!
[reader] read_next start: col=orders, chain_len=0, idx=0, offset=0
[reader] read_next: tail OK col=orders, block_id=2, consumed=92, new_tail_off=92
[CRASH] Simulating crash. orders has 1 entries in Oracle
[walrus] new
[alloc] init: created file=/tmp/walrus_sim_161803/sim_node/1700000010672, max_file_size=1048576000B, block_size=10485760B
[recovery] scanning files: 3
[recovery] file /tmp/walrus_sim_161803/sim_node/1700000000002
[reader] header checksum mismatch at offset=136 in file=/tmp/walrus_sim_161803/sim_node/1700000000002, block_id=1 (stored=0x0, computed=0x8ac123d6f7dce585)
[reader] chain append(slow/new): col=metrics, block_id=1, chain_len 0->1
[recovery] appended block: file=/tmp/walrus_sim_161803/sim_node/1700000000002, block_id=1, used=136, col=metrics, entries=1
[reader] header checksum mismatch at offset=228 in file=/tmp/walrus_sim_161803/sim_node/1700000000002, block_id=2 (stored=0x0, computed=0x8ac123d6f7dce585)
[reader] chain append(slow/new): col=logs, block_id=2, chain_len 0->1
[recovery] appended block: file=/tmp/walrus_sim_161803/sim_node/1700000000002, block_id=2, used=228, col=logs, entries=2
[recovery] file /tmp/walrus_sim_161803/sim_node/1700000005229
[reader] header checksum mismatch at offset=168 in file=/tmp/walrus_sim_161803/sim_node/1700000005229, block_id=3 (stored=0x0, computed=0x8ac123d6f7dce585)
[reader] chain append(fast): col=logs, block_id=3, chain_len 1->2
[recovery] appended block: file=/tmp/walrus_sim_161803/sim_node/1700000005229, block_id=3, used=168, col=logs, entries=1
[reader] header checksum mismatch at offset=92 in file=/tmp/walrus_sim_161803/sim_node/1700000005229, block_id=4 (stored=0x0, computed=0x8ac123d6f7dce585)
[reader] chain append(slow/new): col=orders, block_id=4, chain_len 0->1
[recovery] appended block: file=/tmp/walrus_sim_161803/sim_node/1700000005229, block_id=4, used=92, col=orders, entries=1
[recovery] file /tmp/walrus_sim_161803/sim_node/1700000010672
[recovery] SUMMARY - entries recovered per topic:
[recovery]   logs: 3 entries
[recovery]   metrics: 1 entries
[recovery]   orders: 1 entries
[recovery] CHAIN LENGTHS after recovery:
[recovery]   logs: chain_len=2
[recovery]   orders: chain_len=1
[recovery]   metrics: chain_len=1
[alloc] handout: block_id=1, file=/tmp/walrus_sim_161803/sim_node/1700000010672, offset=0, limit=10485760
[batch] START: col=metrics, entries=16, total_bytes=2109
[batch] planning complete: 16 write operations across 1 blocks
[batch] released batch_writing flag
[alloc] handout: block_id=2, file=/tmp/walrus_sim_161803/sim_node/1700000010672, offset=10485760, limit=10485760
[writer] wrote (uncommitted): col=logs, block_id=2, offset_before=0, bytes=138, offset_after=138
[writer] immediate fsync: col=logs, block_id=2
[reader] read_next start: col=log, chain_len=0, idx=0, offset=0
[reader] read_next start: col=log_recovery, chain_len=0, idx=0, offset=0
[reader] read_next start: col=metrics, chain_len=1, idx=0, offset=0
[reader] read_next: OK col=metrics, block_id=1, consumed=136, new_offset=136
[alloc] handout: block_id=3, file=/tmp/walrus_sim_161803/sim_node/1700000010672, offset=20971520, limit=10485760
[writer] wrote (uncommitted): col=hard_state, block_id=3, offset_before=0, bytes=136, offset_after=136
[writer] immediate fsync: col=hard_state, block_id=3
[alloc] handout: block_id=4, file=/tmp/walrus_sim_161803/sim_node/1700000010672, offset=31457280, limit=10485760
[writer] wrote (uncommitted): col=metrics, block_id=1, offset_before=0, bytes=139, offset_after=139
[writer] immediate fsync: col=metrics, block_id=1
[reader] BATCH_START orders: chain_len=1 cur_idx=0 cur_off=0
[reader] BATCH_PLAN_BUILD: chain[0] block_id=4 start=0 end=92 used=92 planned_bytes=0 max_bytes=8046
[writer] wrote (uncommitted): col=logs, block_id=2, offset_before=138, bytes=139, offset_after=277
[writer] immediate fsync: col=logs, block_id=2
[writer] wrote (uncommitted): col=metrics, block_id=1, offset_before=139, bytes=127, offset_after=266
[writer] immediate fsync: col=metrics, block_id=1
[writer] wrote (uncommitted): col=metrics, block_id=1, offset_before=266, bytes=142, offset_after=408
[writer] immediate fsync: col=metrics, block_id=1
[alloc] handout: block_id=5, file=/tmp/walrus_sim_161803/sim_node/1700000010672, offset=41943040, limit=10485760
[batch] START: col=orders, entries=18, total_bytes=2610
[batch] planning complete: 18 write operations across 1 blocks
[batch] released batch_writing flag
[CRASH] Simulating crash. orders has 1 entries in Oracle
[walrus] new
[alloc] init: created file=/tmp/walrus_sim_161803/sim_node/1700000016150, max_file_size=1048576000B, block_size=10485760B
[recovery] scanning files: 4
[recovery] file /tmp/walrus_sim_161803/sim_node/1700000000002
[reader] header checksum mismatch at offset=136 in file=/tmp/walrus_sim_161803/sim_node/1700000000002, block_id=1 (stored=0x0, computed=0x8ac123d6f7dce585)
[reader] chain append(slow/new): col=metrics, block_id=1, chain_len 0->1
[recovery] appended block: file=/tmp/walrus_sim_161803/sim_node/1700000000002, block_id=1, used=136, col=metrics, entries=1
[reader] header checksum mismatch at offset=228 in file=/tmp/walrus_sim_161803/sim_node/1700000000002, block_id=2 (stored=0x0, computed=0x8ac123d6f7dce585)
[reader] chain append(slow/new): col=logs, block_id=2, chain_len 0->1
[recovery] appended block: file=/tmp/walrus_sim_161803/sim_node/1700000000002, block_id=2, used=228, col=logs, entries=2
[recovery] file /tmp/walrus_sim_161803/sim_node/1700000005229
[reader] header checksum mismatch at offset=168 in file=/tmp/walrus_sim_161803/sim_node/1700000005229, block_id=3 (stored=0x0, computed=0x8ac123d6f7dce585)
[reader] chain append(fast): col=logs, block_id=3, chain_len 1->2
[recovery] appended block: file=/tmp/walrus_sim_161803/sim_node/1700000005229, block_id=3, used=168, col=logs, entries=1
[reader] header checksum mismatch at offset=92 in file=/tmp/walrus_sim_161803/sim_node/1700000005229, block_id=4 (stored=0x0, computed=0x8ac123d6f7dce585)
[reader] chain append(slow/new): col=orders, block_id=4, chain_len 0->1
[recovery] appended block: file=/tmp/walrus_sim_161803/sim_node/1700000005229, block_id=4, used=92, col=orders, entries=1
[recovery] file /tmp/walrus_sim_161803/sim_node/1700000010672
[reader] header checksum mismatch at offset=408 in file=/tmp/walrus_sim_161803/sim_node/1700000010672, block_id=5 (stored=0x77363697274, computed=0x941c0bc236027762)
[reader] chain append(fast): col=metrics, block_id=5, chain_len 1->2
[recovery] appended block: file=/tmp/walrus_sim_161803/sim_node/1700000010672, block_id=5, used=408, col=metrics, entries=3
[reader] header checksum mismatch at offset=277 in file=/tmp/walrus_sim_161803/sim_node/1700000010672, block_id=6 (stored=0x0, computed=0x8ac123d6f7dce585)
[reader] chain append(fast): col=logs, block_id=6, chain_len 2->3
[recovery] appended block: file=/tmp/walrus_sim_161803/sim_node/1700000010672, block_id=6, used=277, col=logs, entries=2
[reader] header checksum mismatch at offset=136 in file=/tmp/walrus_sim_161803/sim_node/1700000010672, block_id=7 (stored=0x0, computed=0x8ac123d6f7dce585)
[reader] chain append(slow/new): col=hard_state, block_id=7, chain_len 0->1
[recovery] appended block: file=/tmp/walrus_sim_161803/sim_node/1700000010672, block_id=7, used=136, col=hard_state, entries=1
[reader] trailer mismatch at offset=0 in file=/tmp/walrus_sim_161803/sim_node/1700000010672, block_id=8
[recovery] file /tmp/walrus_sim_161803/sim_node/1700000016150
[recovery] SUMMARY - entries recovered per topic:
[recovery]   orders: 1 entries
[recovery]   metrics: 4 entries
[recovery]   hard_state: 1 entries
[recovery]   logs: 5 entries
[recovery] CHAIN LENGTHS after recovery:
[recovery]   logs: chain_len=3
[recovery]   metrics: chain_len=2
[recovery]   hard_state: chain_len=1
[recovery]   orders: chain_len=1
[alloc] handout: block_id=1, file=/tmp/walrus_sim_161803/sim_node/1700000016150, offset=0, limit=10485760
[writer] wrote (uncommitted): col=orders, block_id=1, offset_before=0, bytes=139, offset_after=139
[writer] immediate fsync: col=orders, block_id=1
[ORACLE] Recording write for orders[1] len=59
[reader] read_next start: col=metrics, chain_len=2, idx=0, offset=0
[reader] read_next: OK col=metrics, block_id=1, consumed=136, new_offset=136
[alloc] handout: block_id=2, file=/tmp/walrus_sim_161803/sim_node/1700000016150, offset=10485760, limit=10485760
[writer] wrote (uncommitted): col=metrics, block_id=2, offset_before=0, bytes=147, offset_after=147
[writer] fsync FAILED, leaving uncommitted: col=metrics, block_id=2, offset=0
[reader] read_next start: col=hard_state_recovery, chain_len=0, idx=0, offset=0
[alloc] handout: block_id=3, file=/tmp/walrus_sim_161803/sim_node/1700000016150, offset=20971520, limit=10485760
[writer] wrote (uncommitted): col=log, block_id=3, offset_before=0, bytes=93, offset_after=93
[writer] immediate fsync: col=log, block_id=3
[alloc] handout: block_id=4, file=/tmp/walrus_sim_161803/sim_node/1700000016150, offset=31457280, limit=10485760
[writer] wrote (uncommitted): col=log_recovery, block_id=4, offset_before=0, bytes=93, offset_after=93
[writer] immediate fsync: col=log_recovery, block_id=4
[reader] read_next start: col=hard_state_recovery, chain_len=0, idx=0, offset=0
[alloc] handout: block_id=5, file=/tmp/walrus_sim_161803/sim_node/1700000016150, offset=41943040, limit=10485760
[writer] wrote (uncommitted): col=logs, block_id=5, offset_before=0, bytes=161, offset_after=161
[writer] immediate fsync: col=logs, block_id=5
[writer] wrote (uncommitted): col=logs, block_id=5, offset_before=161, bytes=174, offset_after=335
[writer] immediate fsync: col=logs, block_id=5
[writer] wrote (uncommitted): col=logs, block_id=5, offset_before=335, bytes=172, offset_after=507
[writer] immediate fsync: col=logs, block_id=5
[writer] wrote (uncommitted): col=metrics, block_id=2, offset_before=0, bytes=153, offset_after=153
[writer] immediate fsync: col=metrics, block_id=2
[reader] READ_START orders: chain_len=1 cur_idx=0 cur_off=0
[reader] read_next start: col=orders, chain_len=1, idx=0, offset=0
[reader] read_next: OK col=orders, block_id=4, consumed=92, new_offset=92
[reader] read_next start: col=hard_state_recovery, chain_len=0, idx=0, offset=0
[writer] wrote (uncommitted): col=metrics, block_id=2, offset_before=153, bytes=172, offset_after=325
[writer] immediate fsync: col=metrics, block_id=2
[reader] read_next start: col=log_recovery, chain_len=0, idx=0, offset=0
[reader] read_next: tail OK col=log_recovery, block_id=4, consumed=93, new_tail_off=93
[reader] read_next start: col=log, chain_len=0, idx=0, offset=0
[reader] read_next: tail OK col=log, block_id=3, consumed=93, new_tail_off=93
[writer] wrote (uncommitted): col=metrics, block_id=2, offset_before=325, bytes=150, offset_after=475
[writer] immediate fsync: col=metrics, block_id=2
[CRASH] Simulating crash. orders has 2 entries in Oracle
[walrus] new
[alloc] init: created file=/tmp/walrus_sim_161803/sim_node/1700000021780, max_file_size=1048576000B, block_size=10485760B
[recovery] scanning files: 5
[recovery] file /tmp/walrus_sim_161803/sim_node/1700000000002
[reader] header checksum mismatch at offset=136 in file=/tmp/walrus_sim_161803/sim_node/1700000000002, block_id=1 (stored=0x0, computed=0x8ac123d6f7dce585)
[reader] chain append(slow/new): col=metrics, block_id=1, chain_len 0->1
[recovery] appended block: file=/tmp/walrus_sim_161803/sim_node/1700000000002, block_id=1, used=136, col=metrics, entries=1
[reader] header checksum mismatch at offset=228 in file=/tmp/walrus_sim_161803/sim_node/1700000000002, block_id=2 (stored=0x0, computed=0x8ac123d6f7dce585)
[reader] chain append(slow/new): col=logs, block_id=2, chain_len 0->1
[recovery] appended block: file=/tmp/walrus_sim_161803/sim_node/1700000000002, block_id=2, used=228, col=logs, entries=2
[recovery] file /tmp/walrus_sim_161803/sim_node/1700000005229
[reader] header checksum mismatch at offset=168 in file=/tmp/walrus_sim_161803/sim_node/1700000005229, block_id=3 (stored=0x0, computed=0x8ac123d6f7dce585)
[reader] chain append(fast): col=logs, block_id=3, chain_len 1->2
[recovery] appended block: file=/tmp/walrus_sim_161803/sim_node/1700000005229, block_id=3, used=168, col=logs, entries=1
[reader] header checksum mismatch at offset=92 in file=/tmp/walrus_sim_161803/sim_node/1700000005229, block_id=4 (stored=0x0, computed=0x8ac123d6f7dce585)
[reader] chain append(slow/new): col=orders, block_id=4, chain_len 0->1
[recovery] appended block: file=/tmp/walrus_sim_161803/sim_node/1700000005229, block_id=4, used=92, col=orders, entries=1
[recovery] file /tmp/walrus_sim_161803/sim_node/1700000010672
[reader] header checksum mismatch at offset=408 in file=/tmp/walrus_sim_161803/sim_node/1700000010672, block_id=5 (stored=0x77363697274, computed=0x941c0bc236027762)
[reader] chain append(fast): col=metrics, block_id=5, chain_len 1->2
[recovery] appended block: file=/tmp/walrus_sim_161803/sim_node/1700000010672, block_id=5, used=408, col=metrics, entries=3
[reader] header checksum mismatch at offset=277 in file=/tmp/walrus_sim_161803/sim_node/1700000010672, block_id=6 (stored=0x0, computed=0x8ac123d6f7dce585)
[reader] chain append(fast): col=logs, block_id=6, chain_len 2->3
[recovery] appended block: file=/tmp/walrus_sim_161803/sim_node/1700000010672, block_id=6, used=277, col=logs, entries=2
[reader] header checksum mismatch at offset=136 in file=/tmp/walrus_sim_161803/sim_node/1700000010672, block_id=7 (stored=0x0, computed=0x8ac123d6f7dce585)
[reader] chain append(slow/new): col=hard_state, block_id=7, chain_len 0->1
[recovery] appended block: file=/tmp/walrus_sim_161803/sim_node/1700000010672, block_id=7, used=136, col=hard_state, entries=1
[reader] trailer mismatch at offset=0 in file=/tmp/walrus_sim_161803/sim_node/1700000010672, block_id=8
[recovery] file /tmp/walrus_sim_161803/sim_node/1700000016150
[reader] header checksum mismatch at offset=139 in file=/tmp/walrus_sim_161803/sim_node/1700000016150, block_id=8 (stored=0x0, computed=0x8ac123d6f7dce585)
[reader] chain append(fast): col=orders, block_id=8, chain_len 1->2
[recovery] appended block: file=/tmp/walrus_sim_161803/sim_node/1700000016150, block_id=8, used=139, col=orders, entries=1
[reader] header checksum mismatch at offset=475 in file=/tmp/walrus_sim_161803/sim_node/1700000016150, block_id=9 (stored=0x0, computed=0x8ac123d6f7dce585)
[reader] chain append(fast): col=metrics, block_id=9, chain_len 2->3
[recovery] appended block: file=/tmp/walrus_sim_161803/sim_node/1700000016150, block_id=9, used=475, col=metrics, entries=3
[reader] header checksum mismatch at offset=93 in file=/tmp/walrus_sim_161803/sim_node/1700000016150, block_id=10 (stored=0x0, computed=0x8ac123d6f7dce585)
[reader] chain append(slow/new): col=log, block_id=10, chain_len 0->1
[recovery] appended block: file=/tmp/walrus_sim_161803/sim_node/1700000016150, block_id=10, used=93, col=log, entries=1
[reader] header checksum mismatch at offset=93 in file=/tmp/walrus_sim_161803/sim_node/1700000016150, block_id=11 (stored=0x0, computed=0x8ac123d6f7dce585)
[reader] chain append(slow/new): col=log_recovery, block_id=11, chain_len 0->1
[recovery] appended block: file=/tmp/walrus_sim_161803/sim_node/1700000016150, block_id=11, used=93, col=log_recovery, entries=1
[reader] trailer mismatch at offset=335 in file=/tmp/walrus_sim_161803/sim_node/1700000016150, block_id=12
[reader] chain append(fast): col=logs, block_id=12, chain_len 3->4
[recovery] appended block: file=/tmp/walrus_sim_161803/sim_node/1700000016150, block_id=12, used=335, col=logs, entries=2
[recovery] file /tmp/walrus_sim_161803/sim_node/1700000021780
[recovery] SUMMARY - entries recovered per topic:
[recovery]   orders: 2 entries
[recovery]   logs: 7 entries
[recovery]   hard_state: 1 entries
[recovery]   metrics: 7 entries
[recovery]   log: 1 entries
[recovery]   log_recovery: 1 entries
[recovery] CHAIN LENGTHS after recovery:
[recovery]   logs: chain_len=4
[recovery]   log: chain_len=1
[recovery]   metrics: chain_len=3
[recovery]   log_recovery: chain_len=1
[recovery]   orders: chain_len=2
[recovery]   hard_state: chain_len=1
[CRASH] Simulating crash. orders has 2 entries in Oracle
[walrus] new
[alloc] init: created file=/tmp/walrus_sim_161803/sim_node/1700000027386, max_file_size=1048576000B, block_size=10485760B
[recovery] scanning files: 6
[recovery] file /tmp/walrus_sim_161803/sim_node/1700000000002
[reader] header checksum mismatch at offset=136 in file=/tmp/walrus_sim_161803/sim_node/1700000000002, block_id=1 (stored=0x0, computed=0x8ac123d6f7dce585)
[reader] chain append(slow/new): col=metrics, block_id=1, chain_len 0->1
[recovery] appended block: file=/tmp/walrus_sim_161803/sim_node/1700000000002, block_id=1, used=136, col=metrics, entries=1
[reader] header checksum mismatch at offset=228 in file=/tmp/walrus_sim_161803/sim_node/1700000000002, block_id=2 (stored=0x0, computed=0x8ac123d6f7dce585)
[reader] chain append(slow/new): col=logs, block_id=2, chain_len 0->1
[recovery] appended block: file=/tmp/walrus_sim_161803/sim_node/1700000000002, block_id=2, used=228, col=logs, entries=2
[recovery] file /tmp/walrus_sim_161803/sim_node/1700000005229
[reader] header checksum mismatch at offset=168 in file=/tmp/walrus_sim_161803/sim_node/1700000005229, block_id=3 (stored=0x0, computed=0x8ac123d6f7dce585)
[reader] chain append(fast): col=logs, block_id=3, chain_len 1->2
[recovery] appended block: file=/tmp/walrus_sim_161803/sim_node/1700000005229, block_id=3, used=168, col=logs, entries=1
[reader] header checksum mismatch at offset=92 in file=/tmp/walrus_sim_161803/sim_node/1700000005229, block_id=4 (stored=0x0, computed=0x8ac123d6f7dce585)
[reader] chain append(slow/new): col=orders, block_id=4, chain_len 0->1
[recovery] appended block: file=/tmp/walrus_sim_161803/sim_node/1700000005229, block_id=4, used=92, col=orders, entries=1
[recovery] file /tmp/walrus_sim_161803/sim_node/1700000010672
[reader] header checksum mismatch at offset=408 in file=/tmp/walrus_sim_161803/sim_node/1700000010672, block_id=5 (stored=0x77363697274, computed=0x941c0bc236027762)
[reader] chain append(fast): col=metrics, block_id=5, chain_len 1->2
[recovery] appended block: file=/tmp/walrus_sim_161803/sim_node/1700000010672, block_id=5, used=408, col=metrics, entries=3
[reader] header checksum mismatch at offset=277 in file=/tmp/walrus_sim_161803/sim_node/1700000010672, block_id=6 (stored=0x0, computed=0x8ac123d6f7dce585)
[reader] chain append(fast): col=logs, block_id=6, chain_len 2->3
[recovery] appended block: file=/tmp/walrus_sim_161803/sim_node/1700000010672, block_id=6, used=277, col=logs, entries=2
[reader] header checksum mismatch at offset=136 in file=/tmp/walrus_sim_161803/sim_node/1700000010672, block_id=7 (stored=0x0, computed=0x8ac123d6f7dce585)
[reader] chain append(slow/new): col=hard_state, block_id=7, chain_len 0->1
[recovery] appended block: file=/tmp/walrus_sim_161803/sim_node/1700000010672, block_id=7, used=136, col=hard_state, entries=1
[reader] trailer mismatch at offset=0 in file=/tmp/walrus_sim_161803/sim_node/1700000010672, block_id=8
[recovery] file /tmp/walrus_sim_161803/sim_node/1700000016150
[reader] header checksum mismatch at offset=139 in file=/tmp/walrus_sim_161803/sim_node/1700000016150, block_id=8 (stored=0x0, computed=0x8ac123d6f7dce585)
[reader] chain append(fast): col=orders, block_id=8, chain_len 1->2
[recovery] appended block: file=/tmp/walrus_sim_161803/sim_node/1700000016150, block_id=8, used=139, col=orders, entries=1
[reader] header checksum mismatch at offset=475 in file=/tmp/walrus_sim_161803/sim_node/1700000016150, block_id=9 (stored=0x0, computed=0x8ac123d6f7dce585)
[reader] chain append(fast): col=metrics, block_id=9, chain_len 2->3
[recovery] appended block: file=/tmp/walrus_sim_161803/sim_node/1700000016150, block_id=9, used=475, col=metrics, entries=3
[reader] header checksum mismatch at offset=93 in file=/tmp/walrus_sim_161803/sim_node/1700000016150, block_id=10 (stored=0x0, computed=0x8ac123d6f7dce585)
[reader] chain append(slow/new): col=log, block_id=10, chain_len 0->1
[recovery] appended block: file=/tmp/walrus_sim_161803/sim_node/1700000016150, block_id=10, used=93, col=log, entries=1
[reader] header checksum mismatch at offset=93 in file=/tmp/walrus_sim_161803/sim_node/1700000016150, block_id=11 (stored=0x0, computed=0x8ac123d6f7dce585)
[reader] chain append(slow/new): col=log_recovery, block_id=11, chain_len 0->1
[recovery] appended block: file=/tmp/walrus_sim_161803/sim_node/1700000016150, block_id=11, used=93, col=log_recovery, entries=1
[reader] trailer mismatch at offset=335 in file=/tmp/walrus_sim_161803/sim_node/1700000016150, block_id=12
[reader] chain append(fast): col=logs, block_id=12, chain_len 3->4
[recovery] appended block: file=/tmp/walrus_sim_161803/sim_node/1700000016150, block_id=12, used=335, col=logs, entries=2
[recovery] file /tmp/walrus_sim_161803/sim_node/1700000021780
[recovery] file /tmp/walrus_sim_161803/sim_node/1700000027386
[recovery] SUMMARY - entries recovered per topic:
[recovery]   logs: 7 entries
[recovery]   log: 1 entries
[recovery]   log_recovery: 1 entries
[recovery]   orders: 2 entries
[recovery]   hard_state: 1 entries
[recovery]   metrics: 7 entries
[recovery] CHAIN LENGTHS after recovery:
[recovery]   log_recovery: chain_len=1
[recovery]   metrics: chain_len=3
[recovery]   logs: chain_len=4
[recovery]   orders: chain_len=2
[recovery]   log: chain_len=1
[recovery]   hard_state: chain_len=1
[reader] read_next start: col=hard_state, chain_len=1, idx=0, offset=0
[reader] read_next: OK col=hard_state, block_id=7, consumed=136, new_offset=136
[alloc] handout: block_id=1, file=/tmp/walrus_sim_161803/sim_node/1700000027386, offset=0, limit=10485760
[writer] wrote (uncommitted): col=logs, block_id=1, offset_before=0, bytes=132, offset_after=132
[writer] immediate fsync: col=logs, block_id=1
[alloc] handout: block_id=2, file=/tmp/walrus_sim_161803/sim_node/1700000027386, offset=10485760, limit=10485760
[writer] wrote (uncommitted): col=hard_state, block_id=2, offset_before=0, bytes=134, offset_after=134
[writer] immediate fsync: col=hard_state, block_id=2
[alloc] handout: block_id=3, file=/tmp/walrus_sim_161803/sim_node/1700000027386, offset=20971520, limit=10485760
[alloc] handout: block_id=4, file=/tmp/walrus_sim_161803/sim_node/1700000027386, offset=31457280, limit=10485760
[writer] wrote (uncommitted): col=metrics, block_id=4, offset_before=0, bytes=122, offset_after=122
[writer] fsync FAILED, leaving uncommitted: col=metrics, block_id=4, offset=0
[CRASH] Simulating crash. orders has 2 entries in Oracle
[walrus] new
[alloc] init: created file=/tmp/walrus_sim_161803/sim_node/1700000033210, max_file_size=1048576000B, block_size=10485760B
[recovery] scanning files: 7
[recovery] file /tmp/walrus_sim_161803/sim_node/1700000000002
[reader] header checksum mismatch at offset=136 in file=/tmp/walrus_sim_161803/sim_node/1700000000002, block_id=1 (stored=0x0, computed=0x8ac123d6f7dce585)
[reader] chain append(slow/new): col=metrics, block_id=1, chain_len 0->1
[recovery] appended block: file=/tmp/walrus_sim_161803/sim_node/1700000000002, block_id=1, used=136, col=metrics, entries=1
[reader] header checksum mismatch at offset=228 in file=/tmp/walrus_sim_161803/sim_node/1700000000002, block_id=2 (stored=0x0, computed=0x8ac123d6f7dce585)
[reader] chain append(slow/new): col=logs, block_id=2, chain_len 0->1
[recovery] appended block: file=/tmp/walrus_sim_161803/sim_node/1700000000002, block_id=2, used=228, col=logs, entries=2
[recovery] file /tmp/walrus_sim_161803/sim_node/1700000005229
[reader] header checksum mismatch at offset=168 in file=/tmp/walrus_sim_161803/sim_node/1700000005229, block_id=3 (stored=0x0, computed=0x8ac123d6f7dce585)
[reader] chain append(fast): col=logs, block_id=3, chain_len 1->2
[recovery] appended block: file=/tmp/walrus_sim_161803/sim_node/1700000005229, block_id=3, used=168, col=logs, entries=1
[reader] header checksum mismatch at offset=92 in file=/tmp/walrus_sim_161803/sim_node/1700000005229, block_id=4 (stored=0x0, computed=0x8ac123d6f7dce585)
[reader] chain append(slow/new): col=orders, block_id=4, chain_len 0->1
[recovery] appended block: file=/tmp/walrus_sim_161803/sim_node/1700000005229, block_id=4, used=92, col=orders, entries=1
[recovery] file /tmp/walrus_sim_161803/sim_node/1700000010672
[reader] header checksum mismatch at offset=408 in file=/tmp/walrus_sim_161803/sim_node/1700000010672, block_id=5 (stored=0x77363697274, computed=0x941c0bc236027762)
[reader] chain append(fast): col=metrics, block_id=5, chain_len 1->2
[recovery] appended block: file=/tmp/walrus_sim_161803/sim_node/1700000010672, block_id=5, used=408, col=metrics, entries=3
[reader] header checksum mismatch at offset=277 in file=/tmp/walrus_sim_161803/sim_node/1700000010672, block_id=6 (stored=0x0, computed=0x8ac123d6f7dce585)
[reader] chain append(fast): col=logs, block_id=6, chain_len 2->3
[recovery] appended block: file=/tmp/walrus_sim_161803/sim_node/1700000010672, block_id=6, used=277, col=logs, entries=2
[reader] header checksum mismatch at offset=136 in file=/tmp/walrus_sim_161803/sim_node/1700000010672, block_id=7 (stored=0x0, computed=0x8ac123d6f7dce585)
[reader] chain append(slow/new): col=hard_state, block_id=7, chain_len 0->1
[recovery] appended block: file=/tmp/walrus_sim_161803/sim_node/1700000010672, block_id=7, used=136, col=hard_state, entries=1
[reader] trailer mismatch at offset=0 in file=/tmp/walrus_sim_161803/sim_node/1700000010672, block_id=8
[recovery] file /tmp/walrus_sim_161803/sim_node/1700000016150
[reader] header checksum mismatch at offset=139 in file=/tmp/walrus_sim_161803/sim_node/1700000016150, block_id=8 (stored=0x0, computed=0x8ac123d6f7dce585)
[reader] chain append(fast): col=orders, block_id=8, chain_len 1->2
[recovery] appended block: file=/tmp/walrus_sim_161803/sim_node/1700000016150, block_id=8, used=139, col=orders, entries=1
[reader] header checksum mismatch at offset=475 in file=/tmp/walrus_sim_161803/sim_node/1700000016150, block_id=9 (stored=0x0, computed=0x8ac123d6f7dce585)
[reader] chain append(fast): col=metrics, block_id=9, chain_len 2->3
[recovery] appended block: file=/tmp/walrus_sim_161803/sim_node/1700000016150, block_id=9, used=475, col=metrics, entries=3
[reader] header checksum mismatch at offset=93 in file=/tmp/walrus_sim_161803/sim_node/1700000016150, block_id=10 (stored=0x0, computed=0x8ac123d6f7dce585)
[reader] chain append(slow/new): col=log, block_id=10, chain_len 0->1
[recovery] appended block: file=/tmp/walrus_sim_161803/sim_node/1700000016150, block_id=10, used=93, col=log, entries=1
[reader] header checksum mismatch at offset=93 in file=/tmp/walrus_sim_161803/sim_node/1700000016150, block_id=11 (stored=0x0, computed=0x8ac123d6f7dce585)
[reader] chain append(slow/new): col=log_recovery, block_id=11, chain_len 0->1
[recovery] appended block: file=/tmp/walrus_sim_161803/sim_node/1700000016150, block_id=11, used=93, col=log_recovery, entries=1
[reader] trailer mismatch at offset=335 in file=/tmp/walrus_sim_161803/sim_node/1700000016150, block_id=12
[reader] chain append(fast): col=logs, block_id=12, chain_len 3->4
[recovery] appended block: file=/tmp/walrus_sim_161803/sim_node/1700000016150, block_id=12, used=335, col=logs, entries=2
[recovery] file /tmp/walrus_sim_161803/sim_node/1700000021780
[recovery] file /tmp/walrus_sim_161803/sim_node/1700000027386
[reader] header checksum mismatch at offset=132 in file=/tmp/walrus_sim_161803/sim_node/1700000027386, block_id=13 (stored=0x0, computed=0x8ac123d6f7dce585)
[reader] chain append(fast): col=logs, block_id=13, chain_len 4->5
[recovery] appended block: file=/tmp/walrus_sim_161803/sim_node/1700000027386, block_id=13, used=132, col=logs, entries=1
[reader] header checksum mismatch at offset=134 in file=/tmp/walrus_sim_161803/sim_node/1700000027386, block_id=14 (stored=0x0, computed=0x8ac123d6f7dce585)
[reader] chain append(fast): col=hard_state, block_id=14, chain_len 1->2
[recovery] appended block: file=/tmp/walrus_sim_161803/sim_node/1700000027386, block_id=14, used=134, col=hard_state, entries=1
[reader] trailer mismatch at offset=0 in file=/tmp/walrus_sim_161803/sim_node/1700000027386, block_id=15
[recovery] file /tmp/walrus_sim_161803/sim_node/1700000033210
[recovery] SUMMARY - entries recovered per topic:
[recovery]   metrics: 7 entries
[recovery]   logs: 8 entries
[recovery]   orders: 2 entries
[recovery]   hard_state: 2 entries
[recovery]   log: 1 entries
[recovery]   log_recovery: 1 entries
[recovery] CHAIN LENGTHS after recovery:
[recovery]   log: chain_len=1
[recovery]   orders: chain_len=2
[recovery]   metrics: chain_len=3
[recovery]   logs: chain_len=5
[recovery]   hard_state: chain_len=2
[recovery]   log_recovery: chain_len=1
[alloc] handout: block_id=1, file=/tmp/walrus_sim_161803/sim_node/1700000033210, offset=0, limit=10485760
[batch] START: col=logs, entries=3, total_bytes=424
[batch] planning complete: 3 write operations across 1 blocks
[batch] released batch_writing flag
[reader] read_next start: col=log, chain_len=1, idx=0, offset=0
[reader] read_next: OK col=log, block_id=10, consumed=93, new_offset=93
[reader] read_next start: col=log, chain_len=1, idx=0, offset=93
[reader] read_next: advance block col=log, block_id=10, offset=93, used=93
[writer] wrote (uncommitted): col=logs, block_id=1, offset_before=0, bytes=165, offset_after=165
[writer] immediate fsync: col=logs, block_id=1
[reader] read_next start: col=hard_state, chain_len=2, idx=0, offset=0
[reader] read_next: OK col=hard_state, block_id=7, consumed=136, new_offset=136
[alloc] handout: block_id=2, file=/tmp/walrus_sim_161803/sim_node/1700000033210, offset=10485760, limit=10485760
[batch] START: col=metrics, entries=1, total_bytes=132
[batch] planning complete: 1 write operations across 1 blocks
[batch] SUCCESS (mmap): wrote 1 entries, 132 bytes to topic=metrics
[batch] released batch_writing flag
[alloc] handout: block_id=3, file=/tmp/walrus_sim_161803/sim_node/1700000033210, offset=20971520, limit=10485760
[writer] wrote (uncommitted): col=log, block_id=3, offset_before=0, bytes=142, offset_after=142
[writer] immediate fsync: col=log, block_id=3
[alloc] handout: block_id=4, file=/tmp/walrus_sim_161803/sim_node/1700000033210, offset=31457280, limit=10485760
[writer] wrote (uncommitted): col=log_recovery, block_id=4, offset_before=0, bytes=142, offset_after=142
[writer] immediate fsync: col=log_recovery, block_id=4
[reader] read_next start: col=log, chain_len=1, idx=1, offset=0
[reader] read_next: tail OK col=log, block_id=3, consumed=142, new_tail_off=142
[reader] read_next start: col=logs, chain_len=5, idx=0, offset=0
[reader] read_next: OK col=logs, block_id=2, consumed=103, new_offset=103
[reader] read_next start: col=log, chain_len=1, idx=1, offset=0
[reader] read_next: tail caught up col=log, block_id=3, off=142, written=142
[alloc] handout: block_id=5, file=/tmp/walrus_sim_161803/sim_node/1700000033210, offset=41943040, limit=10485760
[writer] wrote (uncommitted): col=hard_state, block_id=5, offset_before=0, bytes=165, offset_after=165
[writer] immediate fsync: col=hard_state, block_id=5
[alloc] handout: block_id=6, file=/tmp/walrus_sim_161803/sim_node/1700000033210, offset=52428800, limit=10485760
[writer] wrote (uncommitted): col=metrics, block_id=2, offset_before=132, bytes=98, offset_after=230
[writer] immediate fsync: col=metrics, block_id=2
[writer] wrote (uncommitted): col=metrics, block_id=2, offset_before=230, bytes=93, offset_after=323
[writer] immediate fsync: col=metrics, block_id=2
[writer] wrote (uncommitted): col=metrics, block_id=2, offset_before=323, bytes=150, offset_after=473
[writer] immediate fsync: col=metrics, block_id=2
[writer] wrote (uncommitted): col=metrics, block_id=2, offset_before=473, bytes=114, offset_after=587
[writer] immediate fsync: col=metrics, block_id=2
[writer] wrote (uncommitted): col=logs, block_id=1, offset_before=165, bytes=158, offset_after=323
[writer] immediate fsync: col=logs, block_id=1
[reader] READ_START orders: chain_len=2 cur_idx=0 cur_off=0
[reader] read_next start: col=orders, chain_len=2, idx=0, offset=0
[reader] read_next: OK col=orders, block_id=4, consumed=92, new_offset=92
[alloc] handout: block_id=7, file=/tmp/walrus_sim_161803/sim_node/1700000033210, offset=62914560, limit=10485760
[writer] wrote (uncommitted): col=orders, block_id=7, offset_before=0, bytes=173, offset_after=173
[writer] fsync FAILED, leaving uncommitted: col=orders, block_id=7, offset=0
[reader] read_next start: col=hard_state_recovery, chain_len=0, idx=0, offset=0
[reader] read_next: tail caught up col=hard_state_recovery, block_id=6, off=0, written=0
[writer] wrote (uncommitted): col=logs, block_id=1, offset_before=323, bytes=178, offset_after=501
[writer] immediate fsync: col=logs, block_id=1
[batch] START: col=metrics, entries=11, total_bytes=1490
[batch] planning complete: 11 write operations across 1 blocks
[batch] released batch_writing flag
[reader] read_next start: col=metrics, chain_len=3, idx=3, offset=0
[reader] read_next: tail caught up col=metrics, block_id=2, off=587, written=587
[reader] read_next start: col=metrics, chain_len=3, idx=3, offset=0
[reader] read_next: tail caught up col=metrics, block_id=2, off=587, written=587
[reader] BATCH_START orders: chain_len=2 cur_idx=0 cur_off=92
[reader] BATCH_PLAN_BUILD: chain[1] block_id=8 start=0 end=139 used=139 planned_bytes=0 max_bytes=3177
[CRASH] Simulating crash. orders has 2 entries in Oracle
[walrus] new
[alloc] init: created file=/tmp/walrus_sim_161803/sim_node/1700000039371, max_file_size=1048576000B, block_size=10485760B
[recovery] scanning files: 8
[recovery] file /tmp/walrus_sim_161803/sim_node/1700000000002
[reader] header checksum mismatch at offset=136 in file=/tmp/walrus_sim_161803/sim_node/1700000000002, block_id=1 (stored=0x0, computed=0x8ac123d6f7dce585)
[reader] chain append(slow/new): col=metrics, block_id=1, chain_len 0->1
[recovery] appended block: file=/tmp/walrus_sim_161803/sim_node/1700000000002, block_id=1, used=136, col=metrics, entries=1
[reader] header checksum mismatch at offset=228 in file=/tmp/walrus_sim_161803/sim_node/1700000000002, block_id=2 (stored=0x0, computed=0x8ac123d6f7dce585)
[reader] chain append(slow/new): col=logs, block_id=2, chain_len 0->1
[recovery] appended block: file=/tmp/walrus_sim_161803/sim_node/1700000000002, block_id=2, used=228, col=logs, entries=2
[recovery] file /tmp/walrus_sim_161803/sim_node/1700000005229
[reader] header checksum mismatch at offset=168 in file=/tmp/walrus_sim_161803/sim_node/1700000005229, block_id=3 (stored=0x0, computed=0x8ac123d6f7dce585)
[reader] chain append(fast): col=logs, block_id=3, chain_len 1->2
[recovery] appended block: file=/tmp/walrus_sim_161803/sim_node/1700000005229, block_id=3, used=168, col=logs, entries=1
[reader] header checksum mismatch at offset=92 in file=/tmp/walrus_sim_161803/sim_node/1700000005229, block_id=4 (stored=0x0, computed=0x8ac123d6f7dce585)
[reader] chain append(slow/new): col=orders, block_id=4, chain_len 0->1
[recovery] appended block: file=/tmp/walrus_sim_161803/sim_node/1700000005229, block_id=4, used=92, col=orders, entries=1
[recovery] file /tmp/walrus_sim_161803/sim_node/1700000010672
[reader] header checksum mismatch at offset=408 in file=/tmp/walrus_sim_161803/sim_node/1700000010672, block_id=5 (stored=0x77363697274, computed=0x941c0bc236027762)
[reader] chain append(fast): col=metrics, block_id=5, chain_len 1->2
[recovery] appended block: file=/tmp/walrus_sim_161803/sim_node/1700000010672, block_id=5, used=408, col=metrics, entries=3
[reader] header checksum mismatch at offset=277 in file=/tmp/walrus_sim_161803/sim_node/1700000010672, block_id=6 (stored=0x0, computed=0x8ac123d6f7dce585)
[reader] chain append(fast): col=logs, block_id=6, chain_len 2->3
[recovery] appended block: file=/tmp/walrus_sim_161803/sim_node/1700000010672, block_id=6, used=277, col=logs, entries=2
[reader] header checksum mismatch at offset=136 in file=/tmp/walrus_sim_161803/sim_node/1700000010672, block_id=7 (stored=0x0, computed=0x8ac123d6f7dce585)
[reader] chain append(slow/new): col=hard_state, block_id=7, chain_len 0->1
[recovery] appended block: file=/tmp/walrus_sim_161803/sim_node/1700000010672, block_id=7, used=136, col=hard_state, entries=1
[reader] trailer mismatch at offset=0 in file=/tmp/walrus_sim_161803/sim_node/1700000010672, block_id=8
[recovery] file /tmp/walrus_sim_161803/sim_node/1700000016150
[reader] header checksum mismatch at offset=139 in file=/tmp/walrus_sim_161803/sim_node/1700000016150, block_id=8 (stored=0x0, computed=0x8ac123d6f7dce585)
[reader] chain append(fast): col=orders, block_id=8, chain_len 1->2
[recovery] appended block: file=/tmp/walrus_sim_161803/sim_node/1700000016150, block_id=8, used=139, col=orders, entries=1
[reader] header checksum mismatch at offset=475 in file=/tmp/walrus_sim_161803/sim_node/1700000016150, block_id=9 (stored=0x0, computed=0x8ac123d6f7dce585)
[reader] chain append(fast): col=metrics, block_id=9, chain_len 2->3
[recovery] appended block: file=/tmp/walrus_sim_161803/sim_node/1700000016150, block_id=9, used=475, col=metrics, entries=3
[reader] header checksum mismatch at offset=93 in file=/tmp/walrus_sim_161803/sim_node/1700000016150, block_id=10 (stored=0x0, computed=0x8ac123d6f7dce585)
[reader] chain append(slow/new): col=log, block_id=10, chain_len 0->1
[recovery] appended block: file=/tmp/walrus_sim_161803/sim_node/1700000016150, block_id=10, used=93, col=log, entries=1
[reader] header checksum mismatch at offset=93 in file=/tmp/walrus_sim_161803/sim_node/1700000016150, block_id=11 (stored=0x0, computed=0x8ac123d6f7dce585)
[reader] chain append(slow/new): col=log_recovery, block_id=11, chain_len 0->1
[recovery] appended block: file=/tmp/walrus_sim_161803/sim_node/1700000016150, block_id=11, used=93, col=log_recovery, entries=1
[reader] trailer mismatch at offset=335 in file=/tmp/walrus_sim_161803/sim_node/1700000016150, block_id=12
[reader] chain append(fast): col=logs, block_id=12, chain_len 3->4
[recovery] appended block: file=/tmp/walrus_sim_161803/sim_node/1700000016150, block_id=12, used=335, col=logs, entries=2
[recovery] file /tmp/walrus_sim_161803/sim_node/1700000021780
[recovery] file /tmp/walrus_sim_161803/sim_node/1700000027386
[reader] header checksum mismatch at offset=132 in file=/tmp/walrus_sim_161803/sim_node/1700000027386, block_id=13 (stored=0x0, computed=0x8ac123d6f7dce585)
[reader] chain append(fast): col=logs, block_id=13, chain_len 4->5
[recovery] appended block: file=/tmp/walrus_sim_161803/sim_node/1700000027386, block_id=13, used=132, col=logs, entries=1
[reader] header checksum mismatch at offset=134 in file=/tmp/walrus_sim_161803/sim_node/1700000027386, block_id=14 (stored=0x0, computed=0x8ac123d6f7dce585)
[reader] chain append(fast): col=hard_state, block_id=14, chain_len 1->2
[recovery] appended block: file=/tmp/walrus_sim_161803/sim_node/1700000027386, block_id=14, used=134, col=hard_state, entries=1
[reader] trailer mismatch at offset=0 in file=/tmp/walrus_sim_161803/sim_node/1700000027386, block_id=15
[recovery] file /tmp/walrus_sim_161803/sim_node/1700000033210
[reader] header checksum mismatch at offset=501 in file=/tmp/walrus_sim_161803/sim_node/1700000033210, block_id=15 (stored=0x0, computed=0x8ac123d6f7dce585)
[reader] chain append(fast): col=logs, block_id=15, chain_len 5->6
[recovery] appended block: file=/tmp/walrus_sim_161803/sim_node/1700000033210, block_id=15, used=501, col=logs, entries=3
[reader] trailer mismatch at offset=587 in file=/tmp/walrus_sim_161803/sim_node/1700000033210, block_id=16
[reader] chain append(fast): col=metrics, block_id=16, chain_len 3->4
[recovery] appended block: file=/tmp/walrus_sim_161803/sim_node/1700000033210, block_id=16, used=587, col=metrics, entries=5
[reader] header checksum mismatch at offset=142 in file=/tmp/walrus_sim_161803/sim_node/1700000033210, block_id=17 (stored=0x0, computed=0x8ac123d6f7dce585)
[reader] chain append(fast): col=log, block_id=17, chain_len 1->2
[recovery] appended block: file=/tmp/walrus_sim_161803/sim_node/1700000033210, block_id=17, used=142, col=log, entries=1
[reader] header checksum mismatch at offset=142 in file=/tmp/walrus_sim_161803/sim_node/1700000033210, block_id=18 (stored=0x0, computed=0x8ac123d6f7dce585)
[reader] chain append(fast): col=log_recovery, block_id=18, chain_len 1->2
[recovery] appended block: file=/tmp/walrus_sim_161803/sim_node/1700000033210, block_id=18, used=142, col=log_recovery, entries=1
[reader] header checksum mismatch at offset=165 in file=/tmp/walrus_sim_161803/sim_node/1700000033210, block_id=19 (stored=0x0, computed=0x8ac123d6f7dce585)
[reader] chain append(fast): col=hard_state, block_id=19, chain_len 2->3
[recovery] appended block: file=/tmp/walrus_sim_161803/sim_node/1700000033210, block_id=19, used=165, col=hard_state, entries=1
[reader] trailer mismatch at offset=0 in file=/tmp/walrus_sim_161803/sim_node/1700000033210, block_id=20
[recovery] file /tmp/walrus_sim_161803/sim_node/1700000039371
[recovery] SUMMARY - entries recovered per topic:
[recovery]   metrics: 12 entries
[recovery]   logs: 11 entries
[recovery]   log: 2 entries
[recovery]   log_recovery: 2 entries
[recovery]   orders: 2 entries
[recovery]   hard_state: 3 entries
[recovery] CHAIN LENGTHS after recovery:
[recovery]   metrics: chain_len=4
[recovery]   hard_state: chain_len=3
[recovery]   log: chain_len=2
[recovery]   log_recovery: chain_len=2
[recovery]   orders: chain_len=2
[recovery]   logs: chain_len=6
[alloc] handout: block_id=1, file=/tmp/walrus_sim_161803/sim_node/1700000039371, offset=0, limit=10485760
[writer] wrote (uncommitted): col=logs, block_id=1, offset_before=0, bytes=170, offset_after=170
[writer] immediate fsync: col=logs, block_id=1
[alloc] handout: block_id=2, file=/tmp/walrus_sim_161803/sim_node/1700000039371, offset=10485760, limit=10485760
[writer] wrote (uncommitted): col=orders, block_id=2, offset_before=0, bytes=164, offset_after=164
[writer] immediate fsync: col=orders, block_id=2
[ORACLE] Recording write for orders[2] len=84
[reader] read_next start: col=log, chain_len=2, idx=0, offset=0
[reader] read_next: OK col=log, block_id=10, consumed=93, new_offset=93
[writer] wrote (uncommitted): col=logs, block_id=1, offset_before=170, bytes=126, offset_after=296
[writer] immediate fsync: col=logs, block_id=1
[writer] wrote (uncommitted): col=orders, block_id=2, offset_before=164, bytes=169, offset_after=333
[writer] immediate fsync: col=orders, block_id=2
[ORACLE] Recording write for orders[3] len=89
[alloc] handout: block_id=3, file=/tmp/walrus_sim_161803/sim_node/1700000039371, offset=20971520, limit=10485760
[writer] wrote (uncommitted): col=hard_state, block_id=3, offset_before=0, bytes=129, offset_after=129
[writer] immediate fsync: col=hard_state, block_id=3
[alloc] handout: block_id=4, file=/tmp/walrus_sim_161803/sim_node/1700000039371, offset=31457280, limit=10485760
[alloc] handout: block_id=5, file=/tmp/walrus_sim_161803/sim_node/1700000039371, offset=41943040, limit=10485760
[batch] START: col=metrics, entries=6, total_bytes=739
[batch] planning complete: 6 write operations across 1 blocks
[batch] SUCCESS (mmap): wrote 6 entries, 739 bytes to topic=metrics
[batch] released batch_writing flag
[batch] START: col=orders, entries=1, total_bytes=105
[batch] planning complete: 1 write operations across 1 blocks
[batch] fsync FAILED, leaving uncommitted: topic=orders
[batch] released batch_writing flag
[alloc] handout: block_id=6, file=/tmp/walrus_sim_161803/sim_node/1700000039371, offset=52428800, limit=10485760
[reader] read_next start: col=log_recovery, chain_len=2, idx=0, offset=0
[reader] read_next: OK col=log_recovery, block_id=11, consumed=93, new_offset=93
[CRASH] Simulating crash. orders has 4 entries in Oracle
[walrus] new
[alloc] init: created file=/tmp/walrus_sim_161803/sim_node/1700000045499, max_file_size=1048576000B, block_size=10485760B
[recovery] scanning files: 9
[recovery] file /tmp/walrus_sim_161803/sim_node/1700000000002
[reader] header checksum mismatch at offset=136 in file=/tmp/walrus_sim_161803/sim_node/1700000000002, block_id=1 (stored=0x0, computed=0x8ac123d6f7dce585)
[reader] chain append(slow/new): col=metrics, block_id=1, chain_len 0->1
[recovery] appended block: file=/tmp/walrus_sim_161803/sim_node/1700000000002, block_id=1, used=136, col=metrics, entries=1
[reader] header checksum mismatch at offset=228 in file=/tmp/walrus_sim_161803/sim_node/1700000000002, block_id=2 (stored=0x0, computed=0x8ac123d6f7dce585)
[reader] chain append(slow/new): col=logs, block_id=2, chain_len 0->1
[recovery] appended block: file=/tmp/walrus_sim_161803/sim_node/1700000000002, block_id=2, used=228, col=logs, entries=2
[recovery] file /tmp/walrus_sim_161803/sim_node/1700000005229
[reader] header checksum mismatch at offset=168 in file=/tmp/walrus_sim_161803/sim_node/1700000005229, block_id=3 (stored=0x0, computed=0x8ac123d6f7dce585)
[reader] chain append(fast): col=logs, block_id=3, chain_len 1->2
[recovery] appended block: file=/tmp/walrus_sim_161803/sim_node/1700000005229, block_id=3, used=168, col=logs, entries=1
[reader] header checksum mismatch at offset=92 in file=/tmp/walrus_sim_161803/sim_node/1700000005229, block_id=4 (stored=0x0, computed=0x8ac123d6f7dce585)
[reader] chain append(slow/new): col=orders, block_id=4, chain_len 0->1
[recovery] appended block: file=/tmp/walrus_sim_161803/sim_node/1700000005229, block_id=4, used=92, col=orders, entries=1
[recovery] file /tmp/walrus_sim_161803/sim_node/1700000010672
[reader] header checksum mismatch at offset=408 in file=/tmp/walrus_sim_161803/sim_node/1700000010672, block_id=5 (stored=0x77363697274, computed=0x941c0bc236027762)
[reader] chain append(fast): col=metrics, block_id=5, chain_len 1->2
[recovery] appended block: file=/tmp/walrus_sim_161803/sim_node/1700000010672, block_id=5, used=408, col=metrics, entries=3
[reader] header checksum mismatch at offset=277 in file=/tmp/walrus_sim_161803/sim_node/1700000010672, block_id=6 (stored=0x0, computed=0x8ac123d6f7dce585)
[reader] chain append(fast): col=logs, block_id=6, chain_len 2->3
[recovery] appended block: file=/tmp/walrus_sim_161803/sim_node/1700000010672, block_id=6, used=277, col=logs, entries=2
[reader] header checksum mismatch at offset=136 in file=/tmp/walrus_sim_161803/sim_node/1700000010672, block_id=7 (stored=0x0, computed=0x8ac123d6f7dce585)
[reader] chain append(slow/new): col=hard_state, block_id=7, chain_len 0->1
[recovery] appended block: file=/tmp/walrus_sim_161803/sim_node/1700000010672, block_id=7, used=136, col=hard_state, entries=1
[reader] trailer mismatch at offset=0 in file=/tmp/walrus_sim_161803/sim_node/1700000010672, block_id=8
[recovery] file /tmp/walrus_sim_161803/sim_node/1700000016150
[reader] header checksum mismatch at offset=139 in file=/tmp/walrus_sim_161803/sim_node/1700000016150, block_id=8 (stored=0x0, computed=0x8ac123d6f7dce585)
[reader] chain append(fast): col=orders, block_id=8, chain_len 1->2
[recovery] appended block: file=/tmp/walrus_sim_161803/sim_node/1700000016150, block_id=8, used=139, col=orders, entries=1
[reader] header checksum mismatch at offset=475 in file=/tmp/walrus_sim_161803/sim_node/1700000016150, block_id=9 (stored=0x0, computed=0x8ac123d6f7dce585)
[reader] chain append(fast): col=metrics, block_id=9, chain_len 2->3
[recovery] appended block: file=/tmp/walrus_sim_161803/sim_node/1700000016150, block_id=9, used=475, col=metrics, entries=3
[reader] header checksum mismatch at offset=93 in file=/tmp/walrus_sim_161803/sim_node/1700000016150, block_id=10 (stored=0x0, computed=0x8ac123d6f7dce585)
[reader] chain append(slow/new): col=log, block_id=10, chain_len 0->1
[recovery] appended block: file=/tmp/walrus_sim_161803/sim_node/1700000016150, block_id=10, used=93, col=log, entries=1
[reader] header checksum mismatch at offset=93 in file=/tmp/walrus_sim_161803/sim_node/1700000016150, block_id=11 (stored=0x0, computed=0x8ac123d6f7dce585)
[reader] chain append(slow/new): col=log_recovery, block_id=11, chain_len 0->1
[recovery] appended block: file=/tmp/walrus_sim_161803/sim_node/1700000016150, block_id=11, used=93, col=log_recovery, entries=1
[reader] trailer mismatch at offset=335 in file=/tmp/walrus_sim_161803/sim_node/1700000016150, block_id=12
[reader] chain append(fast): col=logs, block_id=12, chain_len 3->4
[recovery] appended block: file=/tmp/walrus_sim_161803/sim_node/1700000016150, block_id=12, used=335, col=logs, entries=2
[recovery] file /tmp/walrus_sim_161803/sim_node/1700000021780
[recovery] file /tmp/walrus_sim_161803/sim_node/1700000027386
[reader] header checksum mismatch at offset=132 in file=/tmp/walrus_sim_161803/sim_node/1700000027386, block_id=13 (stored=0x0, computed=0x8ac123d6f7dce585)
[reader] chain append(fast): col=logs, block_id=13, chain_len 4->5
[recovery] appended block: file=/tmp/walrus_sim_161803/sim_node/1700000027386, block_id=13, used=132, col=logs, entries=1
[reader] header checksum mismatch at offset=134 in file=/tmp/walrus_sim_161803/sim_node/1700000027386, block_id=14 (stored=0x0, computed=0x8ac123d6f7dce585)
[reader] chain append(fast): col=hard_state, block_id=14, chain_len 1->2
[recovery] appended block: file=/tmp/walrus_sim_161803/sim_node/1700000027386, block_id=14, used=134, col=hard_state, entries=1
[reader] trailer mismatch at offset=0 in file=/tmp/walrus_sim_161803/sim_node/1700000027386, block_id=15
[recovery] file /tmp/walrus_sim_161803/sim_node/1700000033210
[reader] header checksum mismatch at offset=501 in file=/tmp/walrus_sim_161803/sim_node/1700000033210, block_id=15 (stored=0x0, computed=0x8ac123d6f7dce585)
[reader] chain append(fast): col=logs, block_id=15, chain_len 5->6
[recovery] appended block: file=/tmp/walrus_sim_161803/sim_node/1700000033210, block_id=15, used=501, col=logs, entries=3
[reader] trailer mismatch at offset=587 in file=/tmp/walrus_sim_161803/sim_node/1700000033210, block_id=16
[reader] chain append(fast): col=metrics, block_id=16, chain_len 3->4
[recovery] appended block: file=/tmp/walrus_sim_161803/sim_node/1700000033210, block_id=16, used=587, col=metrics, entries=5
[reader] header checksum mismatch at offset=142 in file=/tmp/walrus_sim_161803/sim_node/1700000033210, block_id=17 (stored=0x0, computed=0x8ac123d6f7dce585)
[reader] chain append(fast): col=log, block_id=17, chain_len 1->2
[recovery] appended block: file=/tmp/walrus_sim_161803/sim_node/1700000033210, block_id=17, used=142, col=log, entries=1
[reader] header checksum mismatch at offset=142 in file=/tmp/walrus_sim_161803/sim_node/1700000033210, block_id=18 (stored=0x0, computed=0x8ac123d6f7dce585)
[reader] chain append(fast): col=log_recovery, block_id=18, chain_len 1->2
[recovery] appended block: file=/tmp/walrus_sim_161803/sim_node/1700000033210, block_id=18, used=142, col=log_recovery, entries=1
[reader] header checksum mismatch at offset=165 in file=/tmp/walrus_sim_161803/sim_node/1700000033210, block_id=19 (stored=0x0, computed=0x8ac123d6f7dce585)
[reader] chain append(fast): col=hard_state, block_id=19, chain_len 2->3
[recovery] appended block: file=/tmp/walrus_sim_161803/sim_node/1700000033210, block_id=19, used=165, col=hard_state, entries=1
[reader] trailer mismatch at offset=0 in file=/tmp/walrus_sim_161803/sim_node/1700000033210, block_id=20
[recovery] file /tmp/walrus_sim_161803/sim_node/1700000039371
[reader] header checksum mismatch at offset=296 in file=/tmp/walrus_sim_161803/sim_node/1700000039371, block_id=20 (stored=0x0, computed=0x8ac123d6f7dce585)
[reader] chain append(fast): col=logs, block_id=20, chain_len 6->7
[recovery] appended block: file=/tmp/walrus_sim_161803/sim_node/1700000039371, block_id=20, used=296, col=logs, entries=2
[reader] trailer mismatch at offset=333 in file=/tmp/walrus_sim_161803/sim_node/1700000039371, block_id=21
[reader] chain append(fast): col=orders, block_id=21, chain_len 2->3
[recovery] appended block: file=/tmp/walrus_sim_161803/sim_node/1700000039371, block_id=21, used=333, col=orders, entries=2
[reader] header checksum mismatch at offset=129 in file=/tmp/walrus_sim_161803/sim_node/1700000039371, block_id=22 (stored=0x0, computed=0x8ac123d6f7dce585)
[reader] chain append(fast): col=hard_state, block_id=22, chain_len 3->4
[recovery] appended block: file=/tmp/walrus_sim_161803/sim_node/1700000039371, block_id=22, used=129, col=hard_state, entries=1
[reader] header checksum mismatch at offset=739 in file=/tmp/walrus_sim_161803/sim_node/1700000039371, block_id=23 (stored=0x0, computed=0x8ac123d6f7dce585)
[reader] chain append(fast): col=metrics, block_id=23, chain_len 4->5
[recovery] appended block: file=/tmp/walrus_sim_161803/sim_node/1700000039371, block_id=23, used=739, col=metrics, entries=6
[recovery] file /tmp/walrus_sim_161803/sim_node/1700000045499
[recovery] SUMMARY - entries recovered per topic:
[recovery]   metrics: 18 entries
[recovery]   logs: 13 entries
[recovery]   hard_state: 4 entries
[recovery]   log: 2 entries
[recovery]   orders: 4 entries
[recovery]   log_recovery: 2 entries
[recovery] CHAIN LENGTHS after recovery:
[recovery]   logs: chain_len=7
[recovery]   hard_state: chain_len=4
[recovery]   log: chain_len=2
[recovery]   log_recovery: chain_len=2
[recovery]   orders: chain_len=3
[recovery]   metrics: chain_len=5
[alloc] handout: block_id=1, file=/tmp/walrus_sim_161803/sim_node/1700000045499, offset=0, limit=10485760
[writer] wrote (uncommitted): col=orders, block_id=1, offset_before=0, bytes=169, offset_after=169
[writer] immediate fsync: col=orders, block_id=1
[ORACLE] Recording write for orders[4] len=89
[writer] wrote (uncommitted): col=orders, block_id=1, offset_before=169, bytes=106, offset_after=275
[writer] fsync FAILED, leaving uncommitted: col=orders, block_id=1, offset=169
[alloc] handout: block_id=2, file=/tmp/walrus_sim_161803/sim_node/1700000045499, offset=10485760, limit=10485760
[batch] START: col=metrics, entries=17, total_bytes=2393
[batch] planning complete: 17 write operations across 1 blocks
[batch] released batch_writing flag
[reader] read_next start: col=logs, chain_len=7, idx=0, offset=0
[reader] read_next: OK col=logs, block_id=2, consumed=103, new_offset=103
[CRASH] Simulating crash. orders has 5 entries in Oracle
[walrus] new
[alloc] init: created file=/tmp/walrus_sim_161803/sim_node/1700000051741, max_file_size=1048576000B, block_size=10485760B
[recovery] scanning files: 10
[recovery] file /tmp/walrus_sim_161803/sim_node/1700000000002
[reader] header checksum mismatch at offset=136 in file=/tmp/walrus_sim_161803/sim_node/1700000000002, block_id=1 (stored=0x0, computed=0x8ac123d6f7dce585)
[reader] chain append(slow/new): col=metrics, block_id=1, chain_len 0->1
[recovery] appended block: file=/tmp/walrus_sim_161803/sim_node/1700000000002, block_id=1, used=136, col=metrics, entries=1
[reader] header checksum mismatch at offset=228 in file=/tmp/walrus_sim_161803/sim_node/1700000000002, block_id=2 (stored=0x0, computed=0x8ac123d6f7dce585)
[reader] chain append(slow/new): col=logs, block_id=2, chain_len 0->1
[recovery] appended block: file=/tmp/walrus_sim_161803/sim_node/1700000000002, block_id=2, used=228, col=logs, entries=2
[recovery] file /tmp/walrus_sim_161803/sim_node/1700000005229
[reader] header checksum mismatch at offset=168 in file=/tmp/walrus_sim_161803/sim_node/1700000005229, block_id=3 (stored=0x0, computed=0x8ac123d6f7dce585)
[reader] chain append(fast): col=logs, block_id=3, chain_len 1->2
[recovery] appended block: file=/tmp/walrus_sim_161803/sim_node/1700000005229, block_id=3, used=168, col=logs, entries=1
[reader] header checksum mismatch at offset=92 in file=/tmp/walrus_sim_161803/sim_node/1700000005229, block_id=4 (stored=0x0, computed=0x8ac123d6f7dce585)
[reader] chain append(slow/new): col=orders, block_id=4, chain_len 0->1
[recovery] appended block: file=/tmp/walrus_sim_161803/sim_node/1700000005229, block_id=4, used=92, col=orders, entries=1
[recovery] file /tmp/walrus_sim_161803/sim_node/1700000010672
[reader] header checksum mismatch at offset=408 in file=/tmp/walrus_sim_161803/sim_node/1700000010672, block_id=5 (stored=0x77363697274, computed=0x941c0bc236027762)
[reader] chain append(fast): col=metrics, block_id=5, chain_len 1->2
[recovery] appended block: file=/tmp/walrus_sim_161803/sim_node/1700000010672, block_id=5, used=408, col=metrics, entries=3
[reader] header checksum mismatch at offset=277 in file=/tmp/walrus_sim_161803/sim_node/1700000010672, block_id=6 (stored=0x0, computed=0x8ac123d6f7dce585)
[reader] chain append(fast): col=logs, block_id=6, chain_len 2->3
[recovery] appended block: file=/tmp/walrus_sim_161803/sim_node/1700000010672, block_id=6, used=277, col=logs, entries=2
[reader] header checksum mismatch at offset=136 in file=/tmp/walrus_sim_161803/sim_node/1700000010672, block_id=7 (stored=0x0, computed=0x8ac123d6f7dce585)
[reader] chain append(slow/new): col=hard_state, block_id=7, chain_len 0->1
[recovery] appended block: file=/tmp/walrus_sim_161803/sim_node/1700000010672, block_id=7, used=136, col=hard_state, entries=1
[reader] trailer mismatch at offset=0 in file=/tmp/walrus_sim_161803/sim_node/1700000010672, block_id=8
[recovery] file /tmp/walrus_sim_161803/sim_node/1700000016150
[reader] header checksum mismatch at offset=139 in file=/tmp/walrus_sim_161803/sim_node/1700000016150, block_id=8 (stored=0x0, computed=0x8ac123d6f7dce585)
[reader] chain append(fast): col=orders, block_id=8, chain_len 1->2
[recovery] appended block: file=/tmp/walrus_sim_161803/sim_node/1700000016150, block_id=8, used=139, col=orders, entries=1
[reader] header checksum mismatch at offset=475 in file=/tmp/walrus_sim_161803/sim_node/1700000016150, block_id=9 (stored=0x0, computed=0x8ac123d6f7dce585)
[reader] chain append(fast): col=metrics, block_id=9, chain_len 2->3
[recovery] appended block: file=/tmp/walrus_sim_161803/sim_node/1700000016150, block_id=9, used=475, col=metrics, entries=3
[reader] header checksum mismatch at offset=93 in file=/tmp/walrus_sim_161803/sim_node/1700000016150, block_id=10 (stored=0x0, computed=0x8ac123d6f7dce585)
[reader] chain append(slow/new): col=log, block_id=10, chain_len 0->1
[recovery] appended block: file=/tmp/walrus_sim_161803/sim_node/1700000016150, block_id=10, used=93, col=log, entries=1
[reader] header checksum mismatch at offset=93 in file=/tmp/walrus_sim_161803/sim_node/1700000016150, block_id=11 (stored=0x0, computed=0x8ac123d6f7dce585)
[reader] chain append(slow/new): col=log_recovery, block_id=11, chain_len 0->1
[recovery] appended block: file=/tmp/walrus_sim_161803/sim_node/1700000016150, block_id=11, used=93, col=log_recovery, entries=1
[reader] trailer mismatch at offset=335 in file=/tmp/walrus_sim_161803/sim_node/1700000016150, block_id=12
[reader] chain append(fast): col=logs, block_id=12, chain_len 3->4
[recovery] appended block: file=/tmp/walrus_sim_161803/sim_node/1700000016150, block_id=12, used=335, col=logs, entries=2
[recovery] file /tmp/walrus_sim_161803/sim_node/1700000021780
[recovery] file /tmp/walrus_sim_161803/sim_node/1700000027386
[reader] header checksum mismatch at offset=132 in file=/tmp/walrus_sim_161803/sim_node/1700000027386, block_id=13 (stored=0x0, computed=0x8ac123d6f7dce585)
[reader] chain append(fast): col=logs, block_id=13, chain_len 4->5
[recovery] appended block: file=/tmp/walrus_sim_161803/sim_node/1700000027386, block_id=13, used=132, col=logs, entries=1
[reader] header checksum mismatch at offset=134 in file=/tmp/walrus_sim_161803/sim_node/1700000027386, block_id=14 (stored=0x0, computed=0x8ac123d6f7dce585)
[reader] chain append(fast): col=hard_state, block_id=14, chain_len 1->2
[recovery] appended block: file=/tmp/walrus_sim_161803/sim_node/1700000027386, block_id=14, used=134, col=hard_state, entries=1
[reader] trailer mismatch at offset=0 in file=/tmp/walrus_sim_161803/sim_node/1700000027386, block_id=15
[recovery] file /tmp/walrus_sim_161803/sim_node/1700000033210
[reader] header checksum mismatch at offset=501 in file=/tmp/walrus_sim_161803/sim_node/1700000033210, block_id=15 (stored=0x0, computed=0x8ac123d6f7dce585)
[reader] chain append(fast): col=logs, block_id=15, chain_len 5->6
[recovery] appended block: file=/tmp/walrus_sim_161803/sim_node/1700000033210, block_id=15, used=501, col=logs, entries=3
[reader] trailer mismatch at offset=587 in file=/tmp/walrus_sim_161803/sim_node/1700000033210, block_id=16
[reader] chain append(fast): col=metrics, block_id=16, chain_len 3->4
[recovery] appended block: file=/tmp/walrus_sim_161803/sim_node/1700000033210, block_id=16, used=587, col=metrics, entries=5
[reader] header checksum mismatch at offset=142 in file=/tmp/walrus_sim_161803/sim_node/1700000033210, block_id=17 (stored=0x0, computed=0x8ac123d6f7dce585)
[reader] chain append(fast): col=log, block_id=17, chain_len 1->2
[recovery] appended block: file=/tmp/walrus_sim_161803/sim_node/1700000033210, block_id=17, used=142, col=log, entries=1
[reader] header checksum mismatch at offset=142 in file=/tmp/walrus_sim_161803/sim_node/1700000033210, block_id=18 (stored=0x0, computed=0x8ac123d6f7dce585)
[reader] chain append(fast): col=log_recovery, block_id=18, chain_len 1->2
[recovery] appended block: file=/tmp/walrus_sim_161803/sim_node/1700000033210, block_id=18, used=142, col=log_recovery, entries=1
[reader] header checksum mismatch at offset=165 in file=/tmp/walrus_sim_161803/sim_node/1700000033210, block_id=19 (stored=0x0, computed=0x8ac123d6f7dce585)
[reader] chain append(fast): col=hard_state, block_id=19, chain_len 2->3
[recovery] appended block: file=/tmp/walrus_sim_161803/sim_node/1700000033210, block_id=19, used=165, col=hard_state, entries=1
[reader] trailer mismatch at offset=0 in file=/tmp/walrus_sim_161803/sim_node/1700000033210, block_id=20
[recovery] file /tmp/walrus_sim_161803/sim_node/1700000039371
[reader] header checksum mismatch at offset=296 in file=/tmp/walrus_sim_161803/sim_node/1700000039371, block_id=20 (stored=0x0, computed=0x8ac123d6f7dce585)
[reader] chain append(fast): col=logs, block_id=20, chain_len 6->7
[recovery] appended block: file=/tmp/walrus_sim_161803/sim_node/1700000039371, block_id=20, used=296, col=logs, entries=2
[reader] trailer mismatch at offset=333 in file=/tmp/walrus_sim_161803/sim_node/1700000039371, block_id=21
[reader] chain append(fast): col=orders, block_id=21, chain_len 2->3
[recovery] appended block: file=/tmp/walrus_sim_161803/sim_node/1700000039371, block_id=21, used=333, col=orders, entries=2
[reader] header checksum mismatch at offset=129 in file=/tmp/walrus_sim_161803/sim_node/1700000039371, block_id=22 (stored=0x0, computed=0x8ac123d6f7dce585)
[reader] chain append(fast): col=hard_state, block_id=22, chain_len 3->4
[recovery] appended block: file=/tmp/walrus_sim_161803/sim_node/1700000039371, block_id=22, used=129, col=hard_state, entries=1
[reader] header checksum mismatch at offset=739 in file=/tmp/walrus_sim_161803/sim_node/1700000039371, block_id=23 (stored=0x0, computed=0x8ac123d6f7dce585)
[reader] chain append(fast): col=metrics, block_id=23, chain_len 4->5
[recovery] appended block: file=/tmp/walrus_sim_161803/sim_node/1700000039371, block_id=23, used=739, col=metrics, entries=6
[recovery] file /tmp/walrus_sim_161803/sim_node/1700000045499
[reader] trailer mismatch at offset=169 in file=/tmp/walrus_sim_161803/sim_node/1700000045499, block_id=24
[reader] chain append(fast): col=orders, block_id=24, chain_len 3->4
[recovery] appended block: file=/tmp/walrus_sim_161803/sim_node/1700000045499, block_id=24, used=169, col=orders, entries=1
[reader] trailer mismatch at offset=0 in file=/tmp/walrus_sim_161803/sim_node/1700000045499, block_id=25
[recovery] file /tmp/walrus_sim_161803/sim_node/1700000051741
[recovery] SUMMARY - entries recovered per topic:
[recovery]   log: 2 entries
[recovery]   orders: 5 entries
[recovery]   log_recovery: 2 entries
[recovery]   metrics: 18 entries
[recovery]   logs: 13 entries
[recovery]   hard_state: 4 entries
[recovery] CHAIN LENGTHS after recovery:
[recovery]   metrics: chain_len=5
[recovery]   log: chain_len=2
[recovery]   log_recovery: chain_len=2
[recovery]   logs: chain_len=7
[recovery]   hard_state: chain_len=4
[recovery]   orders: chain_len=4
[alloc] handout: block_id=1, file=/tmp/walrus_sim_161803/sim_node/1700000051741, offset=0, limit=10485760
[writer] wrote (uncommitted): col=orders, block_id=1, offset_before=0, bytes=177, offset_after=177
[writer] immediate fsync: col=orders, block_id=1
[ORACLE] Recording write for orders[5] len=97
[alloc] handout: block_id=2, file=/tmp/walrus_sim_161803/sim_node/1700000051741, offset=10485760, limit=10485760
[writer] wrote (uncommitted): col=logs, block_id=2, offset_before=0, bytes=178, offset_after=178
[writer] immediate fsync: col=logs, block_id=2
[reader] read_next start: col=log, chain_len=2, idx=0, offset=0
[reader] read_next: OK col=log, block_id=10, consumed=93, new_offset=93
[alloc] handout: block_id=3, file=/tmp/walrus_sim_161803/sim_node/1700000051741, offset=20971520, limit=10485760
[batch] START: col=metrics, entries=15, total_bytes=1943
[batch] planning complete: 15 write operations across 1 blocks
[batch] released batch_writing flag
[reader] read_next start: col=logs, chain_len=7, idx=0, offset=0
[reader] read_next: OK col=logs, block_id=2, consumed=103, new_offset=103
[CRASH] Simulating crash. orders has 6 entries in Oracle
[walrus] new
[alloc] init: created file=/tmp/walrus_sim_161803/sim_node/1700000058025, max_file_size=1048576000B, block_size=10485760B
[recovery] scanning files: 11
[recovery] file /tmp/walrus_sim_161803/sim_node/1700000000002
[reader] header checksum mismatch at offset=136 in file=/tmp/walrus_sim_161803/sim_node/1700000000002, block_id=1 (stored=0x0, computed=0x8ac123d6f7dce585)
[reader] chain append(slow/new): col=metrics, block_id=1, chain_len 0->1
[recovery] appended block: file=/tmp/walrus_sim_161803/sim_node/1700000000002, block_id=1, used=136, col=metrics, entries=1
[reader] header checksum mismatch at offset=228 in file=/tmp/walrus_sim_161803/sim_node/1700000000002, block_id=2 (stored=0x0, computed=0x8ac123d6f7dce585)
[reader] chain append(slow/new): col=logs, block_id=2, chain_len 0->1
[recovery] appended block: file=/tmp/walrus_sim_161803/sim_node/1700000000002, block_id=2, used=228, col=logs, entries=2
[recovery] file /tmp/walrus_sim_161803/sim_node/1700000005229
[reader] header checksum mismatch at offset=168 in file=/tmp/walrus_sim_161803/sim_node/1700000005229, block_id=3 (stored=0x0, computed=0x8ac123d6f7dce585)
[reader] chain append(fast): col=logs, block_id=3, chain_len 1->2
[recovery] appended block: file=/tmp/walrus_sim_161803/sim_node/1700000005229, block_id=3, used=168, col=logs, entries=1
[reader] header checksum mismatch at offset=92 in file=/tmp/walrus_sim_161803/sim_node/1700000005229, block_id=4 (stored=0x0, computed=0x8ac123d6f7dce585)
[reader] chain append(slow/new): col=orders, block_id=4, chain_len 0->1
[recovery] appended block: file=/tmp/walrus_sim_161803/sim_node/1700000005229, block_id=4, used=92, col=orders, entries=1
[recovery] file /tmp/walrus_sim_161803/sim_node/1700000010672
[reader] header checksum mismatch at offset=408 in file=/tmp/walrus_sim_161803/sim_node/1700000010672, block_id=5 (stored=0x77363697274, computed=0x941c0bc236027762)
[reader] chain append(fast): col=metrics, block_id=5, chain_len 1->2
[recovery] appended block: file=/tmp/walrus_sim_161803/sim_node/1700000010672, block_id=5, used=408, col=metrics, entries=3
[reader] header checksum mismatch at offset=277 in file=/tmp/walrus_sim_161803/sim_node/1700000010672, block_id=6 (stored=0x0, computed=0x8ac123d6f7dce585)
[reader] chain append(fast): col=logs, block_id=6, chain_len 2->3
[recovery] appended block: file=/tmp/walrus_sim_161803/sim_node/1700000010672, block_id=6, used=277, col=logs, entries=2
[reader] header checksum mismatch at offset=136 in file=/tmp/walrus_sim_161803/sim_node/1700000010672, block_id=7 (stored=0x0, computed=0x8ac123d6f7dce585)
[reader] chain append(slow/new): col=hard_state, block_id=7, chain_len 0->1
[recovery] appended block: file=/tmp/walrus_sim_161803/sim_node/1700000010672, block_id=7, used=136, col=hard_state, entries=1
[reader] trailer mismatch at offset=0 in file=/tmp/walrus_sim_161803/sim_node/1700000010672, block_id=8
[recovery] file /tmp/walrus_sim_161803/sim_node/1700000016150
[reader] header checksum mismatch at offset=139 in file=/tmp/walrus_sim_161803/sim_node/1700000016150, block_id=8 (stored=0x0, computed=0x8ac123d6f7dce585)
[reader] chain append(fast): col=orders, block_id=8, chain_len 1->2
[recovery] appended block: file=/tmp/walrus_sim_161803/sim_node/1700000016150, block_id=8, used=139, col=orders, entries=1
[reader] header checksum mismatch at offset=475 in file=/tmp/walrus_sim_161803/sim_node/1700000016150, block_id=9 (stored=0x0, computed=0x8ac123d6f7dce585)
[reader] chain append(fast): col=metrics, block_id=9, chain_len 2->3
[recovery] appended block: file=/tmp/walrus_sim_161803/sim_node/1700000016150, block_id=9, used=475, col=metrics, entries=3
[reader] header checksum mismatch at offset=93 in file=/tmp/walrus_sim_161803/sim_node/1700000016150, block_id=10 (stored=0x0, computed=0x8ac123d6f7dce585)
[reader] chain append(slow/new): col=log, block_id=10, chain_len 0->1
[recovery] appended block: file=/tmp/walrus_sim_161803/sim_node/1700000016150, block_id=10, used=93, col=log, entries=1
[reader] header checksum mismatch at offset=93 in file=/tmp/walrus_sim_161803/sim_node/1700000016150, block_id=11 (stored=0x0, computed=0x8ac123d6f7dce585)
[reader] chain append(slow/new): col=log_recovery, block_id=11, chain_len 0->1
[recovery] appended block: file=/tmp/walrus_sim_161803/sim_node/1700000016150, block_id=11, used=93, col=log_recovery, entries=1
[reader] trailer mismatch at offset=335 in file=/tmp/walrus_sim_161803/sim_node/1700000016150, block_id=12
[reader] chain append(fast): col=logs, block_id=12, chain_len 3->4
[recovery] appended block: file=/tmp/walrus_sim_161803/sim_node/1700000016150, block_id=12, used=335, col=logs, entries=2
[recovery] file /tmp/walrus_sim_161803/sim_node/1700000021780
[recovery] file /tmp/walrus_sim_161803/sim_node/1700000027386
[reader] header checksum mismatch at offset=132 in file=/tmp/walrus_sim_161803/sim_node/1700000027386, block_id=13 (stored=0x0, computed=0x8ac123d6f7dce585)
[reader] chain append(fast): col=logs, block_id=13, chain_len 4->5
[recovery] appended block: file=/tmp/walrus_sim_161803/sim_node/1700000027386, block_id=13, used=132, col=logs, entries=1
[reader] header checksum mismatch at offset=134 in file=/tmp/walrus_sim_161803/sim_node/1700000027386, block_id=14 (stored=0x0, computed=0x8ac123d6f7dce585)
[reader] chain append(fast): col=hard_state, block_id=14, chain_len 1->2
[recovery] appended block: file=/tmp/walrus_sim_161803/sim_node/1700000027386, block_id=14, used=134, col=hard_state, entries=1
[reader] trailer mismatch at offset=0 in file=/tmp/walrus_sim_161803/sim_node/1700000027386, block_id=15
[recovery] file /tmp/walrus_sim_161803/sim_node/1700000033210
[reader] header checksum mismatch at offset=501 in file=/tmp/walrus_sim_161803/sim_node/1700000033210, block_id=15 (stored=0x0, computed=0x8ac123d6f7dce585)
[reader] chain append(fast): col=logs, block_id=15, chain_len 5->6
[recovery] appended block: file=/tmp/walrus_sim_161803/sim_node/1700000033210, block_id=15, used=501, col=logs, entries=3
[reader] trailer mismatch at offset=587 in file=/tmp/walrus_sim_161803/sim_node/1700000033210, block_id=16
[reader] chain append(fast): col=metrics, block_id=16, chain_len 3->4
[recovery] appended block: file=/tmp/walrus_sim_161803/sim_node/1700000033210, block_id=16, used=587, col=metrics, entries=5
[reader] header checksum mismatch at offset=142 in file=/tmp/walrus_sim_161803/sim_node/1700000033210, block_id=17 (stored=0x0, computed=0x8ac123d6f7dce585)
[reader] chain append(fast): col=log, block_id=17, chain_len 1->2
[recovery] appended block: file=/tmp/walrus_sim_161803/sim_node/1700000033210, block_id=17, used=142, col=log, entries=1
[reader] header checksum mismatch at offset=142 in file=/tmp/walrus_sim_161803/sim_node/1700000033210, block_id=18 (stored=0x0, computed=0x8ac123d6f7dce585)
[reader] chain append(fast): col=log_recovery, block_id=18, chain_len 1->2
[recovery] appended block: file=/tmp/walrus_sim_161803/sim_node/1700000033210, block_id=18, used=142, col=log_recovery, entries=1
[reader] header checksum mismatch at offset=165 in file=/tmp/walrus_sim_161803/sim_node/1700000033210, block_id=19 (stored=0x0, computed=0x8ac123d6f7dce585)
[reader] chain append(fast): col=hard_state, block_id=19, chain_len 2->3
[recovery] appended block: file=/tmp/walrus_sim_161803/sim_node/1700000033210, block_id=19, used=165, col=hard_state, entries=1
[reader] trailer mismatch at offset=0 in file=/tmp/walrus_sim_161803/sim_node/1700000033210, block_id=20
[recovery] file /tmp/walrus_sim_161803/sim_node/1700000039371
[reader] header checksum mismatch at offset=296 in file=/tmp/walrus_sim_161803/sim_node/1700000039371, block_id=20 (stored=0x0, computed=0x8ac123d6f7dce585)
[reader] chain append(fast): col=logs, block_id=20, chain_len 6->7
[recovery] appended block: file=/tmp/walrus_sim_161803/sim_node/1700000039371, block_id=20, used=296, col=logs, entries=2
[reader] trailer mismatch at offset=333 in file=/tmp/walrus_sim_161803/sim_node/1700000039371, block_id=21
[reader] chain append(fast): col=orders, block_id=21, chain_len 2->3
[recovery] appended block: file=/tmp/walrus_sim_161803/sim_node/1700000039371, block_id=21, used=333, col=orders, entries=2
[reader] header checksum mismatch at offset=129 in file=/tmp/walrus_sim_161803/sim_node/1700000039371, block_id=22 (stored=0x0, computed=0x8ac123d6f7dce585)
[reader] chain append(fast): col=hard_state, block_id=22, chain_len 3->4
[recovery] appended block: file=/tmp/walrus_sim_161803/sim_node/1700000039371, block_id=22, used=129, col=hard_state, entries=1
[reader] header checksum mismatch at offset=739 in file=/tmp/walrus_sim_161803/sim_node/1700000039371, block_id=23 (stored=0x0, computed=0x8ac123d6f7dce585)
[reader] chain append(fast): col=metrics, block_id=23, chain_len 4->5
[recovery] appended block: file=/tmp/walrus_sim_161803/sim_node/1700000039371, block_id=23, used=739, col=metrics, entries=6
[recovery] file /tmp/walrus_sim_161803/sim_node/1700000045499
[reader] trailer mismatch at offset=169 in file=/tmp/walrus_sim_161803/sim_node/1700000045499, block_id=24
[reader] chain append(fast): col=orders, block_id=24, chain_len 3->4
[recovery] appended block: file=/tmp/walrus_sim_161803/sim_node/1700000045499, block_id=24, used=169, col=orders, entries=1
[reader] trailer mismatch at offset=0 in file=/tmp/walrus_sim_161803/sim_node/1700000045499, block_id=25
[recovery] file /tmp/walrus_sim_161803/sim_node/1700000051741
[reader] header checksum mismatch at offset=177 in file=/tmp/walrus_sim_161803/sim_node/1700000051741, block_id=25 (stored=0x0, computed=0x8ac123d6f7dce585)
[reader] chain append(fast): col=orders, block_id=25, chain_len 4->5
[recovery] appended block: file=/tmp/walrus_sim_161803/sim_node/1700000051741, block_id=25, used=177, col=orders, entries=1
[reader] header checksum mismatch at offset=178 in file=/tmp/walrus_sim_161803/sim_node/1700000051741, block_id=26 (stored=0x0, computed=0x8ac123d6f7dce585)
[reader] chain append(fast): col=logs, block_id=26, chain_len 7->8
[recovery] appended block: file=/tmp/walrus_sim_161803/sim_node/1700000051741, block_id=26, used=178, col=logs, entries=1
[reader] trailer mismatch at offset=0 in file=/tmp/walrus_sim_161803/sim_node/1700000051741, block_id=27
[recovery] file /tmp/walrus_sim_161803/sim_node/1700000058025
[recovery] SUMMARY - entries recovered per topic:
[recovery]   log: 2 entries
[recovery]   hard_state: 4 entries
[recovery]   logs: 14 entries
[recovery]   orders: 6 entries
[recovery]   log_recovery: 2 entries
[recovery]   metrics: 18 entries
[recovery] CHAIN LENGTHS after recovery:
[recovery]   metrics: chain_len=5
[recovery]   hard_state: chain_len=4
[recovery]   log: chain_len=2
[recovery]   orders: chain_len=5
[recovery]   logs: chain_len=8
[recovery]   log_recovery: chain_len=2
[alloc] handout: block_id=1, file=/tmp/walrus_sim_161803/sim_node/1700000058025, offset=0, limit=10485760
[writer] wrote (uncommitted): col=log, block_id=1, offset_before=0, bytes=111, offset_after=111
[writer] immediate fsync: col=log, block_id=1
[alloc] handout: block_id=2, file=/tmp/walrus_sim_161803/sim_node/1700000058025, offset=10485760, limit=10485760
[writer] wrote (uncommitted): col=log_recovery, block_id=2, offset_before=0, bytes=111, offset_after=111
[writer] immediate fsync: col=log_recovery, block_id=2
[reader] read_next start: col=hard_state, chain_len=4, idx=0, offset=0
[reader] read_next: OK col=hard_state, block_id=7, consumed=136, new_offset=136
[alloc] handout: block_id=3, file=/tmp/walrus_sim_161803/sim_node/1700000058025, offset=20971520, limit=10485760
[writer] wrote (uncommitted): col=orders, block_id=3, offset_before=0, bytes=160, offset_after=160
[writer] immediate fsync: col=orders, block_id=3
[ORACLE] Recording write for orders[6] len=80
[reader] read_next start: col=logs, chain_len=8, idx=0, offset=0
[reader] read_next: OK col=logs, block_id=2, consumed=103, new_offset=103
[alloc] handout: block_id=4, file=/tmp/walrus_sim_161803/sim_node/1700000058025, offset=31457280, limit=10485760
[writer] wrote (uncommitted): col=metrics, block_id=4, offset_before=0, bytes=148, offset_after=148
[writer] immediate fsync: col=metrics, block_id=4
[writer] wrote (uncommitted): col=metrics, block_id=4, offset_before=148, bytes=98, offset_after=246
[writer] immediate fsync: col=metrics, block_id=4
[alloc] handout: block_id=5, file=/tmp/walrus_sim_161803/sim_node/1700000058025, offset=41943040, limit=10485760
[writer] wrote (uncommitted): col=logs, block_id=5, offset_before=0, bytes=167, offset_after=167
[writer] immediate fsync: col=logs, block_id=5
[writer] wrote (uncommitted): col=metrics, block_id=4, offset_before=246, bytes=117, offset_after=363
[writer] immediate fsync: col=metrics, block_id=4
[writer] wrote (uncommitted): col=orders, block_id=3, offset_before=160, bytes=179, offset_after=339
[writer] immediate fsync: col=orders, block_id=3
[ORACLE] Recording write for orders[7] len=99
[reader] read_next start: col=metrics, chain_len=5, idx=0, offset=0
[reader] read_next: OK col=metrics, block_id=1, consumed=136, new_offset=136
[reader] read_next start: col=hard_state_recovery, chain_len=0, idx=0, offset=0
[reader] read_next start: col=hard_state_recovery, chain_len=0, idx=0, offset=0
[alloc] handout: block_id=6, file=/tmp/walrus_sim_161803/sim_node/1700000058025, offset=52428800, limit=10485760
[writer] wrote (uncommitted): col=hard_state, block_id=6, offset_before=0, bytes=130, offset_after=130
[writer] immediate fsync: col=hard_state, block_id=6
[alloc] handout: block_id=7, file=/tmp/walrus_sim_161803/sim_node/1700000058025, offset=62914560, limit=10485760
[CRASH] Simulating crash. orders has 8 entries in Oracle
[walrus] new
[alloc] init: created file=/tmp/walrus_sim_161803/sim_node/1700000064625, max_file_size=1048576000B, block_size=10485760B
[recovery] scanning files: 12
[recovery] file /tmp/walrus_sim_161803/sim_node/1700000000002
[reader] header checksum mismatch at offset=136 in file=/tmp/walrus_sim_161803/sim_node/1700000000002, block_id=1 (stored=0x0, computed=0x8ac123d6f7dce585)
[reader] chain append(slow/new): col=metrics, block_id=1, chain_len 0->1
[recovery] appended block: file=/tmp/walrus_sim_161803/sim_node/1700000000002, block_id=1, used=136, col=metrics, entries=1
[reader] header checksum mismatch at offset=228 in file=/tmp/walrus_sim_161803/sim_node/1700000000002, block_id=2 (stored=0x0, computed=0x8ac123d6f7dce585)
[reader] chain append(slow/new): col=logs, block_id=2, chain_len 0->1
[recovery] appended block: file=/tmp/walrus_sim_161803/sim_node/1700000000002, block_id=2, used=228, col=logs, entries=2
[recovery] file /tmp/walrus_sim_161803/sim_node/1700000005229
[reader] header checksum mismatch at offset=168 in file=/tmp/walrus_sim_161803/sim_node/1700000005229, block_id=3 (stored=0x0, computed=0x8ac123d6f7dce585)
[reader] chain append(fast): col=logs, block_id=3, chain_len 1->2
[recovery] appended block: file=/tmp/walrus_sim_161803/sim_node/1700000005229, block_id=3, used=168, col=logs, entries=1
[reader] header checksum mismatch at offset=92 in file=/tmp/walrus_sim_161803/sim_node/1700000005229, block_id=4 (stored=0x0, computed=0x8ac123d6f7dce585)
[reader] chain append(slow/new): col=orders, block_id=4, chain_len 0->1
[recovery] appended block: file=/tmp/walrus_sim_161803/sim_node/1700000005229, block_id=4, used=92, col=orders, entries=1
[recovery] file /tmp/walrus_sim_161803/sim_node/1700000010672
[reader] header checksum mismatch at offset=408 in file=/tmp/walrus_sim_161803/sim_node/1700000010672, block_id=5 (stored=0x77363697274, computed=0x941c0bc236027762)
[reader] chain append(fast): col=metrics, block_id=5, chain_len 1->2
[recovery] appended block: file=/tmp/walrus_sim_161803/sim_node/1700000010672, block_id=5, used=408, col=metrics, entries=3
[reader] header checksum mismatch at offset=277 in file=/tmp/walrus_sim_161803/sim_node/1700000010672, block_id=6 (stored=0x0, computed=0x8ac123d6f7dce585)
[reader] chain append(fast): col=logs, block_id=6, chain_len 2->3
[recovery] appended block: file=/tmp/walrus_sim_161803/sim_node/1700000010672, block_id=6, used=277, col=logs, entries=2
[reader] header checksum mismatch at offset=136 in file=/tmp/walrus_sim_161803/sim_node/1700000010672, block_id=7 (stored=0x0, computed=0x8ac123d6f7dce585)
[reader] chain append(slow/new): col=hard_state, block_id=7, chain_len 0->1
[recovery] appended block: file=/tmp/walrus_sim_161803/sim_node/1700000010672, block_id=7, used=136, col=hard_state, entries=1
[reader] trailer mismatch at offset=0 in file=/tmp/walrus_sim_161803/sim_node/1700000010672, block_id=8
[recovery] file /tmp/walrus_sim_161803/sim_node/1700000016150
[reader] header checksum mismatch at offset=139 in file=/tmp/walrus_sim_161803/sim_node/1700000016150, block_id=8 (stored=0x0, computed=0x8ac123d6f7dce585)
[reader] chain append(fast): col=orders, block_id=8, chain_len 1->2
[recovery] appended block: file=/tmp/walrus_sim_161803/sim_node/1700000016150, block_id=8, used=139, col=orders, entries=1
[reader] header checksum mismatch at offset=475 in file=/tmp/walrus_sim_161803/sim_node/1700000016150, block_id=9 (stored=0x0, computed=0x8ac123d6f7dce585)
[reader] chain append(fast): col=metrics, block_id=9, chain_len 2->3
[recovery] appended block: file=/tmp/walrus_sim_161803/sim_node/1700000016150, block_id=9, used=475, col=metrics, entries=3
[reader] header checksum mismatch at offset=93 in file=/tmp/walrus_sim_161803/sim_node/1700000016150, block_id=10 (stored=0x0, computed=0x8ac123d6f7dce585)
[reader] chain append(slow/new): col=log, block_id=10, chain_len 0->1
[recovery] appended block: file=/tmp/walrus_sim_161803/sim_node/1700000016150, block_id=10, used=93, col=log, entries=1
[reader] header checksum mismatch at offset=93 in file=/tmp/walrus_sim_161803/sim_node/1700000016150, block_id=11 (stored=0x0, computed=0x8ac123d6f7dce585)
[reader] chain append(slow/new): col=log_recovery, block_id=11, chain_len 0->1
[recovery] appended block: file=/tmp/walrus_sim_161803/sim_node/1700000016150, block_id=11, used=93, col=log_recovery, entries=1
[reader] trailer mismatch at offset=335 in file=/tmp/walrus_sim_161803/sim_node/1700000016150, block_id=12
[reader] chain append(fast): col=logs, block_id=12, chain_len 3->4
[recovery] appended block: file=/tmp/walrus_sim_161803/sim_node/1700000016150, block_id=12, used=335, col=logs, entries=2
[recovery] file /tmp/walrus_sim_161803/sim_node/1700000021780
[recovery] file /tmp/walrus_sim_161803/sim_node/1700000027386
[reader] header checksum mismatch at offset=132 in file=/tmp/walrus_sim_161803/sim_node/1700000027386, block_id=13 (stored=0x0, computed=0x8ac123d6f7dce585)
[reader] chain append(fast): col=logs, block_id=13, chain_len 4->5
[recovery] appended block: file=/tmp/walrus_sim_161803/sim_node/1700000027386, block_id=13, used=132, col=logs, entries=1
[reader] header checksum mismatch at offset=134 in file=/tmp/walrus_sim_161803/sim_node/1700000027386, block_id=14 (stored=0x0, computed=0x8ac123d6f7dce585)
[reader] chain append(fast): col=hard_state, block_id=14, chain_len 1->2
[recovery] appended block: file=/tmp/walrus_sim_161803/sim_node/1700000027386, block_id=14, used=134, col=hard_state, entries=1
[reader] trailer mismatch at offset=0 in file=/tmp/walrus_sim_161803/sim_node/1700000027386, block_id=15
[recovery] file /tmp/walrus_sim_161803/sim_node/1700000033210
[reader] header checksum mismatch at offset=501 in file=/tmp/walrus_sim_161803/sim_node/1700000033210, block_id=15 (stored=0x0, computed=0x8ac123d6f7dce585)
[reader] chain append(fast): col=logs, block_id=15, chain_len 5->6
[recovery] appended block: file=/tmp/walrus_sim_161803/sim_node/1700000033210, block_id=15, used=501, col=logs, entries=3
[reader] trailer mismatch at offset=587 in file=/tmp/walrus_sim_161803/sim_node/1700000033210, block_id=16
[reader] chain append(fast): col=metrics, block_id=16, chain_len 3->4
[recovery] appended block: file=/tmp/walrus_sim_161803/sim_node/1700000033210, block_id=16, used=587, col=metrics, entries=5
[reader] header checksum mismatch at offset=142 in file=/tmp/walrus_sim_161803/sim_node/1700000033210, block_id=17 (stored=0x0, computed=0x8ac123d6f7dce585)
[reader] chain append(fast): col=log, block_id=17, chain_len 1->2
[recovery] appended block: file=/tmp/walrus_sim_161803/sim_node/1700000033210, block_id=17, used=142, col=log, entries=1
[reader] header checksum mismatch at offset=142 in file=/tmp/walrus_sim_161803/sim_node/1700000033210, block_id=18 (stored=0x0, computed=0x8ac123d6f7dce585)
[reader] chain append(fast): col=log_recovery, block_id=18, chain_len 1->2
[recovery] appended block: file=/tmp/walrus_sim_161803/sim_node/1700000033210, block_id=18, used=142, col=log_recovery, entries=1
[reader] header checksum mismatch at offset=165 in file=/tmp/walrus_sim_161803/sim_node/1700000033210, block_id=19 (stored=0x0, computed=0x8ac123d6f7dce585)
[reader] chain append(fast): col=hard_state, block_id=19, chain_len 2->3
[recovery] appended block: file=/tmp/walrus_sim_161803/sim_node/1700000033210, block_id=19, used=165, col=hard_state, entries=1
[reader] trailer mismatch at offset=0 in file=/tmp/walrus_sim_161803/sim_node/1700000033210, block_id=20
[recovery] file /tmp/walrus_sim_161803/sim_node/1700000039371
[reader] header checksum mismatch at offset=296 in file=/tmp/walrus_sim_161803/sim_node/1700000039371, block_id=20 (stored=0x0, computed=0x8ac123d6f7dce585)
[reader] chain append(fast): col=logs, block_id=20, chain_len 6->7
[recovery] appended block: file=/tmp/walrus_sim_161803/sim_node/1700000039371, block_id=20, used=296, col=logs, entries=2
[reader] trailer mismatch at offset=333 in file=/tmp/walrus_sim_161803/sim_node/1700000039371, block_id=21
[reader] chain append(fast): col=orders, block_id=21, chain_len 2->3
[recovery] appended block: file=/tmp/walrus_sim_161803/sim_node/1700000039371, block_id=21, used=333, col=orders, entries=2
[reader] header checksum mismatch at offset=129 in file=/tmp/walrus_sim_161803/sim_node/1700000039371, block_id=22 (stored=0x0, computed=0x8ac123d6f7dce585)
[reader] chain append(fast): col=hard_state, block_id=22, chain_len 3->4
[recovery] appended block: file=/tmp/walrus_sim_161803/sim_node/1700000039371, block_id=22, used=129, col=hard_state, entries=1
[reader] header checksum mismatch at offset=739 in file=/tmp/walrus_sim_161803/sim_node/1700000039371, block_id=23 (stored=0x0, computed=0x8ac123d6f7dce585)
[reader] chain append(fast): col=metrics, block_id=23, chain_len 4->5
[recovery] appended block: file=/tmp/walrus_sim_161803/sim_node/1700000039371, block_id=23, used=739, col=metrics, entries=6
[recovery] file /tmp/walrus_sim_161803/sim_node/1700000045499
[reader] trailer mismatch at offset=169 in file=/tmp/walrus_sim_161803/sim_node/1700000045499, block_id=24
[reader] chain append(fast): col=orders, block_id=24, chain_len 3->4
[recovery] appended block: file=/tmp/walrus_sim_161803/sim_node/1700000045499, block_id=24, used=169, col=orders, entries=1
[reader] trailer mismatch at offset=0 in file=/tmp/walrus_sim_161803/sim_node/1700000045499, block_id=25
[recovery] file /tmp/walrus_sim_161803/sim_node/1700000051741
[reader] header checksum mismatch at offset=177 in file=/tmp/walrus_sim_161803/sim_node/1700000051741, block_id=25 (stored=0x0, computed=0x8ac123d6f7dce585)
[reader] chain append(fast): col=orders, block_id=25, chain_len 4->5
[recovery] appended block: file=/tmp/walrus_sim_161803/sim_node/1700000051741, block_id=25, used=177, col=orders, entries=1
[reader] header checksum mismatch at offset=178 in file=/tmp/walrus_sim_161803/sim_node/1700000051741, block_id=26 (stored=0x0, computed=0x8ac123d6f7dce585)
[reader] chain append(fast): col=logs, block_id=26, chain_len 7->8
[recovery] appended block: file=/tmp/walrus_sim_161803/sim_node/1700000051741, block_id=26, used=178, col=logs, entries=1
[reader] trailer mismatch at offset=0 in file=/tmp/walrus_sim_161803/sim_node/1700000051741, block_id=27
[recovery] file /tmp/walrus_sim_161803/sim_node/1700000058025
[reader] header checksum mismatch at offset=111 in file=/tmp/walrus_sim_161803/sim_node/1700000058025, block_id=27 (stored=0x0, computed=0x8ac123d6f7dce585)
[reader] chain append(fast): col=log, block_id=27, chain_len 2->3
[recovery] appended block: file=/tmp/walrus_sim_161803/sim_node/1700000058025, block_id=27, used=111, col=log, entries=1
[reader] header checksum mismatch at offset=111 in file=/tmp/walrus_sim_161803/sim_node/1700000058025, block_id=28 (stored=0x0, computed=0x8ac123d6f7dce585)
[reader] chain append(fast): col=log_recovery, block_id=28, chain_len 2->3
[recovery] appended block: file=/tmp/walrus_sim_161803/sim_node/1700000058025, block_id=28, used=111, col=log_recovery, entries=1
[reader] header checksum mismatch at offset=339 in file=/tmp/walrus_sim_161803/sim_node/1700000058025, block_id=29 (stored=0x0, computed=0x8ac123d6f7dce585)
[reader] chain append(fast): col=orders, block_id=29, chain_len 5->6
[recovery] appended block: file=/tmp/walrus_sim_161803/sim_node/1700000058025, block_id=29, used=339, col=orders, entries=2
[reader] header checksum mismatch at offset=363 in file=/tmp/walrus_sim_161803/sim_node/1700000058025, block_id=30 (stored=0x0, computed=0x8ac123d6f7dce585)
[reader] chain append(fast): col=metrics, block_id=30, chain_len 5->6
[recovery] appended block: file=/tmp/walrus_sim_161803/sim_node/1700000058025, block_id=30, used=363, col=metrics, entries=3
[reader] header checksum mismatch at offset=167 in file=/tmp/walrus_sim_161803/sim_node/1700000058025, block_id=31 (stored=0x0, computed=0x8ac123d6f7dce585)
[reader] chain append(fast): col=logs, block_id=31, chain_len 8->9
[recovery] appended block: file=/tmp/walrus_sim_161803/sim_node/1700000058025, block_id=31, used=167, col=logs, entries=1
[reader] header checksum mismatch at offset=130 in file=/tmp/walrus_sim_161803/sim_node/1700000058025, block_id=32 (stored=0x0, computed=0x8ac123d6f7dce585)
[reader] chain append(fast): col=hard_state, block_id=32, chain_len 4->5
[recovery] appended block: file=/tmp/walrus_sim_161803/sim_node/1700000058025, block_id=32, used=130, col=hard_state, entries=1
[recovery] file /tmp/walrus_sim_161803/sim_node/1700000064625
[recovery] SUMMARY - entries recovered per topic:
[recovery]   logs: 15 entries
[recovery]   hard_state: 5 entries
[recovery]   metrics: 21 entries
[recovery]   log_recovery: 3 entries
[recovery]   log: 3 entries
[recovery]   orders: 8 entries
[recovery] CHAIN LENGTHS after recovery:
[recovery]   log: chain_len=3
[recovery]   logs: chain_len=9
[recovery]   log_recovery: chain_len=3
[recovery]   hard_state: chain_len=5
[recovery]   orders: chain_len=6
[recovery]   metrics: chain_len=6
[alloc] handout: block_id=1, file=/tmp/walrus_sim_161803/sim_node/1700000064625, offset=0, limit=10485760
[batch] START: col=orders, entries=12, total_bytes=1644
[batch] planning complete: 12 write operations across 1 blocks
[batch] released batch_writing flag
[alloc] handout: block_id=2, file=/tmp/walrus_sim_161803/sim_node/1700000064625, offset=10485760, limit=10485760
[writer] wrote (uncommitted): col=hard_state, block_id=2, offset_before=0, bytes=101, offset_after=101
[writer] immediate fsync: col=hard_state, block_id=2
[alloc] handout: block_id=3, file=/tmp/walrus_sim_161803/sim_node/1700000064625, offset=20971520, limit=10485760
[CRASH] Simulating crash. orders has 8 entries in Oracle
[walrus] new
[alloc] init: created file=/tmp/walrus_sim_161803/sim_node/1700000071242, max_file_size=1048576000B, block_size=10485760B
[recovery] scanning files: 13
[recovery] file /tmp/walrus_sim_161803/sim_node/1700000000002
[reader] header checksum mismatch at offset=136 in file=/tmp/walrus_sim_161803/sim_node/1700000000002, block_id=1 (stored=0x0, computed=0x8ac123d6f7dce585)
[reader] chain append(slow/new): col=metrics, block_id=1, chain_len 0->1
[recovery] appended block: file=/tmp/walrus_sim_161803/sim_node/1700000000002, block_id=1, used=136, col=metrics, entries=1
[reader] header checksum mismatch at offset=228 in file=/tmp/walrus_sim_161803/sim_node/1700000000002, block_id=2 (stored=0x0, computed=0x8ac123d6f7dce585)
[reader] chain append(slow/new): col=logs, block_id=2, chain_len 0->1
[recovery] appended block: file=/tmp/walrus_sim_161803/sim_node/1700000000002, block_id=2, used=228, col=logs, entries=2
[recovery] file /tmp/walrus_sim_161803/sim_node/1700000005229
[reader] header checksum mismatch at offset=168 in file=/tmp/walrus_sim_161803/sim_node/1700000005229, block_id=3 (stored=0x0, computed=0x8ac123d6f7dce585)
[reader] chain append(fast): col=logs, block_id=3, chain_len 1->2
[recovery] appended block: file=/tmp/walrus_sim_161803/sim_node/1700000005229, block_id=3, used=168, col=logs, entries=1
[reader] header checksum mismatch at offset=92 in file=/tmp/walrus_sim_161803/sim_node/1700000005229, block_id=4 (stored=0x0, computed=0x8ac123d6f7dce585)
[reader] chain append(slow/new): col=orders, block_id=4, chain_len 0->1
[recovery] appended block: file=/tmp/walrus_sim_161803/sim_node/1700000005229, block_id=4, used=92, col=orders, entries=1
[recovery] file /tmp/walrus_sim_161803/sim_node/1700000010672
[reader] header checksum mismatch at offset=408 in file=/tmp/walrus_sim_161803/sim_node/1700000010672, block_id=5 (stored=0x77363697274, computed=0x941c0bc236027762)
[reader] chain append(fast): col=metrics, block_id=5, chain_len 1->2
[recovery] appended block: file=/tmp/walrus_sim_161803/sim_node/1700000010672, block_id=5, used=408, col=metrics, entries=3
[reader] header checksum mismatch at offset=277 in file=/tmp/walrus_sim_161803/sim_node/1700000010672, block_id=6 (stored=0x0, computed=0x8ac123d6f7dce585)
[reader] chain append(fast): col=logs, block_id=6, chain_len 2->3
[recovery] appended block: file=/tmp/walrus_sim_161803/sim_node/1700000010672, block_id=6, used=277, col=logs, entries=2
[reader] header checksum mismatch at offset=136 in file=/tmp/walrus_sim_161803/sim_node/1700000010672, block_id=7 (stored=0x0, computed=0x8ac123d6f7dce585)
[reader] chain append(slow/new): col=hard_state, block_id=7, chain_len 0->1
[recovery] appended block: file=/tmp/walrus_sim_161803/sim_node/1700000010672, block_id=7, used=136, col=hard_state, entries=1
[reader] trailer mismatch at offset=0 in file=/tmp/walrus_sim_161803/sim_node/1700000010672, block_id=8
[recovery] file /tmp/walrus_sim_161803/sim_node/1700000016150
[reader] header checksum mismatch at offset=139 in file=/tmp/walrus_sim_161803/sim_node/1700000016150, block_id=8 (stored=0x0, computed=0x8ac123d6f7dce585)
[reader] chain append(fast): col=orders, block_id=8, chain_len 1->2
[recovery] appended block: file=/tmp/walrus_sim_161803/sim_node/1700000016150, block_id=8, used=139, col=orders, entries=1
[reader] header checksum mismatch at offset=475 in file=/tmp/walrus_sim_161803/sim_node/1700000016150, block_id=9 (stored=0x0, computed=0x8ac123d6f7dce585)
[reader] chain append(fast): col=metrics, block_id=9, chain_len 2->3
[recovery] appended block: file=/tmp/walrus_sim_161803/sim_node/1700000016150, block_id=9, used=475, col=metrics, entries=3
[reader] header checksum mismatch at offset=93 in file=/tmp/walrus_sim_161803/sim_node/1700000016150, block_id=10 (stored=0x0, computed=0x8ac123d6f7dce585)
[reader] chain append(slow/new): col=log, block_id=10, chain_len 0->1
[recovery] appended block: file=/tmp/walrus_sim_161803/sim_node/1700000016150, block_id=10, used=93, col=log, entries=1
[reader] header checksum mismatch at offset=93 in file=/tmp/walrus_sim_161803/sim_node/1700000016150, block_id=11 (stored=0x0, computed=0x8ac123d6f7dce585)
[reader] chain append(slow/new): col=log_recovery, block_id=11, chain_len 0->1
[recovery] appended block: file=/tmp/walrus_sim_161803/sim_node/1700000016150, block_id=11, used=93, col=log_recovery, entries=1
[reader] trailer mismatch at offset=335 in file=/tmp/walrus_sim_161803/sim_node/1700000016150, block_id=12
[reader] chain append(fast): col=logs, block_id=12, chain_len 3->4
[recovery] appended block: file=/tmp/walrus_sim_161803/sim_node/1700000016150, block_id=12, used=335, col=logs, entries=2
[recovery] file /tmp/walrus_sim_161803/sim_node/1700000021780
[recovery] file /tmp/walrus_sim_161803/sim_node/1700000027386
[reader] header checksum mismatch at offset=132 in file=/tmp/walrus_sim_161803/sim_node/1700000027386, block_id=13 (stored=0x0, computed=0x8ac123d6f7dce585)
[reader] chain append(fast): col=logs, block_id=13, chain_len 4->5
[recovery] appended block: file=/tmp/walrus_sim_161803/sim_node/1700000027386, block_id=13, used=132, col=logs, entries=1
[reader] header checksum mismatch at offset=134 in file=/tmp/walrus_sim_161803/sim_node/1700000027386, block_id=14 (stored=0x0, computed=0x8ac123d6f7dce585)
[reader] chain append(fast): col=hard_state, block_id=14, chain_len 1->2
[recovery] appended block: file=/tmp/walrus_sim_161803/sim_node/1700000027386, block_id=14, used=134, col=hard_state, entries=1
[reader] trailer mismatch at offset=0 in file=/tmp/walrus_sim_161803/sim_node/1700000027386, block_id=15
[recovery] file /tmp/walrus_sim_161803/sim_node/1700000033210
[reader] header checksum mismatch at offset=501 in file=/tmp/walrus_sim_161803/sim_node/1700000033210, block_id=15 (stored=0x0, computed=0x8ac123d6f7dce585)
[reader] chain append(fast): col=logs, block_id=15, chain_len 5->6
[recovery] appended block: file=/tmp/walrus_sim_161803/sim_node/1700000033210, block_id=15, used=501, col=logs, entries=3
[reader] trailer mismatch at offset=587 in file=/tmp/walrus_sim_161803/sim_node/1700000033210, block_id=16
[reader] chain append(fast): col=metrics, block_id=16, chain_len 3->4
[recovery] appended block: file=/tmp/walrus_sim_161803/sim_node/1700000033210, block_id=16, used=587, col=metrics, entries=5
[reader] header checksum mismatch at offset=142 in file=/tmp/walrus_sim_161803/sim_node/1700000033210, block_id=17 (stored=0x0, computed=0x8ac123d6f7dce585)
[reader] chain append(fast): col=log, block_id=17, chain_len 1->2
[recovery] appended block: file=/tmp/walrus_sim_161803/sim_node/1700000033210, block_id=17, used=142, col=log, entries=1
[reader] header checksum mismatch at offset=142 in file=/tmp/walrus_sim_161803/sim_node/1700000033210, block_id=18 (stored=0x0, computed=0x8ac123d6f7dce585)
[reader] chain append(fast): col=log_recovery, block_id=18, chain_len 1->2
[recovery] appended block: file=/tmp/walrus_sim_161803/sim_node/1700000033210, block_id=18, used=142, col=log_recovery, entries=1
[reader] header checksum mismatch at offset=165 in file=/tmp/walrus_sim_161803/sim_node/1700000033210, block_id=19 (stored=0x0, computed=0x8ac123d6f7dce585)
[reader] chain append(fast): col=hard_state, block_id=19, chain_len 2->3
[recovery] appended block: file=/tmp/walrus_sim_161803/sim_node/1700000033210, block_id=19, used=165, col=hard_state, entries=1
[reader] trailer mismatch at offset=0 in file=/tmp/walrus_sim_161803/sim_node/1700000033210, block_id=20
[recovery] file /tmp/walrus_sim_161803/sim_node/1700000039371
[reader] header checksum mismatch at offset=296 in file=/tmp/walrus_sim_161803/sim_node/1700000039371, block_id=20 (stored=0x0, computed=0x8ac123d6f7dce585)
[reader] chain append(fast): col=logs, block_id=20, chain_len 6->7
[recovery] appended block: file=/tmp/walrus_sim_161803/sim_node/1700000039371, block_id=20, used=296, col=logs, entries=2
[reader] trailer mismatch at offset=333 in file=/tmp/walrus_sim_161803/sim_node/1700000039371, block_id=21
[reader] chain append(fast): col=orders, block_id=21, chain_len 2->3
[recovery] appended block: file=/tmp/walrus_sim_161803/sim_node/1700000039371, block_id=21, used=333, col=orders, entries=2
[reader] header checksum mismatch at offset=129 in file=/tmp/walrus_sim_161803/sim_node/1700000039371, block_id=22 (stored=0x0, computed=0x8ac123d6f7dce585)
[reader] chain append(fast): col=hard_state, block_id=22, chain_len 3->4
[recovery] appended block: file=/tmp/walrus_sim_161803/sim_node/1700000039371, block_id=22, used=129, col=hard_state, entries=1
[reader] header checksum mismatch at offset=739 in file=/tmp/walrus_sim_161803/sim_node/1700000039371, block_id=23 (stored=0x0, computed=0x8ac123d6f7dce585)
[reader] chain append(fast): col=metrics, block_id=23, chain_len 4->5
[recovery] appended block: file=/tmp/walrus_sim_161803/sim_node/1700000039371, block_id=23, used=739, col=metrics, entries=6
[recovery] file /tmp/walrus_sim_161803/sim_node/1700000045499
[reader] trailer mismatch at offset=169 in file=/tmp/walrus_sim_161803/sim_node/1700000045499, block_id=24
[reader] chain append(fast): col=orders, block_id=24, chain_len 3->4
[recovery] appended block: file=/tmp/walrus_sim_161803/sim_node/1700000045499, block_id=24, used=169, col=orders, entries=1
[reader] trailer mismatch at offset=0 in file=/tmp/walrus_sim_161803/sim_node/1700000045499, block_id=25
[recovery] file /tmp/walrus_sim_161803/sim_node/1700000051741
[reader] header checksum mismatch at offset=177 in file=/tmp/walrus_sim_161803/sim_node/1700000051741, block_id=25 (stored=0x0, computed=0x8ac123d6f7dce585)
[reader] chain append(fast): col=orders, block_id=25, chain_len 4->5
[recovery] appended block: file=/tmp/walrus_sim_161803/sim_node/1700000051741, block_id=25, used=177, col=orders, entries=1
[reader] header checksum mismatch at offset=178 in file=/tmp/walrus_sim_161803/sim_node/1700000051741, block_id=26 (stored=0x0, computed=0x8ac123d6f7dce585)
[reader] chain append(fast): col=logs, block_id=26, chain_len 7->8
[recovery] appended block: file=/tmp/walrus_sim_161803/sim_node/1700000051741, block_id=26, used=178, col=logs, entries=1
[reader] trailer mismatch at offset=0 in file=/tmp/walrus_sim_161803/sim_node/1700000051741, block_id=27
[recovery] file /tmp/walrus_sim_161803/sim_node/1700000058025
[reader] header checksum mismatch at offset=111 in file=/tmp/walrus_sim_161803/sim_node/1700000058025, block_id=27 (stored=0x0, computed=0x8ac123d6f7dce585)
[reader] chain append(fast): col=log, block_id=27, chain_len 2->3
[recovery] appended block: file=/tmp/walrus_sim_161803/sim_node/1700000058025, block_id=27, used=111, col=log, entries=1
[reader] header checksum mismatch at offset=111 in file=/tmp/walrus_sim_161803/sim_node/1700000058025, block_id=28 (stored=0x0, computed=0x8ac123d6f7dce585)
[reader] chain append(fast): col=log_recovery, block_id=28, chain_len 2->3
[recovery] appended block: file=/tmp/walrus_sim_161803/sim_node/1700000058025, block_id=28, used=111, col=log_recovery, entries=1
[reader] header checksum mismatch at offset=339 in file=/tmp/walrus_sim_161803/sim_node/1700000058025, block_id=29 (stored=0x0, computed=0x8ac123d6f7dce585)
[reader] chain append(fast): col=orders, block_id=29, chain_len 5->6
[recovery] appended block: file=/tmp/walrus_sim_161803/sim_node/1700000058025, block_id=29, used=339, col=orders, entries=2
[reader] header checksum mismatch at offset=363 in file=/tmp/walrus_sim_161803/sim_node/1700000058025, block_id=30 (stored=0x0, computed=0x8ac123d6f7dce585)
[reader] chain append(fast): col=metrics, block_id=30, chain_len 5->6
[recovery] appended block: file=/tmp/walrus_sim_161803/sim_node/1700000058025, block_id=30, used=363, col=metrics, entries=3
[reader] header checksum mismatch at offset=167 in file=/tmp/walrus_sim_161803/sim_node/1700000058025, block_id=31 (stored=0x0, computed=0x8ac123d6f7dce585)
[reader] chain append(fast): col=logs, block_id=31, chain_len 8->9
[recovery] appended block: file=/tmp/walrus_sim_161803/sim_node/1700000058025, block_id=31, used=167, col=logs, entries=1
[reader] header checksum mismatch at offset=130 in file=/tmp/walrus_sim_161803/sim_node/1700000058025, block_id=32 (stored=0x0, computed=0x8ac123d6f7dce585)
[reader] chain append(fast): col=hard_state, block_id=32, chain_len 4->5
[recovery] appended block: file=/tmp/walrus_sim_161803/sim_node/1700000058025, block_id=32, used=130, col=hard_state, entries=1
[recovery] file /tmp/walrus_sim_161803/sim_node/1700000064625
[reader] trailer mismatch at offset=0 in file=/tmp/walrus_sim_161803/sim_node/1700000064625, block_id=33
[reader] header checksum mismatch at offset=101 in file=/tmp/walrus_sim_161803/sim_node/1700000064625, block_id=33 (stored=0x0, computed=0x8ac123d6f7dce585)
[reader] chain append(fast): col=hard_state, block_id=33, chain_len 5->6
[recovery] appended block: file=/tmp/walrus_sim_161803/sim_node/1700000064625, block_id=33, used=101, col=hard_state, entries=1
[recovery] file /tmp/walrus_sim_161803/sim_node/1700000071242
[recovery] SUMMARY - entries recovered per topic:
[recovery]   log: 3 entries
[recovery]   hard_state: 6 entries
[recovery]   metrics: 21 entries
[recovery]   log_recovery: 3 entries
[recovery]   logs: 15 entries
[recovery]   orders: 8 entries
[recovery] CHAIN LENGTHS after recovery:
[recovery]   metrics: chain_len=6
[recovery]   log: chain_len=3
[recovery]   logs: chain_len=9
[recovery]   hard_state: chain_len=6
[recovery]   log_recovery: chain_len=3
[recovery]   orders: chain_len=6
[CRASH] Simulating crash. orders has 8 entries in Oracle
[walrus] new
[alloc] init: created file=/tmp/walrus_sim_161803/sim_node/1700000077844, max_file_size=1048576000B, block_size=10485760B
[recovery] scanning files: 14
[recovery] file /tmp/walrus_sim_161803/sim_node/1700000000002
[reader] header checksum mismatch at offset=136 in file=/tmp/walrus_sim_161803/sim_node/1700000000002, block_id=1 (stored=0x0, computed=0x8ac123d6f7dce585)
[reader] chain append(slow/new): col=metrics, block_id=1, chain_len 0->1
[recovery] appended block: file=/tmp/walrus_sim_161803/sim_node/1700000000002, block_id=1, used=136, col=metrics, entries=1
[reader] header checksum mismatch at offset=228 in file=/tmp/walrus_sim_161803/sim_node/1700000000002, block_id=2 (stored=0x0, computed=0x8ac123d6f7dce585)
[reader] chain append(slow/new): col=logs, block_id=2, chain_len 0->1
[recovery] appended block: file=/tmp/walrus_sim_161803/sim_node/1700000000002, block_id=2, used=228, col=logs, entries=2
[recovery] file /tmp/walrus_sim_161803/sim_node/1700000005229
[reader] header checksum mismatch at offset=168 in file=/tmp/walrus_sim_161803/sim_node/1700000005229, block_id=3 (stored=0x0, computed=0x8ac123d6f7dce585)
[reader] chain append(fast): col=logs, block_id=3, chain_len 1->2
[recovery] appended block: file=/tmp/walrus_sim_161803/sim_node/1700000005229, block_id=3, used=168, col=logs, entries=1
[reader] header checksum mismatch at offset=92 in file=/tmp/walrus_sim_161803/sim_node/1700000005229, block_id=4 (stored=0x0, computed=0x8ac123d6f7dce585)
[reader] chain append(slow/new): col=orders, block_id=4, chain_len 0->1
[recovery] appended block: file=/tmp/walrus_sim_161803/sim_node/1700000005229, block_id=4, used=92, col=orders, entries=1
[recovery] file /tmp/walrus_sim_161803/sim_node/1700000010672
[reader] header checksum mismatch at offset=408 in file=/tmp/walrus_sim_161803/sim_node/1700000010672, block_id=5 (stored=0x77363697274, computed=0x941c0bc236027762)
[reader] chain append(fast): col=metrics, block_id=5, chain_len 1->2
[recovery] appended block: file=/tmp/walrus_sim_161803/sim_node/1700000010672, block_id=5, used=408, col=metrics, entries=3
[reader] header checksum mismatch at offset=277 in file=/tmp/walrus_sim_161803/sim_node/1700000010672, block_id=6 (stored=0x0, computed=0x8ac123d6f7dce585)
[reader] chain append(fast): col=logs, block_id=6, chain_len 2->3
[recovery] appended block: file=/tmp/walrus_sim_161803/sim_node/1700000010672, block_id=6, used=277, col=logs, entries=2
[reader] header checksum mismatch at offset=136 in file=/tmp/walrus_sim_161803/sim_node/1700000010672, block_id=7 (stored=0x0, computed=0x8ac123d6f7dce585)
[reader] chain append(slow/new): col=hard_state, block_id=7, chain_len 0->1
[recovery] appended block: file=/tmp/walrus_sim_161803/sim_node/1700000010672, block_id=7, used=136, col=hard_state, entries=1
[reader] trailer mismatch at offset=0 in file=/tmp/walrus_sim_161803/sim_node/1700000010672, block_id=8
[recovery] file /tmp/walrus_sim_161803/sim_node/1700000016150
[reader] header checksum mismatch at offset=139 in file=/tmp/walrus_sim_161803/sim_node/1700000016150, block_id=8 (stored=0x0, computed=0x8ac123d6f7dce585)
[reader] chain append(fast): col=orders, block_id=8, chain_len 1->2
[recovery] appended block: file=/tmp/walrus_sim_161803/sim_node/1700000016150, block_id=8, used=139, col=orders, entries=1
[reader] header checksum mismatch at offset=475 in file=/tmp/walrus_sim_161803/sim_node/1700000016150, block_id=9 (stored=0x0, computed=0x8ac123d6f7dce585)
[reader] chain append(fast): col=metrics, block_id=9, chain_len 2->3
[recovery] appended block: file=/tmp/walrus_sim_161803/sim_node/1700000016150, block_id=9, used=475, col=metrics, entries=3
[reader] header checksum mismatch at offset=93 in file=/tmp/walrus_sim_161803/sim_node/1700000016150, block_id=10 (stored=0x0, computed=0x8ac123d6f7dce585)
[reader] chain append(slow/new): col=log, block_id=10, chain_len 0->1
[recovery] appended block: file=/tmp/walrus_sim_161803/sim_node/1700000016150, block_id=10, used=93, col=log, entries=1
[reader] header checksum mismatch at offset=93 in file=/tmp/walrus_sim_161803/sim_node/1700000016150, block_id=11 (stored=0x0, computed=0x8ac123d6f7dce585)
[reader] chain append(slow/new): col=log_recovery, block_id=11, chain_len 0->1
[recovery] appended block: file=/tmp/walrus_sim_161803/sim_node/1700000016150, block_id=11, used=93, col=log_recovery, entries=1
[reader] trailer mismatch at offset=335 in file=/tmp/walrus_sim_161803/sim_node/1700000016150, block_id=12
[reader] chain append(fast): col=logs, block_id=12, chain_len 3->4
[recovery] appended block: file=/tmp/walrus_sim_161803/sim_node/1700000016150, block_id=12, used=335, col=logs, entries=2
[recovery] file /tmp/walrus_sim_161803/sim_node/1700000021780
[recovery] file /tmp/walrus_sim_161803/sim_node/1700000027386
[reader] header checksum mismatch at offset=132 in file=/tmp/walrus_sim_161803/sim_node/1700000027386, block_id=13 (stored=0x0, computed=0x8ac123d6f7dce585)
[reader] chain append(fast): col=logs, block_id=13, chain_len 4->5
[recovery] appended block: file=/tmp/walrus_sim_161803/sim_node/1700000027386, block_id=13, used=132, col=logs, entries=1
[reader] header checksum mismatch at offset=134 in file=/tmp/walrus_sim_161803/sim_node/1700000027386, block_id=14 (stored=0x0, computed=0x8ac123d6f7dce585)
[reader] chain append(fast): col=hard_state, block_id=14, chain_len 1->2
[recovery] appended block: file=/tmp/walrus_sim_161803/sim_node/1700000027386, block_id=14, used=134, col=hard_state, entries=1
[reader] trailer mismatch at offset=0 in file=/tmp/walrus_sim_161803/sim_node/1700000027386, block_id=15
[recovery] file /tmp/walrus_sim_161803/sim_node/1700000033210
[reader] header checksum mismatch at offset=501 in file=/tmp/walrus_sim_161803/sim_node/1700000033210, block_id=15 (stored=0x0, computed=0x8ac123d6f7dce585)
[reader] chain append(fast): col=logs, block_id=15, chain_len 5->6
[recovery] appended block: file=/tmp/walrus_sim_161803/sim_node/1700000033210, block_id=15, used=501, col=logs, entries=3
[reader] trailer mismatch at offset=587 in file=/tmp/walrus_sim_161803/sim_node/1700000033210, block_id=16
[reader] chain append(fast): col=metrics, block_id=16, chain_len 3->4
[recovery] appended block: file=/tmp/walrus_sim_161803/sim_node/1700000033210, block_id=16, used=587, col=metrics, entries=5
[reader] header checksum mismatch at offset=142 in file=/tmp/walrus_sim_161803/sim_node/1700000033210, block_id=17 (stored=0x0, computed=0x8ac123d6f7dce585)
[reader] chain append(fast): col=log, block_id=17, chain_len 1->2
[recovery] appended block: file=/tmp/walrus_sim_161803/sim_node/1700000033210, block_id=17, used=142, col=log, entries=1
[reader] header checksum mismatch at offset=142 in file=/tmp/walrus_sim_161803/sim_node/1700000033210, block_id=18 (stored=0x0, computed=0x8ac123d6f7dce585)
[reader] chain append(fast): col=log_recovery, block_id=18, chain_len 1->2
[recovery] appended block: file=/tmp/walrus_sim_161803/sim_node/1700000033210, block_id=18, used=142, col=log_recovery, entries=1
[reader] header checksum mismatch at offset=165 in file=/tmp/walrus_sim_161803/sim_node/1700000033210, block_id=19 (stored=0x0, computed=0x8ac123d6f7dce585)
[reader] chain append(fast): col=hard_state, block_id=19, chain_len 2->3
[recovery] appended block: file=/tmp/walrus_sim_161803/sim_node/1700000033210, block_id=19, used=165, col=hard_state, entries=1
[reader] trailer mismatch at offset=0 in file=/tmp/walrus_sim_161803/sim_node/1700000033210, block_id=20
[recovery] file /tmp/walrus_sim_161803/sim_node/1700000039371
[reader] header checksum mismatch at offset=296 in file=/tmp/walrus_sim_161803/sim_node/1700000039371, block_id=20 (stored=0x0, computed=0x8ac123d6f7dce585)
[reader] chain append(fast): col=logs, block_id=20, chain_len 6->7
[recovery] appended block: file=/tmp/walrus_sim_161803/sim_node/1700000039371, block_id=20, used=296, col=logs, entries=2
[reader] trailer mismatch at offset=333 in file=/tmp/walrus_sim_161803/sim_node/1700000039371, block_id=21
[reader] chain append(fast): col=orders, block_id=21, chain_len 2->3
[recovery] appended block: file=/tmp/walrus_sim_161803/sim_node/1700000039371, block_id=21, used=333, col=orders, entries=2
[reader] header checksum mismatch at offset=129 in file=/tmp/walrus_sim_161803/sim_node/1700000039371, block_id=22 (stored=0x0, computed=0x8ac123d6f7dce585)
[reader] chain append(fast): col=hard_state, block_id=22, chain_len 3->4
[recovery] appended block: file=/tmp/walrus_sim_161803/sim_node/1700000039371, block_id=22, used=129, col=hard_state, entries=1
[reader] header checksum mismatch at offset=739 in file=/tmp/walrus_sim_161803/sim_node/1700000039371, block_id=23 (stored=0x0, computed=0x8ac123d6f7dce585)
[reader] chain append(fast): col=metrics, block_id=23, chain_len 4->5
[recovery] appended block: file=/tmp/walrus_sim_161803/sim_node/1700000039371, block_id=23, used=739, col=metrics, entries=6
[recovery] file /tmp/walrus_sim_161803/sim_node/1700000045499
[reader] trailer mismatch at offset=169 in file=/tmp/walrus_sim_161803/sim_node/1700000045499, block_id=24
[reader] chain append(fast): col=orders, block_id=24, chain_len 3->4
[recovery] appended block: file=/tmp/walrus_sim_161803/sim_node/1700000045499, block_id=24, used=169, col=orders, entries=1
[reader] trailer mismatch at offset=0 in file=/tmp/walrus_sim_161803/sim_node/1700000045499, block_id=25
[recovery] file /tmp/walrus_sim_161803/sim_node/1700000051741
[reader] header checksum mismatch at offset=177 in file=/tmp/walrus_sim_161803/sim_node/1700000051741, block_id=25 (stored=0x0, computed=0x8ac123d6f7dce585)
[reader] chain append(fast): col=orders, block_id=25, chain_len 4->5
[recovery] appended block: file=/tmp/walrus_sim_161803/sim_node/1700000051741, block_id=25, used=177, col=orders, entries=1
[reader] header checksum mismatch at offset=178 in file=/tmp/walrus_sim_161803/sim_node/1700000051741, block_id=26 (stored=0x0, computed=0x8ac123d6f7dce585)
[reader] chain append(fast): col=logs, block_id=26, chain_len 7->8
[recovery] appended block: file=/tmp/walrus_sim_161803/sim_node/1700000051741, block_id=26, used=178, col=logs, entries=1
[reader] trailer mismatch at offset=0 in file=/tmp/walrus_sim_161803/sim_node/1700000051741, block_id=27
[recovery] file /tmp/walrus_sim_161803/sim_node/1700000058025
[reader] header checksum mismatch at offset=111 in file=/tmp/walrus_sim_161803/sim_node/1700000058025, block_id=27 (stored=0x0, computed=0x8ac123d6f7dce585)
[reader] chain append(fast): col=log, block_id=27, chain_len 2->3
[recovery] appended block: file=/tmp/walrus_sim_161803/sim_node/1700000058025, block_id=27, used=111, col=log, entries=1
[reader] header checksum mismatch at offset=111 in file=/tmp/walrus_sim_161803/sim_node/1700000058025, block_id=28 (stored=0x0, computed=0x8ac123d6f7dce585)
[reader] chain append(fast): col=log_recovery, block_id=28, chain_len 2->3
[recovery] appended block: file=/tmp/walrus_sim_161803/sim_node/1700000058025, block_id=28, used=111, col=log_recovery, entries=1
[reader] header checksum mismatch at offset=339 in file=/tmp/walrus_sim_161803/sim_node/1700000058025, block_id=29 (stored=0x0, computed=0x8ac123d6f7dce585)
[reader] chain append(fast): col=orders, block_id=29, chain_len 5->6
[recovery] appended block: file=/tmp/walrus_sim_161803/sim_node/1700000058025, block_id=29, used=339, col=orders, entries=2
[reader] header checksum mismatch at offset=363 in file=/tmp/walrus_sim_161803/sim_node/1700000058025, block_id=30 (stored=0x0, computed=0x8ac123d6f7dce585)
[reader] chain append(fast): col=metrics, block_id=30, chain_len 5->6
[recovery] appended block: file=/tmp/walrus_sim_161803/sim_node/1700000058025, block_id=30, used=363, col=metrics, entries=3
[reader] header checksum mismatch at offset=167 in file=/tmp/walrus_sim_161803/sim_node/1700000058025, block_id=31 (stored=0x0, computed=0x8ac123d6f7dce585)
[reader] chain append(fast): col=logs, block_id=31, chain_len 8->9
[recovery] appended block: file=/tmp/walrus_sim_161803/sim_node/1700000058025, block_id=31, used=167, col=logs, entries=1
[reader] header checksum mismatch at offset=130 in file=/tmp/walrus_sim_161803/sim_node/1700000058025, block_id=32 (stored=0x0, computed=0x8ac123d6f7dce585)
[reader] chain append(fast): col=hard_state, block_id=32, chain_len 4->5
[recovery] appended block: file=/tmp/walrus_sim_161803/sim_node/1700000058025, block_id=32, used=130, col=hard_state, entries=1
[recovery] file /tmp/walrus_sim_161803/sim_node/1700000064625
[reader] trailer mismatch at offset=0 in file=/tmp/walrus_sim_161803/sim_node/1700000064625, block_id=33
[reader] header checksum mismatch at offset=101 in file=/tmp/walrus_sim_161803/sim_node/1700000064625, block_id=33 (stored=0x0, computed=0x8ac123d6f7dce585)
[reader] chain append(fast): col=hard_state, block_id=33, chain_len 5->6
[recovery] appended block: file=/tmp/walrus_sim_161803/sim_node/1700000064625, block_id=33, used=101, col=hard_state, entries=1
[recovery] file /tmp/walrus_sim_161803/sim_node/1700000071242
[recovery] file /tmp/walrus_sim_161803/sim_node/1700000077844
[recovery] SUMMARY - entries recovered per topic:
[recovery]   logs: 15 entries
[recovery]   metrics: 21 entries
[recovery]   hard_state: 6 entries
[recovery]   log: 3 entries
[recovery]   log_recovery: 3 entries
[recovery]   orders: 8 entries
[recovery] CHAIN LENGTHS after recovery:
[recovery]   logs: chain_len=9
[recovery]   metrics: chain_len=6
[recovery]   orders: chain_len=6
[recovery]   log: chain_len=3
[recovery]   log_recovery: chain_len=3
[recovery]   hard_state: chain_len=6
[alloc] handout: block_id=1, file=/tmp/walrus_sim_161803/sim_node/1700000077844, offset=0, limit=10485760
[writer] wrote (uncommitted): col=orders, block_id=1, offset_before=0, bytes=118, offset_after=118
[writer] immediate fsync: col=orders, block_id=1
[ORACLE] Recording write for orders[8] len=38
[alloc] handout: block_id=2, file=/tmp/walrus_sim_161803/sim_node/1700000077844, offset=10485760, limit=10485760
[writer] wrote (uncommitted): col=logs, block_id=2, offset_before=0, bytes=159, offset_after=159
[writer] immediate fsync: col=logs, block_id=2
[writer] wrote (uncommitted): col=logs, block_id=2, offset_before=159, bytes=109, offset_after=268
[writer] immediate fsync: col=logs, block_id=2
[alloc] handout: block_id=3, file=/tmp/walrus_sim_161803/sim_node/1700000077844, offset=20971520, limit=10485760
[batch] START: col=metrics, entries=9, total_bytes=1184
[batch] planning complete: 9 write operations across 1 blocks
[batch] SUCCESS (mmap): wrote 9 entries, 1184 bytes to topic=metrics
[batch] released batch_writing flag
[reader] read_next start: col=log, chain_len=3, idx=0, offset=0
[reader] read_next: OK col=log, block_id=10, consumed=93, new_offset=93
[batch] START: col=logs, entries=6, total_bytes=720
[batch] planning complete: 6 write operations across 1 blocks
[batch] released batch_writing flag
[reader] read_next start: col=log, chain_len=3, idx=0, offset=93
[reader] read_next: advance block col=log, block_id=10, offset=93, used=93
[reader] read_next: OK col=log, block_id=17, consumed=142, new_offset=142
[writer] wrote (uncommitted): col=logs, block_id=2, offset_before=268, bytes=100, offset_after=368
[writer] immediate fsync: col=logs, block_id=2
[writer] wrote (uncommitted): col=metrics, block_id=3, offset_before=1184, bytes=109, offset_after=1293
[writer] immediate fsync: col=metrics, block_id=3
[writer] wrote (uncommitted): col=orders, block_id=1, offset_before=118, bytes=114, offset_after=232
[writer] immediate fsync: col=orders, block_id=1
[ORACLE] Recording write for orders[9] len=34
[reader] read_next start: col=logs, chain_len=9, idx=8, offset=167
[reader] read_next: advance block col=logs, block_id=31, offset=167, used=167
[reader] read_next: tail OK col=logs, block_id=2, consumed=159, new_tail_off=159
[CRASH] Simulating crash. orders has 10 entries in Oracle
[walrus] new
[alloc] init: created file=/tmp/walrus_sim_161803/sim_node/1700000084630, max_file_size=1048576000B, block_size=10485760B
[recovery] scanning files: 15
[recovery] file /tmp/walrus_sim_161803/sim_node/1700000000002
[reader] header checksum mismatch at offset=136 in file=/tmp/walrus_sim_161803/sim_node/1700000000002, block_id=1 (stored=0x0, computed=0x8ac123d6f7dce585)
[reader] chain append(slow/new): col=metrics, block_id=1, chain_len 0->1
[recovery] appended block: file=/tmp/walrus_sim_161803/sim_node/1700000000002, block_id=1, used=136, col=metrics, entries=1
[reader] header checksum mismatch at offset=228 in file=/tmp/walrus_sim_161803/sim_node/1700000000002, block_id=2 (stored=0x0, computed=0x8ac123d6f7dce585)
[reader] chain append(slow/new): col=logs, block_id=2, chain_len 0->1
[recovery] appended block: file=/tmp/walrus_sim_161803/sim_node/1700000000002, block_id=2, used=228, col=logs, entries=2
[recovery] file /tmp/walrus_sim_161803/sim_node/1700000005229
[reader] header checksum mismatch at offset=168 in file=/tmp/walrus_sim_161803/sim_node/1700000005229, block_id=3 (stored=0x0, computed=0x8ac123d6f7dce585)
[reader] chain append(fast): col=logs, block_id=3, chain_len 1->2
[recovery] appended block: file=/tmp/walrus_sim_161803/sim_node/1700000005229, block_id=3, used=168, col=logs, entries=1
[reader] header checksum mismatch at offset=92 in file=/tmp/walrus_sim_161803/sim_node/1700000005229, block_id=4 (stored=0x0, computed=0x8ac123d6f7dce585)
[reader] chain append(slow/new): col=orders, block_id=4, chain_len 0->1
[recovery] appended block: file=/tmp/walrus_sim_161803/sim_node/1700000005229, block_id=4, used=92, col=orders, entries=1
[recovery] file /tmp/walrus_sim_161803/sim_node/1700000010672
[reader] header checksum mismatch at offset=408 in file=/tmp/walrus_sim_161803/sim_node/1700000010672, block_id=5 (stored=0x77363697274, computed=0x941c0bc236027762)
[reader] chain append(fast): col=metrics, block_id=5, chain_len 1->2
[recovery] appended block: file=/tmp/walrus_sim_161803/sim_node/1700000010672, block_id=5, used=408, col=metrics, entries=3
[reader] header checksum mismatch at offset=277 in file=/tmp/walrus_sim_161803/sim_node/1700000010672, block_id=6 (stored=0x0, computed=0x8ac123d6f7dce585)
[reader] chain append(fast): col=logs, block_id=6, chain_len 2->3
[recovery] appended block: file=/tmp/walrus_sim_161803/sim_node/1700000010672, block_id=6, used=277, col=logs, entries=2
[reader] header checksum mismatch at offset=136 in file=/tmp/walrus_sim_161803/sim_node/1700000010672, block_id=7 (stored=0x0, computed=0x8ac123d6f7dce585)
[reader] chain append(slow/new): col=hard_state, block_id=7, chain_len 0->1
[recovery] appended block: file=/tmp/walrus_sim_161803/sim_node/1700000010672, block_id=7, used=136, col=hard_state, entries=1
[reader] trailer mismatch at offset=0 in file=/tmp/walrus_sim_161803/sim_node/1700000010672, block_id=8
[recovery] file /tmp/walrus_sim_161803/sim_node/1700000016150
[reader] header checksum mismatch at offset=139 in file=/tmp/walrus_sim_161803/sim_node/1700000016150, block_id=8 (stored=0x0, computed=0x8ac123d6f7dce585)
[reader] chain append(fast): col=orders, block_id=8, chain_len 1->2
[recovery] appended block: file=/tmp/walrus_sim_161803/sim_node/1700000016150, block_id=8, used=139, col=orders, entries=1
[reader] header checksum mismatch at offset=475 in file=/tmp/walrus_sim_161803/sim_node/1700000016150, block_id=9 (stored=0x0, computed=0x8ac123d6f7dce585)
[reader] chain append(fast): col=metrics, block_id=9, chain_len 2->3
[recovery] appended block: file=/tmp/walrus_sim_161803/sim_node/1700000016150, block_id=9, used=475, col=metrics, entries=3
[reader] header checksum mismatch at offset=93 in file=/tmp/walrus_sim_161803/sim_node/1700000016150, block_id=10 (stored=0x0, computed=0x8ac123d6f7dce585)
[reader] chain append(slow/new): col=log, block_id=10, chain_len 0->1
[recovery] appended block: file=/tmp/walrus_sim_161803/sim_node/1700000016150, block_id=10, used=93, col=log, entries=1
[reader] header checksum mismatch at offset=93 in file=/tmp/walrus_sim_161803/sim_node/1700000016150, block_id=11 (stored=0x0, computed=0x8ac123d6f7dce585)
[reader] chain append(slow/new): col=log_recovery, block_id=11, chain_len 0->1
[recovery] appended block: file=/tmp/walrus_sim_161803/sim_node/1700000016150, block_id=11, used=93, col=log_recovery, entries=1
[reader] trailer mismatch at offset=335 in file=/tmp/walrus_sim_161803/sim_node/1700000016150, block_id=12
[reader] chain append(fast): col=logs, block_id=12, chain_len 3->4
[recovery] appended block: file=/tmp/walrus_sim_161803/sim_node/1700000016150, block_id=12, used=335, col=logs, entries=2
[recovery] file /tmp/walrus_sim_161803/sim_node/1700000021780
[recovery] file /tmp/walrus_sim_161803/sim_node/1700000027386
[reader] header checksum mismatch at offset=132 in file=/tmp/walrus_sim_161803/sim_node/1700000027386, block_id=13 (stored=0x0, computed=0x8ac123d6f7dce585)
[reader] chain append(fast): col=logs, block_id=13, chain_len 4->5
[recovery] appended block: file=/tmp/walrus_sim_161803/sim_node/1700000027386, block_id=13, used=132, col=logs, entries=1
[reader] header checksum mismatch at offset=134 in file=/tmp/walrus_sim_161803/sim_node/1700000027386, block_id=14 (stored=0x0, computed=0x8ac123d6f7dce585)
[reader] chain append(fast): col=hard_state, block_id=14, chain_len 1->2
[recovery] appended block: file=/tmp/walrus_sim_161803/sim_node/1700000027386, block_id=14, used=134, col=hard_state, entries=1
[reader] trailer mismatch at offset=0 in file=/tmp/walrus_sim_161803/sim_node/1700000027386, block_id=15
[recovery] file /tmp/walrus_sim_161803/sim_node/1700000033210
[reader] header checksum mismatch at offset=501 in file=/tmp/walrus_sim_161803/sim_node/1700000033210, block_id=15 (stored=0x0, computed=0x8ac123d6f7dce585)
[reader] chain append(fast): col=logs, block_id=15, chain_len 5->6
[recovery] appended block: file=/tmp/walrus_sim_161803/sim_node/1700000033210, block_id=15, used=501, col=logs, entries=3
[reader] trailer mismatch at offset=587 in file=/tmp/walrus_sim_161803/sim_node/1700000033210, block_id=16
[reader] chain append(fast): col=metrics, block_id=16, chain_len 3->4
[recovery] appended block: file=/tmp/walrus_sim_161803/sim_node/1700000033210, block_id=16, used=587, col=metrics, entries=5
[reader] header checksum mismatch at offset=142 in file=/tmp/walrus_sim_161803/sim_node/1700000033210, block_id=17 (stored=0x0, computed=0x8ac123d6f7dce585)
[reader] chain append(fast): col=log, block_id=17, chain_len 1->2
[recovery] appended block: file=/tmp/walrus_sim_161803/sim_node/1700000033210, block_id=17, used=142, col=log, entries=1
[reader] header checksum mismatch at offset=142 in file=/tmp/walrus_sim_161803/sim_node/1700000033210, block_id=18 (stored=0x0, computed=0x8ac123d6f7dce585)
[reader] chain append(fast): col=log_recovery, block_id=18, chain_len 1->2
[recovery] appended block: file=/tmp/walrus_sim_161803/sim_node/1700000033210, block_id=18, used=142, col=log_recovery, entries=1
[reader] header checksum mismatch at offset=165 in file=/tmp/walrus_sim_161803/sim_node/1700000033210, block_id=19 (stored=0x0, computed=0x8ac123d6f7dce585)
[reader] chain append(fast): col=hard_state, block_id=19, chain_len 2->3
[recovery] appended block: file=/tmp/walrus_sim_161803/sim_node/1700000033210, block_id=19, used=165, col=hard_state, entries=1
[reader] trailer mismatch at offset=0 in file=/tmp/walrus_sim_161803/sim_node/1700000033210, block_id=20
[recovery] file /tmp/walrus_sim_161803/sim_node/1700000039371
[reader] header checksum mismatch at offset=296 in file=/tmp/walrus_sim_161803/sim_node/1700000039371, block_id=20 (stored=0x0, computed=0x8ac123d6f7dce585)
[reader] chain append(fast): col=logs, block_id=20, chain_len 6->7
[recovery] appended block: file=/tmp/walrus_sim_161803/sim_node/1700000039371, block_id=20, used=296, col=logs, entries=2
[reader] trailer mismatch at offset=333 in file=/tmp/walrus_sim_161803/sim_node/1700000039371, block_id=21
[reader] chain append(fast): col=orders, block_id=21, chain_len 2->3
[recovery] appended block: file=/tmp/walrus_sim_161803/sim_node/1700000039371, block_id=21, used=333, col=orders, entries=2
[reader] header checksum mismatch at offset=129 in file=/tmp/walrus_sim_161803/sim_node/1700000039371, block_id=22 (stored=0x0, computed=0x8ac123d6f7dce585)
[reader] chain append(fast): col=hard_state, block_id=22, chain_len 3->4
[recovery] appended block: file=/tmp/walrus_sim_161803/sim_node/1700000039371, block_id=22, used=129, col=hard_state, entries=1
[reader] header checksum mismatch at offset=739 in file=/tmp/walrus_sim_161803/sim_node/1700000039371, block_id=23 (stored=0x0, computed=0x8ac123d6f7dce585)
[reader] chain append(fast): col=metrics, block_id=23, chain_len 4->5
[recovery] appended block: file=/tmp/walrus_sim_161803/sim_node/1700000039371, block_id=23, used=739, col=metrics, entries=6
[recovery] file /tmp/walrus_sim_161803/sim_node/1700000045499
[reader] trailer mismatch at offset=169 in file=/tmp/walrus_sim_161803/sim_node/1700000045499, block_id=24
[reader] chain append(fast): col=orders, block_id=24, chain_len 3->4
[recovery] appended block: file=/tmp/walrus_sim_161803/sim_node/1700000045499, block_id=24, used=169, col=orders, entries=1
[reader] trailer mismatch at offset=0 in file=/tmp/walrus_sim_161803/sim_node/1700000045499, block_id=25
[recovery] file /tmp/walrus_sim_161803/sim_node/1700000051741
[reader] header checksum mismatch at offset=177 in file=/tmp/walrus_sim_161803/sim_node/1700000051741, block_id=25 (stored=0x0, computed=0x8ac123d6f7dce585)
[reader] chain append(fast): col=orders, block_id=25, chain_len 4->5
[recovery] appended block: file=/tmp/walrus_sim_161803/sim_node/1700000051741, block_id=25, used=177, col=orders, entries=1
[reader] header checksum mismatch at offset=178 in file=/tmp/walrus_sim_161803/sim_node/1700000051741, block_id=26 (stored=0x0, computed=0x8ac123d6f7dce585)
[reader] chain append(fast): col=logs, block_id=26, chain_len 7->8
[recovery] appended block: file=/tmp/walrus_sim_161803/sim_node/1700000051741, block_id=26, used=178, col=logs, entries=1
[reader] trailer mismatch at offset=0 in file=/tmp/walrus_sim_161803/sim_node/1700000051741, block_id=27
[recovery] file /tmp/walrus_sim_161803/sim_node/1700000058025
[reader] header checksum mismatch at offset=111 in file=/tmp/walrus_sim_161803/sim_node/1700000058025, block_id=27 (stored=0x0, computed=0x8ac123d6f7dce585)
[reader] chain append(fast): col=log, block_id=27, chain_len 2->3
[recovery] appended block: file=/tmp/walrus_sim_161803/sim_node/1700000058025, block_id=27, used=111, col=log, entries=1
[reader] header checksum mismatch at offset=111 in file=/tmp/walrus_sim_161803/sim_node/1700000058025, block_id=28 (stored=0x0, computed=0x8ac123d6f7dce585)
[reader] chain append(fast): col=log_recovery, block_id=28, chain_len 2->3
[recovery] appended block: file=/tmp/walrus_sim_161803/sim_node/1700000058025, block_id=28, used=111, col=log_recovery, entries=1
[reader] header checksum mismatch at offset=339 in file=/tmp/walrus_sim_161803/sim_node/1700000058025, block_id=29 (stored=0x0, computed=0x8ac123d6f7dce585)
[reader] chain append(fast): col=orders, block_id=29, chain_len 5->6
[recovery] appended block: file=/tmp/walrus_sim_161803/sim_node/1700000058025, block_id=29, used=339, col=orders, entries=2
[reader] header checksum mismatch at offset=363 in file=/tmp/walrus_sim_161803/sim_node/1700000058025, block_id=30 (stored=0x0, computed=0x8ac123d6f7dce585)
[reader] chain append(fast): col=metrics, block_id=30, chain_len 5->6
[recovery] appended block: file=/tmp/walrus_sim_161803/sim_node/1700000058025, block_id=30, used=363, col=metrics, entries=3
[reader] header checksum mismatch at offset=167 in file=/tmp/walrus_sim_161803/sim_node/1700000058025, block_id=31 (stored=0x0, computed=0x8ac123d6f7dce585)
[reader] chain append(fast): col=logs, block_id=31, chain_len 8->9
[recovery] appended block: file=/tmp/walrus_sim_161803/sim_node/1700000058025, block_id=31, used=167, col=logs, entries=1
[reader] header checksum mismatch at offset=130 in file=/tmp/walrus_sim_161803/sim_node/1700000058025, block_id=32 (stored=0x0, computed=0x8ac123d6f7dce585)
[reader] chain append(fast): col=hard_state, block_id=32, chain_len 4->5
[recovery] appended block: file=/tmp/walrus_sim_161803/sim_node/1700000058025, block_id=32, used=130, col=hard_state, entries=1
[recovery] file /tmp/walrus_sim_161803/sim_node/1700000064625
[reader] trailer mismatch at offset=0 in file=/tmp/walrus_sim_161803/sim_node/1700000064625, block_id=33
[reader] header checksum mismatch at offset=101 in file=/tmp/walrus_sim_161803/sim_node/1700000064625, block_id=33 (stored=0x0, computed=0x8ac123d6f7dce585)
[reader] chain append(fast): col=hard_state, block_id=33, chain_len 5->6
[recovery] appended block: file=/tmp/walrus_sim_161803/sim_node/1700000064625, block_id=33, used=101, col=hard_state, entries=1
[recovery] file /tmp/walrus_sim_161803/sim_node/1700000071242
[recovery] file /tmp/walrus_sim_161803/sim_node/1700000077844
[reader] header checksum mismatch at offset=232 in file=/tmp/walrus_sim_161803/sim_node/1700000077844, block_id=34 (stored=0x0, computed=0x8ac123d6f7dce585)
[reader] chain append(fast): col=orders, block_id=34, chain_len 6->7
[recovery] appended block: file=/tmp/walrus_sim_161803/sim_node/1700000077844, block_id=34, used=232, col=orders, entries=2
[reader] header checksum mismatch at offset=368 in file=/tmp/walrus_sim_161803/sim_node/1700000077844, block_id=35 (stored=0x0, computed=0x3105a0f98ed89185)
[reader] chain append(fast): col=logs, block_id=35, chain_len 9->10
[recovery] appended block: file=/tmp/walrus_sim_161803/sim_node/1700000077844, block_id=35, used=368, col=logs, entries=3
[reader] header checksum mismatch at offset=1293 in file=/tmp/walrus_sim_161803/sim_node/1700000077844, block_id=36 (stored=0x0, computed=0x8ac123d6f7dce585)
[reader] chain append(fast): col=metrics, block_id=36, chain_len 6->7
[recovery] appended block: file=/tmp/walrus_sim_161803/sim_node/1700000077844, block_id=36, used=1293, col=metrics, entries=10
[recovery] file /tmp/walrus_sim_161803/sim_node/1700000084630
[recovery] SUMMARY - entries recovered per topic:
[recovery]   hard_state: 6 entries
[recovery]   logs: 18 entries
[recovery]   metrics: 31 entries
[recovery]   log: 3 entries
[recovery]   orders: 10 entries
[recovery]   log_recovery: 3 entries
[recovery] CHAIN LENGTHS after recovery:
[recovery]   logs: chain_len=10
[recovery]   metrics: chain_len=7
[recovery]   hard_state: chain_len=6
[recovery]   log: chain_len=3
[recovery]   log_recovery: chain_len=3
[recovery]   orders: chain_len=7
[alloc] handout: block_id=1, file=/tmp/walrus_sim_161803/sim_node/1700000084630, offset=0, limit=10485760
[writer] wrote (uncommitted): col=metrics, block_id=1, offset_before=0, bytes=163, offset_after=163
[writer] fsync FAILED, leaving uncommitted: col=metrics, block_id=1, offset=0
[writer] wrote (uncommitted): col=metrics, block_id=1, offset_before=0, bytes=115, offset_after=115
[writer] immediate fsync: col=metrics, block_id=1
[reader] read_next start: col=hard_state_recovery, chain_len=0, idx=0, offset=0
[CRASH] Simulating crash. orders has 10 entries in Oracle
[walrus] new
[alloc] init: created file=/tmp/walrus_sim_161803/sim_node/1700000091491, max_file_size=1048576000B, block_size=10485760B
[recovery] scanning files: 16
[recovery] file /tmp/walrus_sim_161803/sim_node/1700000000002
[reader] header checksum mismatch at offset=136 in file=/tmp/walrus_sim_161803/sim_node/1700000000002, block_id=1 (stored=0x0, computed=0x8ac123d6f7dce585)
[reader] chain append(slow/new): col=metrics, block_id=1, chain_len 0->1
[recovery] appended block: file=/tmp/walrus_sim_161803/sim_node/1700000000002, block_id=1, used=136, col=metrics, entries=1
[reader] header checksum mismatch at offset=228 in file=/tmp/walrus_sim_161803/sim_node/1700000000002, block_id=2 (stored=0x0, computed=0x8ac123d6f7dce585)
[reader] chain append(slow/new): col=logs, block_id=2, chain_len 0->1
[recovery] appended block: file=/tmp/walrus_sim_161803/sim_node/1700000000002, block_id=2, used=228, col=logs, entries=2
[recovery] file /tmp/walrus_sim_161803/sim_node/1700000005229
[reader] header checksum mismatch at offset=168 in file=/tmp/walrus_sim_161803/sim_node/1700000005229, block_id=3 (stored=0x0, computed=0x8ac123d6f7dce585)
[reader] chain append(fast): col=logs, block_id=3, chain_len 1->2
[recovery] appended block: file=/tmp/walrus_sim_161803/sim_node/1700000005229, block_id=3, used=168, col=logs, entries=1
[reader] header checksum mismatch at offset=92 in file=/tmp/walrus_sim_161803/sim_node/1700000005229, block_id=4 (stored=0x0, computed=0x8ac123d6f7dce585)
[reader] chain append(slow/new): col=orders, block_id=4, chain_len 0->1
[recovery] appended block: file=/tmp/walrus_sim_161803/sim_node/1700000005229, block_id=4, used=92, col=orders, entries=1
[recovery] file /tmp/walrus_sim_161803/sim_node/1700000010672
[reader] header checksum mismatch at offset=408 in file=/tmp/walrus_sim_161803/sim_node/1700000010672, block_id=5 (stored=0x77363697274, computed=0x941c0bc236027762)
[reader] chain append(fast): col=metrics, block_id=5, chain_len 1->2
[recovery] appended block: file=/tmp/walrus_sim_161803/sim_node/1700000010672, block_id=5, used=408, col=metrics, entries=3
[reader] header checksum mismatch at offset=277 in file=/tmp/walrus_sim_161803/sim_node/1700000010672, block_id=6 (stored=0x0, computed=0x8ac123d6f7dce585)
[reader] chain append(fast): col=logs, block_id=6, chain_len 2->3
[recovery] appended block: file=/tmp/walrus_sim_161803/sim_node/1700000010672, block_id=6, used=277, col=logs, entries=2
[reader] header checksum mismatch at offset=136 in file=/tmp/walrus_sim_161803/sim_node/1700000010672, block_id=7 (stored=0x0, computed=0x8ac123d6f7dce585)
[reader] chain append(slow/new): col=hard_state, block_id=7, chain_len 0->1
[recovery] appended block: file=/tmp/walrus_sim_161803/sim_node/1700000010672, block_id=7, used=136, col=hard_state, entries=1
[reader] trailer mismatch at offset=0 in file=/tmp/walrus_sim_161803/sim_node/1700000010672, block_id=8
[recovery] file /tmp/walrus_sim_161803/sim_node/1700000016150
[reader] header checksum mismatch at offset=139 in file=/tmp/walrus_sim_161803/sim_node/1700000016150, block_id=8 (stored=0x0, computed=0x8ac123d6f7dce585)
[reader] chain append(fast): col=orders, block_id=8, chain_len 1->2
[recovery] appended block: file=/tmp/walrus_sim_161803/sim_node/1700000016150, block_id=8, used=139, col=orders, entries=1
[reader] header checksum mismatch at offset=475 in file=/tmp/walrus_sim_161803/sim_node/1700000016150, block_id=9 (stored=0x0, computed=0x8ac123d6f7dce585)
[reader] chain append(fast): col=metrics, block_id=9, chain_len 2->3
[recovery] appended block: file=/tmp/walrus_sim_161803/sim_node/1700000016150, block_id=9, used=475, col=metrics, entries=3
[reader] header checksum mismatch at offset=93 in file=/tmp/walrus_sim_161803/sim_node/1700000016150, block_id=10 (stored=0x0, computed=0x8ac123d6f7dce585)
[reader] chain append(slow/new): col=log, block_id=10, chain_len 0->1
[recovery] appended block: file=/tmp/walrus_sim_161803/sim_node/1700000016150, block_id=10, used=93, col=log, entries=1
[reader] header checksum mismatch at offset=93 in file=/tmp/walrus_sim_161803/sim_node/1700000016150, block_id=11 (stored=0x0, computed=0x8ac123d6f7dce585)
[reader] chain append(slow/new): col=log_recovery, block_id=11, chain_len 0->1
[recovery] appended block: file=/tmp/walrus_sim_161803/sim_node/1700000016150, block_id=11, used=93, col=log_recovery, entries=1
[reader] trailer mismatch at offset=335 in file=/tmp/walrus_sim_161803/sim_node/1700000016150, block_id=12
[reader] chain append(fast): col=logs, block_id=12, chain_len 3->4
[recovery] appended block: file=/tmp/walrus_sim_161803/sim_node/1700000016150, block_id=12, used=335, col=logs, entries=2
[recovery] file /tmp/walrus_sim_161803/sim_node/1700000021780
[recovery] file /tmp/walrus_sim_161803/sim_node/1700000027386
[reader] header checksum mismatch at offset=132 in file=/tmp/walrus_sim_161803/sim_node/1700000027386, block_id=13 (stored=0x0, computed=0x8ac123d6f7dce585)
[reader] chain append(fast): col=logs, block_id=13, chain_len 4->5
[recovery] appended block: file=/tmp/walrus_sim_161803/sim_node/1700000027386, block_id=13, used=132, col=logs, entries=1
[reader] header checksum mismatch at offset=134 in file=/tmp/walrus_sim_161803/sim_node/1700000027386, block_id=14 (stored=0x0, computed=0x8ac123d6f7dce585)
[reader] chain append(fast): col=hard_state, block_id=14, chain_len 1->2
[recovery] appended block: file=/tmp/walrus_sim_161803/sim_node/1700000027386, block_id=14, used=134, col=hard_state, entries=1
[reader] trailer mismatch at offset=0 in file=/tmp/walrus_sim_161803/sim_node/1700000027386, block_id=15
[recovery] file /tmp/walrus_sim_161803/sim_node/1700000033210
[reader] header checksum mismatch at offset=501 in file=/tmp/walrus_sim_161803/sim_node/1700000033210, block_id=15 (stored=0x0, computed=0x8ac123d6f7dce585)
[reader] chain append(fast): col=logs, block_id=15, chain_len 5->6
[recovery] appended block: file=/tmp/walrus_sim_161803/sim_node/1700000033210, block_id=15, used=501, col=logs, entries=3
[reader] trailer mismatch at offset=587 in file=/tmp/walrus_sim_161803/sim_node/1700000033210, block_id=16
[reader] chain append(fast): col=metrics, block_id=16, chain_len 3->4
[recovery] appended block: file=/tmp/walrus_sim_161803/sim_node/1700000033210, block_id=16, used=587, col=metrics, entries=5
[reader] header checksum mismatch at offset=142 in file=/tmp/walrus_sim_161803/sim_node/1700000033210, block_id=17 (stored=0x0, computed=0x8ac123d6f7dce585)
[reader] chain append(fast): col=log, block_id=17, chain_len 1->2
[recovery] appended block: file=/tmp/walrus_sim_161803/sim_node/1700000033210, block_id=17, used=142, col=log, entries=1
[reader] header checksum mismatch at offset=142 in file=/tmp/walrus_sim_161803/sim_node/1700000033210, block_id=18 (stored=0x0, computed=0x8ac123d6f7dce585)
[reader] chain append(fast): col=log_recovery, block_id=18, chain_len 1->2
[recovery] appended block: file=/tmp/walrus_sim_161803/sim_node/1700000033210, block_id=18, used=142, col=log_recovery, entries=1
[reader] header checksum mismatch at offset=165 in file=/tmp/walrus_sim_161803/sim_node/1700000033210, block_id=19 (stored=0x0, computed=0x8ac123d6f7dce585)
[reader] chain append(fast): col=hard_state, block_id=19, chain_len 2->3
[recovery] appended block: file=/tmp/walrus_sim_161803/sim_node/1700000033210, block_id=19, used=165, col=hard_state, entries=1
[reader] trailer mismatch at offset=0 in file=/tmp/walrus_sim_161803/sim_node/1700000033210, block_id=20
[recovery] file /tmp/walrus_sim_161803/sim_node/1700000039371
[reader] header checksum mismatch at offset=296 in file=/tmp/walrus_sim_161803/sim_node/1700000039371, block_id=20 (stored=0x0, computed=0x8ac123d6f7dce585)
[reader] chain append(fast): col=logs, block_id=20, chain_len 6->7
[recovery] appended block: file=/tmp/walrus_sim_161803/sim_node/1700000039371, block_id=20, used=296, col=logs, entries=2
[reader] trailer mismatch at offset=333 in file=/tmp/walrus_sim_161803/sim_node/1700000039371, block_id=21
[reader] chain append(fast): col=orders, block_id=21, chain_len 2->3
[recovery] appended block: file=/tmp/walrus_sim_161803/sim_node/1700000039371, block_id=21, used=333, col=orders, entries=2
[reader] header checksum mismatch at offset=129 in file=/tmp/walrus_sim_161803/sim_node/1700000039371, block_id=22 (stored=0x0, computed=0x8ac123d6f7dce585)
[reader] chain append(fast): col=hard_state, block_id=22, chain_len 3->4
[recovery] appended block: file=/tmp/walrus_sim_161803/sim_node/1700000039371, block_id=22, used=129, col=hard_state, entries=1
[reader] header checksum mismatch at offset=739 in file=/tmp/walrus_sim_161803/sim_node/1700000039371, block_id=23 (stored=0x0, computed=0x8ac123d6f7dce585)
[reader] chain append(fast): col=metrics, block_id=23, chain_len 4->5
[recovery] appended block: file=/tmp/walrus_sim_161803/sim_node/1700000039371, block_id=23, used=739, col=metrics, entries=6
[recovery] file /tmp/walrus_sim_161803/sim_node/1700000045499
[reader] trailer mismatch at offset=169 in file=/tmp/walrus_sim_161803/sim_node/1700000045499, block_id=24
[reader] chain append(fast): col=orders, block_id=24, chain_len 3->4
[recovery] appended block: file=/tmp/walrus_sim_161803/sim_node/1700000045499, block_id=24, used=169, col=orders, entries=1
[reader] trailer mismatch at offset=0 in file=/tmp/walrus_sim_161803/sim_node/1700000045499, block_id=25
[recovery] file /tmp/walrus_sim_161803/sim_node/1700000051741
[reader] header checksum mismatch at offset=177 in file=/tmp/walrus_sim_161803/sim_node/1700000051741, block_id=25 (stored=0x0, computed=0x8ac123d6f7dce585)
[reader] chain append(fast): col=orders, block_id=25, chain_len 4->5
[recovery] appended block: file=/tmp/walrus_sim_161803/sim_node/1700000051741, block_id=25, used=177, col=orders, entries=1
[reader] header checksum mismatch at offset=178 in file=/tmp/walrus_sim_161803/sim_node/1700000051741, block_id=26 (stored=0x0, computed=0x8ac123d6f7dce585)
[reader] chain append(fast): col=logs, block_id=26, chain_len 7->8
[recovery] appended block: file=/tmp/walrus_sim_161803/sim_node/1700000051741, block_id=26, used=178, col=logs, entries=1
[reader] trailer mismatch at offset=0 in file=/tmp/walrus_sim_161803/sim_node/1700000051741, block_id=27
[recovery] file /tmp/walrus_sim_161803/sim_node/1700000058025
[reader] header checksum mismatch at offset=111 in file=/tmp/walrus_sim_161803/sim_node/1700000058025, block_id=27 (stored=0x0, computed=0x8ac123d6f7dce585)
[reader] chain append(fast): col=log, block_id=27, chain_len 2->3
[recovery] appended block: file=/tmp/walrus_sim_161803/sim_node/1700000058025, block_id=27, used=111, col=log, entries=1
[reader] header checksum mismatch at offset=111 in file=/tmp/walrus_sim_161803/sim_node/1700000058025, block_id=28 (stored=0x0, computed=0x8ac123d6f7dce585)
[reader] chain append(fast): col=log_recovery, block_id=28, chain_len 2->3
[recovery] appended block: file=/tmp/walrus_sim_161803/sim_node/1700000058025, block_id=28, used=111, col=log_recovery, entries=1
[reader] header checksum mismatch at offset=339 in file=/tmp/walrus_sim_161803/sim_node/1700000058025, block_id=29 (stored=0x0, computed=0x8ac123d6f7dce585)
[reader] chain append(fast): col=orders, block_id=29, chain_len 5->6
[recovery] appended block: file=/tmp/walrus_sim_161803/sim_node/1700000058025, block_id=29, used=339, col=orders, entries=2
[reader] header checksum mismatch at offset=363 in file=/tmp/walrus_sim_161803/sim_node/1700000058025, block_id=30 (stored=0x0, computed=0x8ac123d6f7dce585)
[reader] chain append(fast): col=metrics, block_id=30, chain_len 5->6
[recovery] appended block: file=/tmp/walrus_sim_161803/sim_node/1700000058025, block_id=30, used=363, col=metrics, entries=3
[reader] header checksum mismatch at offset=167 in file=/tmp/walrus_sim_161803/sim_node/1700000058025, block_id=31 (stored=0x0, computed=0x8ac123d6f7dce585)
[reader] chain append(fast): col=logs, block_id=31, chain_len 8->9
[recovery] appended block: file=/tmp/walrus_sim_161803/sim_node/1700000058025, block_id=31, used=167, col=logs, entries=1
[reader] header checksum mismatch at offset=130 in file=/tmp/walrus_sim_161803/sim_node/1700000058025, block_id=32 (stored=0x0, computed=0x8ac123d6f7dce585)
[reader] chain append(fast): col=hard_state, block_id=32, chain_len 4->5
[recovery] appended block: file=/tmp/walrus_sim_161803/sim_node/1700000058025, block_id=32, used=130, col=hard_state, entries=1
[recovery] file /tmp/walrus_sim_161803/sim_node/1700000064625
[reader] trailer mismatch at offset=0 in file=/tmp/walrus_sim_161803/sim_node/1700000064625, block_id=33
[reader] header checksum mismatch at offset=101 in file=/tmp/walrus_sim_161803/sim_node/1700000064625, block_id=33 (stored=0x0, computed=0x8ac123d6f7dce585)
[reader] chain append(fast): col=hard_state, block_id=33, chain_len 5->6
[recovery] appended block: file=/tmp/walrus_sim_161803/sim_node/1700000064625, block_id=33, used=101, col=hard_state, entries=1
[recovery] file /tmp/walrus_sim_161803/sim_node/1700000071242
[recovery] file /tmp/walrus_sim_161803/sim_node/1700000077844
[reader] header checksum mismatch at offset=232 in file=/tmp/walrus_sim_161803/sim_node/1700000077844, block_id=34 (stored=0x0, computed=0x8ac123d6f7dce585)
[reader] chain append(fast): col=orders, block_id=34, chain_len 6->7
[recovery] appended block: file=/tmp/walrus_sim_161803/sim_node/1700000077844, block_id=34, used=232, col=orders, entries=2
[reader] header checksum mismatch at offset=368 in file=/tmp/walrus_sim_161803/sim_node/1700000077844, block_id=35 (stored=0x0, computed=0x3105a0f98ed89185)
[reader] chain append(fast): col=logs, block_id=35, chain_len 9->10
[recovery] appended block: file=/tmp/walrus_sim_161803/sim_node/1700000077844, block_id=35, used=368, col=logs, entries=3
[reader] header checksum mismatch at offset=1293 in file=/tmp/walrus_sim_161803/sim_node/1700000077844, block_id=36 (stored=0x0, computed=0x8ac123d6f7dce585)
[reader] chain append(fast): col=metrics, block_id=36, chain_len 6->7
[recovery] appended block: file=/tmp/walrus_sim_161803/sim_node/1700000077844, block_id=36, used=1293, col=metrics, entries=10
[recovery] file /tmp/walrus_sim_161803/sim_node/1700000084630
[reader] header checksum mismatch at offset=115 in file=/tmp/walrus_sim_161803/sim_node/1700000084630, block_id=37 (stored=0xf98c2ad5ac2aedae, computed=0x6ee538ca99ae51a6)
[reader] chain append(fast): col=metrics, block_id=37, chain_len 7->8
[recovery] appended block: file=/tmp/walrus_sim_161803/sim_node/1700000084630, block_id=37, used=115, col=metrics, entries=1
[recovery] file /tmp/walrus_sim_161803/sim_node/1700000091491
[recovery] SUMMARY - entries recovered per topic:
[recovery]   orders: 10 entries
[recovery]   hard_state: 6 entries
[recovery]   logs: 18 entries
[recovery]   metrics: 32 entries
[recovery]   log: 3 entries
[recovery]   log_recovery: 3 entries
[recovery] CHAIN LENGTHS after recovery:
[recovery]   orders: chain_len=7
[recovery]   log: chain_len=3
[recovery]   metrics: chain_len=8
[recovery]   logs: chain_len=10
[recovery]   hard_state: chain_len=6
[recovery]   log_recovery: chain_len=3
[alloc] handout: block_id=1, file=/tmp/walrus_sim_161803/sim_node/1700000091491, offset=0, limit=10485760
[writer] wrote (uncommitted): col=logs, block_id=1, offset_before=0, bytes=98, offset_after=98
[writer] immediate fsync: col=logs, block_id=1
[writer] wrote (uncommitted): col=logs, block_id=1, offset_before=98, bytes=117, offset_after=215
[writer] fsync FAILED, leaving uncommitted: col=logs, block_id=1, offset=98
[alloc] handout: block_id=2, file=/tmp/walrus_sim_161803/sim_node/1700000091491, offset=10485760, limit=10485760
[writer] wrote (uncommitted): col=metrics, block_id=2, offset_before=0, bytes=91, offset_after=91
[writer] immediate fsync: col=metrics, block_id=2
[writer] wrote (uncommitted): col=metrics, block_id=2, offset_before=91, bytes=177, offset_after=268
[writer] immediate fsync: col=metrics, block_id=2
[alloc] handout: block_id=3, file=/tmp/walrus_sim_161803/sim_node/1700000091491, offset=20971520, limit=10485760
[batch] START: col=orders, entries=6, total_bytes=798
[batch] planning complete: 6 write operations across 1 blocks
[batch] released batch_writing flag
[batch] START: col=logs, entries=15, total_bytes=2000
[batch] planning complete: 15 write operations across 1 blocks
[batch] released batch_writing flag
[writer] wrote (uncommitted): col=metrics, block_id=2, offset_before=268, bytes=177, offset_after=445
[writer] immediate fsync: col=metrics, block_id=2
[writer] wrote (uncommitted): col=logs, block_id=1, offset_before=98, bytes=112, offset_after=210
[writer] immediate fsync: col=logs, block_id=1
[alloc] handout: block_id=4, file=/tmp/walrus_sim_161803/sim_node/1700000091491, offset=31457280, limit=10485760
[writer] wrote (uncommitted): col=log, block_id=4, offset_before=0, bytes=120, offset_after=120
[writer] immediate fsync: col=log, block_id=4
[alloc] handout: block_id=5, file=/tmp/walrus_sim_161803/sim_node/1700000091491, offset=41943040, limit=10485760
[writer] wrote (uncommitted): col=log_recovery, block_id=5, offset_before=0, bytes=120, offset_after=120
[writer] immediate fsync: col=log_recovery, block_id=5
[reader] read_next start: col=hard_state_recovery, chain_len=0, idx=0, offset=0
[reader] read_next start: col=log_recovery, chain_len=3, idx=0, offset=0
[reader] read_next: OK col=log_recovery, block_id=11, consumed=93, new_offset=93
[reader] read_next start: col=metrics, chain_len=8, idx=0, offset=0
[reader] read_next: OK col=metrics, block_id=1, consumed=136, new_offset=136
[writer] wrote (uncommitted): col=metrics, block_id=2, offset_before=445, bytes=130, offset_after=575
[writer] immediate fsync: col=metrics, block_id=2
[writer] wrote (uncommitted): col=orders, block_id=3, offset_before=0, bytes=148, offset_after=148
[writer] immediate fsync: col=orders, block_id=3
[ORACLE] Recording write for orders[10] len=68
[alloc] handout: block_id=6, file=/tmp/walrus_sim_161803/sim_node/1700000091491, offset=52428800, limit=10485760
[writer] wrote (uncommitted): col=hard_state, block_id=6, offset_before=0, bytes=161, offset_after=161
[writer] fsync FAILED, leaving uncommitted: col=hard_state, block_id=6, offset=0
[writer] wrote (uncommitted): col=logs, block_id=1, offset_before=210, bytes=161, offset_after=371
[writer] immediate fsync: col=logs, block_id=1
[batch] START: col=metrics, entries=18, total_bytes=2598
[batch] planning complete: 18 write operations across 1 blocks
[batch] released batch_writing flag
[reader] read_next start: col=logs, chain_len=10, idx=5, offset=165
[reader] read_next: OK col=logs, block_id=15, consumed=158, new_offset=323
[writer] wrote (uncommitted): col=logs, block_id=1, offset_before=371, bytes=147, offset_after=518
[writer] immediate fsync: col=logs, block_id=1
[CRASH] Simulating crash. orders has 11 entries in Oracle
[walrus] new
[alloc] init: created file=/tmp/walrus_sim_161803/sim_node/1700000099050, max_file_size=1048576000B, block_size=10485760B
[recovery] scanning files: 17
[recovery] file /tmp/walrus_sim_161803/sim_node/1700000000002
[reader] header checksum mismatch at offset=136 in file=/tmp/walrus_sim_161803/sim_node/1700000000002, block_id=1 (stored=0x0, computed=0x8ac123d6f7dce585)
[reader] chain append(slow/new): col=metrics, block_id=1, chain_len 0->1
[recovery] appended block: file=/tmp/walrus_sim_161803/sim_node/1700000000002, block_id=1, used=136, col=metrics, entries=1
[reader] header checksum mismatch at offset=228 in file=/tmp/walrus_sim_161803/sim_node/1700000000002, block_id=2 (stored=0x0, computed=0x8ac123d6f7dce585)
[reader] chain append(slow/new): col=logs, block_id=2, chain_len 0->1
[recovery] appended block: file=/tmp/walrus_sim_161803/sim_node/1700000000002, block_id=2, used=228, col=logs, entries=2
[recovery] file /tmp/walrus_sim_161803/sim_node/1700000005229
[reader] header checksum mismatch at offset=168 in file=/tmp/walrus_sim_161803/sim_node/1700000005229, block_id=3 (stored=0x0, computed=0x8ac123d6f7dce585)
[reader] chain append(fast): col=logs, block_id=3, chain_len 1->2
[recovery] appended block: file=/tmp/walrus_sim_161803/sim_node/1700000005229, block_id=3, used=168, col=logs, entries=1
[reader] header checksum mismatch at offset=92 in file=/tmp/walrus_sim_161803/sim_node/1700000005229, block_id=4 (stored=0x0, computed=0x8ac123d6f7dce585)
[reader] chain append(slow/new): col=orders, block_id=4, chain_len 0->1
[recovery] appended block: file=/tmp/walrus_sim_161803/sim_node/1700000005229, block_id=4, used=92, col=orders, entries=1
[recovery] file /tmp/walrus_sim_161803/sim_node/1700000010672
[reader] header checksum mismatch at offset=408 in file=/tmp/walrus_sim_161803/sim_node/1700000010672, block_id=5 (stored=0x77363697274, computed=0x941c0bc236027762)
[reader] chain append(fast): col=metrics, block_id=5, chain_len 1->2
[recovery] appended block: file=/tmp/walrus_sim_161803/sim_node/1700000010672, block_id=5, used=408, col=metrics, entries=3
[reader] header checksum mismatch at offset=277 in file=/tmp/walrus_sim_161803/sim_node/1700000010672, block_id=6 (stored=0x0, computed=0x8ac123d6f7dce585)
[reader] chain append(fast): col=logs, block_id=6, chain_len 2->3
[recovery] appended block: file=/tmp/walrus_sim_161803/sim_node/1700000010672, block_id=6, used=277, col=logs, entries=2
[reader] header checksum mismatch at offset=136 in file=/tmp/walrus_sim_161803/sim_node/1700000010672, block_id=7 (stored=0x0, computed=0x8ac123d6f7dce585)
[reader] chain append(slow/new): col=hard_state, block_id=7, chain_len 0->1
[recovery] appended block: file=/tmp/walrus_sim_161803/sim_node/1700000010672, block_id=7, used=136, col=hard_state, entries=1
[reader] trailer mismatch at offset=0 in file=/tmp/walrus_sim_161803/sim_node/1700000010672, block_id=8
[recovery] file /tmp/walrus_sim_161803/sim_node/1700000016150
[reader] header checksum mismatch at offset=139 in file=/tmp/walrus_sim_161803/sim_node/1700000016150, block_id=8 (stored=0x0, computed=0x8ac123d6f7dce585)
[reader] chain append(fast): col=orders, block_id=8, chain_len 1->2
[recovery] appended block: file=/tmp/walrus_sim_161803/sim_node/1700000016150, block_id=8, used=139, col=orders, entries=1
[reader] header checksum mismatch at offset=475 in file=/tmp/walrus_sim_161803/sim_node/1700000016150, block_id=9 (stored=0x0, computed=0x8ac123d6f7dce585)
[reader] chain append(fast): col=metrics, block_id=9, chain_len 2->3
[recovery] appended block: file=/tmp/walrus_sim_161803/sim_node/1700000016150, block_id=9, used=475, col=metrics, entries=3
[reader] header checksum mismatch at offset=93 in file=/tmp/walrus_sim_161803/sim_node/1700000016150, block_id=10 (stored=0x0, computed=0x8ac123d6f7dce585)
[reader] chain append(slow/new): col=log, block_id=10, chain_len 0->1
[recovery] appended block: file=/tmp/walrus_sim_161803/sim_node/1700000016150, block_id=10, used=93, col=log, entries=1
[reader] header checksum mismatch at offset=93 in file=/tmp/walrus_sim_161803/sim_node/1700000016150, block_id=11 (stored=0x0, computed=0x8ac123d6f7dce585)
[reader] chain append(slow/new): col=log_recovery, block_id=11, chain_len 0->1
[recovery] appended block: file=/tmp/walrus_sim_161803/sim_node/1700000016150, block_id=11, used=93, col=log_recovery, entries=1
[reader] trailer mismatch at offset=335 in file=/tmp/walrus_sim_161803/sim_node/1700000016150, block_id=12
[reader] chain append(fast): col=logs, block_id=12, chain_len 3->4
[recovery] appended block: file=/tmp/walrus_sim_161803/sim_node/1700000016150, block_id=12, used=335, col=logs, entries=2
[recovery] file /tmp/walrus_sim_161803/sim_node/1700000021780
[recovery] file /tmp/walrus_sim_161803/sim_node/1700000027386
[reader] header checksum mismatch at offset=132 in file=/tmp/walrus_sim_161803/sim_node/1700000027386, block_id=13 (stored=0x0, computed=0x8ac123d6f7dce585)
[reader] chain append(fast): col=logs, block_id=13, chain_len 4->5
[recovery] appended block: file=/tmp/walrus_sim_161803/sim_node/1700000027386, block_id=13, used=132, col=logs, entries=1
[reader] header checksum mismatch at offset=134 in file=/tmp/walrus_sim_161803/sim_node/1700000027386, block_id=14 (stored=0x0, computed=0x8ac123d6f7dce585)
[reader] chain append(fast): col=hard_state, block_id=14, chain_len 1->2
[recovery] appended block: file=/tmp/walrus_sim_161803/sim_node/1700000027386, block_id=14, used=134, col=hard_state, entries=1
[reader] trailer mismatch at offset=0 in file=/tmp/walrus_sim_161803/sim_node/1700000027386, block_id=15
[recovery] file /tmp/walrus_sim_161803/sim_node/1700000033210
[reader] header checksum mismatch at offset=501 in file=/tmp/walrus_sim_161803/sim_node/1700000033210, block_id=15 (stored=0x0, computed=0x8ac123d6f7dce585)
[reader] chain append(fast): col=logs, block_id=15, chain_len 5->6
[recovery] appended block: file=/tmp/walrus_sim_161803/sim_node/1700000033210, block_id=15, used=501, col=logs, entries=3
[reader] trailer mismatch at offset=587 in file=/tmp/walrus_sim_161803/sim_node/1700000033210, block_id=16
[reader] chain append(fast): col=metrics, block_id=16, chain_len 3->4
[recovery] appended block: file=/tmp/walrus_sim_161803/sim_node/1700000033210, block_id=16, used=587, col=metrics, entries=5
[reader] header checksum mismatch at offset=142 in file=/tmp/walrus_sim_161803/sim_node/1700000033210, block_id=17 (stored=0x0, computed=0x8ac123d6f7dce585)
[reader] chain append(fast): col=log, block_id=17, chain_len 1->2
[recovery] appended block: file=/tmp/walrus_sim_161803/sim_node/1700000033210, block_id=17, used=142, col=log, entries=1
[reader] header checksum mismatch at offset=142 in file=/tmp/walrus_sim_161803/sim_node/1700000033210, block_id=18 (stored=0x0, computed=0x8ac123d6f7dce585)
[reader] chain append(fast): col=log_recovery, block_id=18, chain_len 1->2
[recovery] appended block: file=/tmp/walrus_sim_161803/sim_node/1700000033210, block_id=18, used=142, col=log_recovery, entries=1
[reader] header checksum mismatch at offset=165 in file=/tmp/walrus_sim_161803/sim_node/1700000033210, block_id=19 (stored=0x0, computed=0x8ac123d6f7dce585)
[reader] chain append(fast): col=hard_state, block_id=19, chain_len 2->3
[recovery] appended block: file=/tmp/walrus_sim_161803/sim_node/1700000033210, block_id=19, used=165, col=hard_state, entries=1
[reader] trailer mismatch at offset=0 in file=/tmp/walrus_sim_161803/sim_node/1700000033210, block_id=20
[recovery] file /tmp/walrus_sim_161803/sim_node/1700000039371
[reader] header checksum mismatch at offset=296 in file=/tmp/walrus_sim_161803/sim_node/1700000039371, block_id=20 (stored=0x0, computed=0x8ac123d6f7dce585)
[reader] chain append(fast): col=logs, block_id=20, chain_len 6->7
[recovery] appended block: file=/tmp/walrus_sim_161803/sim_node/1700000039371, block_id=20, used=296, col=logs, entries=2
[reader] trailer mismatch at offset=333 in file=/tmp/walrus_sim_161803/sim_node/1700000039371, block_id=21
[reader] chain append(fast): col=orders, block_id=21, chain_len 2->3
[recovery] appended block: file=/tmp/walrus_sim_161803/sim_node/1700000039371, block_id=21, used=333, col=orders, entries=2
[reader] header checksum mismatch at offset=129 in file=/tmp/walrus_sim_161803/sim_node/1700000039371, block_id=22 (stored=0x0, computed=0x8ac123d6f7dce585)
[reader] chain append(fast): col=hard_state, block_id=22, chain_len 3->4
[recovery] appended block: file=/tmp/walrus_sim_161803/sim_node/1700000039371, block_id=22, used=129, col=hard_state, entries=1
[reader] header checksum mismatch at offset=739 in file=/tmp/walrus_sim_161803/sim_node/1700000039371, block_id=23 (stored=0x0, computed=0x8ac123d6f7dce585)
[reader] chain append(fast): col=metrics, block_id=23, chain_len 4->5
[recovery] appended block: file=/tmp/walrus_sim_161803/sim_node/1700000039371, block_id=23, used=739, col=metrics, entries=6
[recovery] file /tmp/walrus_sim_161803/sim_node/1700000045499
[reader] trailer mismatch at offset=169 in file=/tmp/walrus_sim_161803/sim_node/1700000045499, block_id=24
[reader] chain append(fast): col=orders, block_id=24, chain_len 3->4
[recovery] appended block: file=/tmp/walrus_sim_161803/sim_node/1700000045499, block_id=24, used=169, col=orders, entries=1
[reader] trailer mismatch at offset=0 in file=/tmp/walrus_sim_161803/sim_node/1700000045499, block_id=25
[recovery] file /tmp/walrus_sim_161803/sim_node/1700000051741
[reader] header checksum mismatch at offset=177 in file=/tmp/walrus_sim_161803/sim_node/1700000051741, block_id=25 (stored=0x0, computed=0x8ac123d6f7dce585)
[reader] chain append(fast): col=orders, block_id=25, chain_len 4->5
[recovery] appended block: file=/tmp/walrus_sim_161803/sim_node/1700000051741, block_id=25, used=177, col=orders, entries=1
[reader] header checksum mismatch at offset=178 in file=/tmp/walrus_sim_161803/sim_node/1700000051741, block_id=26 (stored=0x0, computed=0x8ac123d6f7dce585)
[reader] chain append(fast): col=logs, block_id=26, chain_len 7->8
[recovery] appended block: file=/tmp/walrus_sim_161803/sim_node/1700000051741, block_id=26, used=178, col=logs, entries=1
[reader] trailer mismatch at offset=0 in file=/tmp/walrus_sim_161803/sim_node/1700000051741, block_id=27
[recovery] file /tmp/walrus_sim_161803/sim_node/1700000058025
[reader] header checksum mismatch at offset=111 in file=/tmp/walrus_sim_161803/sim_node/1700000058025, block_id=27 (stored=0x0, computed=0x8ac123d6f7dce585)
[reader] chain append(fast): col=log, block_id=27, chain_len 2->3
[recovery] appended block: file=/tmp/walrus_sim_161803/sim_node/1700000058025, block_id=27, used=111, col=log, entries=1
[reader] header checksum mismatch at offset=111 in file=/tmp/walrus_sim_161803/sim_node/1700000058025, block_id=28 (stored=0x0, computed=0x8ac123d6f7dce585)
[reader] chain append(fast): col=log_recovery, block_id=28, chain_len 2->3
[recovery] appended block: file=/tmp/walrus_sim_161803/sim_node/1700000058025, block_id=28, used=111, col=log_recovery, entries=1
[reader] header checksum mismatch at offset=339 in file=/tmp/walrus_sim_161803/sim_node/1700000058025, block_id=29 (stored=0x0, computed=0x8ac123d6f7dce585)
[reader] chain append(fast): col=orders, block_id=29, chain_len 5->6
[recovery] appended block: file=/tmp/walrus_sim_161803/sim_node/1700000058025, block_id=29, used=339, col=orders, entries=2
[reader] header checksum mismatch at offset=363 in file=/tmp/walrus_sim_161803/sim_node/1700000058025, block_id=30 (stored=0x0, computed=0x8ac123d6f7dce585)
[reader] chain append(fast): col=metrics, block_id=30, chain_len 5->6
[recovery] appended block: file=/tmp/walrus_sim_161803/sim_node/1700000058025, block_id=30, used=363, col=metrics, entries=3
[reader] header checksum mismatch at offset=167 in file=/tmp/walrus_sim_161803/sim_node/1700000058025, block_id=31 (stored=0x0, computed=0x8ac123d6f7dce585)
[reader] chain append(fast): col=logs, block_id=31, chain_len 8->9
[recovery] appended block: file=/tmp/walrus_sim_161803/sim_node/1700000058025, block_id=31, used=167, col=logs, entries=1
[reader] header checksum mismatch at offset=130 in file=/tmp/walrus_sim_161803/sim_node/1700000058025, block_id=32 (stored=0x0, computed=0x8ac123d6f7dce585)
[reader] chain append(fast): col=hard_state, block_id=32, chain_len 4->5
[recovery] appended block: file=/tmp/walrus_sim_161803/sim_node/1700000058025, block_id=32, used=130, col=hard_state, entries=1
[recovery] file /tmp/walrus_sim_161803/sim_node/1700000064625
[reader] trailer mismatch at offset=0 in file=/tmp/walrus_sim_161803/sim_node/1700000064625, block_id=33
[reader] header checksum mismatch at offset=101 in file=/tmp/walrus_sim_161803/sim_node/1700000064625, block_id=33 (stored=0x0, computed=0x8ac123d6f7dce585)
[reader] chain append(fast): col=hard_state, block_id=33, chain_len 5->6
[recovery] appended block: file=/tmp/walrus_sim_161803/sim_node/1700000064625, block_id=33, used=101, col=hard_state, entries=1
[recovery] file /tmp/walrus_sim_161803/sim_node/1700000071242
[recovery] file /tmp/walrus_sim_161803/sim_node/1700000077844
[reader] header checksum mismatch at offset=232 in file=/tmp/walrus_sim_161803/sim_node/1700000077844, block_id=34 (stored=0x0, computed=0x8ac123d6f7dce585)
[reader] chain append(fast): col=orders, block_id=34, chain_len 6->7
[recovery] appended block: file=/tmp/walrus_sim_161803/sim_node/1700000077844, block_id=34, used=232, col=orders, entries=2
[reader] header checksum mismatch at offset=368 in file=/tmp/walrus_sim_161803/sim_node/1700000077844, block_id=35 (stored=0x0, computed=0x3105a0f98ed89185)
[reader] chain append(fast): col=logs, block_id=35, chain_len 9->10
[recovery] appended block: file=/tmp/walrus_sim_161803/sim_node/1700000077844, block_id=35, used=368, col=logs, entries=3
[reader] header checksum mismatch at offset=1293 in file=/tmp/walrus_sim_161803/sim_node/1700000077844, block_id=36 (stored=0x0, computed=0x8ac123d6f7dce585)
[reader] chain append(fast): col=metrics, block_id=36, chain_len 6->7
[recovery] appended block: file=/tmp/walrus_sim_161803/sim_node/1700000077844, block_id=36, used=1293, col=metrics, entries=10
[recovery] file /tmp/walrus_sim_161803/sim_node/1700000084630
[reader] header checksum mismatch at offset=115 in file=/tmp/walrus_sim_161803/sim_node/1700000084630, block_id=37 (stored=0xf98c2ad5ac2aedae, computed=0x6ee538ca99ae51a6)
[reader] chain append(fast): col=metrics, block_id=37, chain_len 7->8
[recovery] appended block: file=/tmp/walrus_sim_161803/sim_node/1700000084630, block_id=37, used=115, col=metrics, entries=1
[recovery] file /tmp/walrus_sim_161803/sim_node/1700000091491
[reader] header checksum mismatch at offset=518 in file=/tmp/walrus_sim_161803/sim_node/1700000091491, block_id=38 (stored=0x0, computed=0x8ac123d6f7dce585)
[reader] chain append(fast): col=logs, block_id=38, chain_len 10->11
[recovery] appended block: file=/tmp/walrus_sim_161803/sim_node/1700000091491, block_id=38, used=518, col=logs, entries=4
[reader] trailer mismatch at offset=575 in file=/tmp/walrus_sim_161803/sim_node/1700000091491, block_id=39
[reader] chain append(fast): col=metrics, block_id=39, chain_len 8->9
[recovery] appended block: file=/tmp/walrus_sim_161803/sim_node/1700000091491, block_id=39, used=575, col=metrics, entries=4
[reader] header checksum mismatch at offset=148 in file=/tmp/walrus_sim_161803/sim_node/1700000091491, block_id=40 (stored=0x1adf5c0000000000, computed=0x376809fbcd8a78c9)
[reader] chain append(fast): col=orders, block_id=40, chain_len 7->8
[recovery] appended block: file=/tmp/walrus_sim_161803/sim_node/1700000091491, block_id=40, used=148, col=orders, entries=1
[reader] header checksum mismatch at offset=120 in file=/tmp/walrus_sim_161803/sim_node/1700000091491, block_id=41 (stored=0x0, computed=0x8ac123d6f7dce585)
[reader] chain append(fast): col=log, block_id=41, chain_len 3->4
[recovery] appended block: file=/tmp/walrus_sim_161803/sim_node/1700000091491, block_id=41, used=120, col=log, entries=1
[reader] header checksum mismatch at offset=120 in file=/tmp/walrus_sim_161803/sim_node/1700000091491, block_id=42 (stored=0x0, computed=0x8ac123d6f7dce585)
[reader] chain append(fast): col=log_recovery, block_id=42, chain_len 3->4
[recovery] appended block: file=/tmp/walrus_sim_161803/sim_node/1700000091491, block_id=42, used=120, col=log_recovery, entries=1
[reader] trailer mismatch at offset=0 in file=/tmp/walrus_sim_161803/sim_node/1700000091491, block_id=43
[recovery] file /tmp/walrus_sim_161803/sim_node/1700000099050
[recovery] SUMMARY - entries recovered per topic:
[recovery]   logs: 22 entries
[recovery]   hard_state: 6 entries
[recovery]   metrics: 36 entries
[recovery]   orders: 11 entries
[recovery]   log: 4 entries
[recovery]   log_recovery: 4 entries
[recovery] CHAIN LENGTHS after recovery:
[recovery]   metrics: chain_len=9
[recovery]   hard_state: chain_len=6
[recovery]   log: chain_len=4
[recovery]   logs: chain_len=11
[recovery]   log_recovery: chain_len=4
[recovery]   orders: chain_len=8
[alloc] handout: block_id=1, file=/tmp/walrus_sim_161803/sim_node/1700000099050, offset=0, limit=10485760
[writer] wrote (uncommitted): col=metrics, block_id=1, offset_before=0, bytes=101, offset_after=101
[writer] immediate fsync: col=metrics, block_id=1
[alloc] handout: block_id=2, file=/tmp/walrus_sim_161803/sim_node/1700000099050, offset=10485760, limit=10485760
[batch] START: col=orders, entries=18, total_bytes=2500
[batch] planning complete: 18 write operations across 1 blocks
[batch] released batch_writing flag
[alloc] handout: block_id=3, file=/tmp/walrus_sim_161803/sim_node/1700000099050, offset=20971520, limit=10485760
[writer] wrote (uncommitted): col=logs, block_id=3, offset_before=0, bytes=133, offset_after=133
[writer] immediate fsync: col=logs, block_id=3
[reader] read_next start: col=hard_state_recovery, chain_len=0, idx=0, offset=0
[writer] wrote (uncommitted): col=orders, block_id=2, offset_before=0, bytes=110, offset_after=110
[writer] immediate fsync: col=orders, block_id=2
[ORACLE] Recording write for orders[11] len=30
[batch] START: col=metrics, entries=15, total_bytes=1850
[batch] planning complete: 15 write operations across 1 blocks
[batch] released batch_writing flag
[writer] wrote (uncommitted): col=metrics, block_id=1, offset_before=101, bytes=97, offset_after=198
[writer] immediate fsync: col=metrics, block_id=1
[writer] wrote (uncommitted): col=metrics, block_id=1, offset_before=198, bytes=111, offset_after=309
[writer] immediate fsync: col=metrics, block_id=1
[writer] wrote (uncommitted): col=orders, block_id=2, offset_before=110, bytes=159, offset_after=269
[writer] immediate fsync: col=orders, block_id=2
[ORACLE] Recording write for orders[12] len=79
[alloc] handout: block_id=4, file=/tmp/walrus_sim_161803/sim_node/1700000099050, offset=31457280, limit=10485760
[writer] wrote (uncommitted): col=log, block_id=4, offset_before=0, bytes=96, offset_after=96
[writer] immediate fsync: col=log, block_id=4
[alloc] handout: block_id=5, file=/tmp/walrus_sim_161803/sim_node/1700000099050, offset=41943040, limit=10485760
[writer] wrote (uncommitted): col=log_recovery, block_id=5, offset_before=0, bytes=96, offset_after=96
[writer] immediate fsync: col=log_recovery, block_id=5
[writer] wrote (uncommitted): col=orders, block_id=2, offset_before=269, bytes=174, offset_after=443
[writer] immediate fsync: col=orders, block_id=2
[ORACLE] Recording write for orders[13] len=94
[writer] wrote (uncommitted): col=orders, block_id=2, offset_before=443, bytes=124, offset_after=567
[writer] immediate fsync: col=orders, block_id=2
[ORACLE] Recording write for orders[14] len=44
[writer] wrote (uncommitted): col=orders, block_id=2, offset_before=567, bytes=152, offset_after=719
[writer] immediate fsync: col=orders, block_id=2
[ORACLE] Recording write for orders[15] len=72
[batch] START: col=orders, entries=19, total_bytes=2471
[batch] planning complete: 19 write operations across 1 blocks
[batch] released batch_writing flag
[writer] wrote (uncommitted): col=logs, block_id=3, offset_before=133, bytes=116, offset_after=249
[writer] fsync FAILED, leaving uncommitted: col=logs, block_id=3, offset=133
[writer] wrote (uncommitted): col=orders, block_id=2, offset_before=719, bytes=135, offset_after=854
[writer] immediate fsync: col=orders, block_id=2
[ORACLE] Recording write for orders[16] len=55
[writer] wrote (uncommitted): col=logs, block_id=3, offset_before=133, bytes=147, offset_after=280
[writer] immediate fsync: col=logs, block_id=3
[batch] START: col=orders, entries=5, total_bytes=757
[batch] planning complete: 5 write operations across 1 blocks
[batch] SUCCESS (mmap): wrote 5 entries, 757 bytes to topic=orders
[batch] released batch_writing flag
[ORACLE] Recording write for orders[17] len=83
[ORACLE] Recording write for orders[18] len=90
[ORACLE] Recording write for orders[19] len=50
[ORACLE] Recording write for orders[20] len=46
[ORACLE] Recording write for orders[21] len=88
[reader] read_next start: col=metrics, chain_len=9, idx=0, offset=0
[reader] read_next: OK col=metrics, block_id=1, consumed=136, new_offset=136
[reader] read_next start: col=hard_state, chain_len=6, idx=0, offset=0
[reader] read_next: OK col=hard_state, block_id=7, consumed=136, new_offset=136
[writer] wrote (uncommitted): col=orders, block_id=2, offset_before=1611, bytes=104, offset_after=1715
[writer] immediate fsync: col=orders, block_id=2
[ORACLE] Recording write for orders[22] len=24
[reader] read_next start: col=log, chain_len=4, idx=0, offset=0
[reader] read_next: OK col=log, block_id=10, consumed=93, new_offset=93
[reader] read_next start: col=hard_state, chain_len=6, idx=0, offset=136
[reader] read_next: advance block col=hard_state, block_id=7, offset=136, used=136
[reader] read_next: OK col=hard_state, block_id=14, consumed=134, new_offset=134
[batch] START: col=logs, entries=16, total_bytes=2114
[batch] planning complete: 16 write operations across 1 blocks
[batch] released batch_writing flag
[writer] wrote (uncommitted): col=orders, block_id=2, offset_before=1715, bytes=147, offset_after=1862
[writer] immediate fsync: col=orders, block_id=2
[ORACLE] Recording write for orders[23] len=67
[reader] read_next start: col=metrics, chain_len=9, idx=0, offset=136
[reader] read_next: advance block col=metrics, block_id=1, offset=136, used=136
[reader] read_next: OK col=metrics, block_id=5, consumed=139, new_offset=139
[writer] wrote (uncommitted): col=metrics, block_id=1, offset_before=309, bytes=151, offset_after=460
[writer] immediate fsync: col=metrics, block_id=1
[batch] START: col=logs, entries=13, total_bytes=1842
[batch] planning complete: 13 write operations across 1 blocks
[batch] released batch_writing flag
[writer] wrote (uncommitted): col=logs, block_id=3, offset_before=280, bytes=141, offset_after=421
[writer] immediate fsync: col=logs, block_id=3
[reader] read_next start: col=metrics, chain_len=9, idx=1, offset=139
[reader] read_next: OK col=metrics, block_id=5, consumed=127, new_offset=266
[reader] read_next start: col=hard_state, chain_len=6, idx=1, offset=134
[reader] read_next: advance block col=hard_state, block_id=14, offset=134, used=134
[reader] read_next: OK col=hard_state, block_id=19, consumed=165, new_offset=165
[writer] wrote (uncommitted): col=metrics, block_id=1, offset_before=460, bytes=96, offset_after=556
[writer] immediate fsync: col=metrics, block_id=1
[CRASH] Simulating crash. orders has 24 entries in Oracle
[walrus] new
[alloc] init: created file=/tmp/walrus_sim_161803/sim_node/1700000106712, max_file_size=1048576000B, block_size=10485760B
[recovery] scanning files: 18
[recovery] file /tmp/walrus_sim_161803/sim_node/1700000000002
[reader] header checksum mismatch at offset=136 in file=/tmp/walrus_sim_161803/sim_node/1700000000002, block_id=1 (stored=0x0, computed=0x8ac123d6f7dce585)
[reader] chain append(slow/new): col=metrics, block_id=1, chain_len 0->1
[recovery] appended block: file=/tmp/walrus_sim_161803/sim_node/1700000000002, block_id=1, used=136, col=metrics, entries=1
[reader] header checksum mismatch at offset=228 in file=/tmp/walrus_sim_161803/sim_node/1700000000002, block_id=2 (stored=0x0, computed=0x8ac123d6f7dce585)
[reader] chain append(slow/new): col=logs, block_id=2, chain_len 0->1
[recovery] appended block: file=/tmp/walrus_sim_161803/sim_node/1700000000002, block_id=2, used=228, col=logs, entries=2
[recovery] file /tmp/walrus_sim_161803/sim_node/1700000005229
[reader] header checksum mismatch at offset=168 in file=/tmp/walrus_sim_161803/sim_node/1700000005229, block_id=3 (stored=0x0, computed=0x8ac123d6f7dce585)
[reader] chain append(fast): col=logs, block_id=3, chain_len 1->2
[recovery] appended block: file=/tmp/walrus_sim_161803/sim_node/1700000005229, block_id=3, used=168, col=logs, entries=1
[reader] header checksum mismatch at offset=92 in file=/tmp/walrus_sim_161803/sim_node/1700000005229, block_id=4 (stored=0x0, computed=0x8ac123d6f7dce585)
[reader] chain append(slow/new): col=orders, block_id=4, chain_len 0->1
[recovery] appended block: file=/tmp/walrus_sim_161803/sim_node/1700000005229, block_id=4, used=92, col=orders, entries=1
[recovery] file /tmp/walrus_sim_161803/sim_node/1700000010672
[reader] header checksum mismatch at offset=408 in file=/tmp/walrus_sim_161803/sim_node/1700000010672, block_id=5 (stored=0x77363697274, computed=0x941c0bc236027762)
[reader] chain append(fast): col=metrics, block_id=5, chain_len 1->2
[recovery] appended block: file=/tmp/walrus_sim_161803/sim_node/1700000010672, block_id=5, used=408, col=metrics, entries=3
[reader] header checksum mismatch at offset=277 in file=/tmp/walrus_sim_161803/sim_node/1700000010672, block_id=6 (stored=0x0, computed=0x8ac123d6f7dce585)
[reader] chain append(fast): col=logs, block_id=6, chain_len 2->3
[recovery] appended block: file=/tmp/walrus_sim_161803/sim_node/1700000010672, block_id=6, used=277, col=logs, entries=2
[reader] header checksum mismatch at offset=136 in file=/tmp/walrus_sim_161803/sim_node/1700000010672, block_id=7 (stored=0x0, computed=0x8ac123d6f7dce585)
[reader] chain append(slow/new): col=hard_state, block_id=7, chain_len 0->1
[recovery] appended block: file=/tmp/walrus_sim_161803/sim_node/1700000010672, block_id=7, used=136, col=hard_state, entries=1
[reader] trailer mismatch at offset=0 in file=/tmp/walrus_sim_161803/sim_node/1700000010672, block_id=8
[recovery] file /tmp/walrus_sim_161803/sim_node/1700000016150
[reader] header checksum mismatch at offset=139 in file=/tmp/walrus_sim_161803/sim_node/1700000016150, block_id=8 (stored=0x0, computed=0x8ac123d6f7dce585)
[reader] chain append(fast): col=orders, block_id=8, chain_len 1->2
[recovery] appended block: file=/tmp/walrus_sim_161803/sim_node/1700000016150, block_id=8, used=139, col=orders, entries=1
[reader] header checksum mismatch at offset=475 in file=/tmp/walrus_sim_161803/sim_node/1700000016150, block_id=9 (stored=0x0, computed=0x8ac123d6f7dce585)
[reader] chain append(fast): col=metrics, block_id=9, chain_len 2->3
[recovery] appended block: file=/tmp/walrus_sim_161803/sim_node/1700000016150, block_id=9, used=475, col=metrics, entries=3
[reader] header checksum mismatch at offset=93 in file=/tmp/walrus_sim_161803/sim_node/1700000016150, block_id=10 (stored=0x0, computed=0x8ac123d6f7dce585)
[reader] chain append(slow/new): col=log, block_id=10, chain_len 0->1
[recovery] appended block: file=/tmp/walrus_sim_161803/sim_node/1700000016150, block_id=10, used=93, col=log, entries=1
[reader] header checksum mismatch at offset=93 in file=/tmp/walrus_sim_161803/sim_node/1700000016150, block_id=11 (stored=0x0, computed=0x8ac123d6f7dce585)
[reader] chain append(slow/new): col=log_recovery, block_id=11, chain_len 0->1
[recovery] appended block: file=/tmp/walrus_sim_161803/sim_node/1700000016150, block_id=11, used=93, col=log_recovery, entries=1
[reader] trailer mismatch at offset=335 in file=/tmp/walrus_sim_161803/sim_node/1700000016150, block_id=12
[reader] chain append(fast): col=logs, block_id=12, chain_len 3->4
[recovery] appended block: file=/tmp/walrus_sim_161803/sim_node/1700000016150, block_id=12, used=335, col=logs, entries=2
[recovery] file /tmp/walrus_sim_161803/sim_node/1700000021780
[recovery] file /tmp/walrus_sim_161803/sim_node/1700000027386
[reader] header checksum mismatch at offset=132 in file=/tmp/walrus_sim_161803/sim_node/1700000027386, block_id=13 (stored=0x0, computed=0x8ac123d6f7dce585)
[reader] chain append(fast): col=logs, block_id=13, chain_len 4->5
[recovery] appended block: file=/tmp/walrus_sim_161803/sim_node/1700000027386, block_id=13, used=132, col=logs, entries=1
[reader] header checksum mismatch at offset=134 in file=/tmp/walrus_sim_161803/sim_node/1700000027386, block_id=14 (stored=0x0, computed=0x8ac123d6f7dce585)
[reader] chain append(fast): col=hard_state, block_id=14, chain_len 1->2
[recovery] appended block: file=/tmp/walrus_sim_161803/sim_node/1700000027386, block_id=14, used=134, col=hard_state, entries=1
[reader] trailer mismatch at offset=0 in file=/tmp/walrus_sim_161803/sim_node/1700000027386, block_id=15
[recovery] file /tmp/walrus_sim_161803/sim_node/1700000033210
[reader] header checksum mismatch at offset=501 in file=/tmp/walrus_sim_161803/sim_node/1700000033210, block_id=15 (stored=0x0, computed=0x8ac123d6f7dce585)
[reader] chain append(fast): col=logs, block_id=15, chain_len 5->6
[recovery] appended block: file=/tmp/walrus_sim_161803/sim_node/1700000033210, block_id=15, used=501, col=logs, entries=3
[reader] trailer mismatch at offset=587 in file=/tmp/walrus_sim_161803/sim_node/1700000033210, block_id=16
[reader] chain append(fast): col=metrics, block_id=16, chain_len 3->4
[recovery] appended block: file=/tmp/walrus_sim_161803/sim_node/1700000033210, block_id=16, used=587, col=metrics, entries=5
[reader] header checksum mismatch at offset=142 in file=/tmp/walrus_sim_161803/sim_node/1700000033210, block_id=17 (stored=0x0, computed=0x8ac123d6f7dce585)
[reader] chain append(fast): col=log, block_id=17, chain_len 1->2
[recovery] appended block: file=/tmp/walrus_sim_161803/sim_node/1700000033210, block_id=17, used=142, col=log, entries=1
[reader] header checksum mismatch at offset=142 in file=/tmp/walrus_sim_161803/sim_node/1700000033210, block_id=18 (stored=0x0, computed=0x8ac123d6f7dce585)
[reader] chain append(fast): col=log_recovery, block_id=18, chain_len 1->2
[recovery] appended block: file=/tmp/walrus_sim_161803/sim_node/1700000033210, block_id=18, used=142, col=log_recovery, entries=1
[reader] header checksum mismatch at offset=165 in file=/tmp/walrus_sim_161803/sim_node/1700000033210, block_id=19 (stored=0x0, computed=0x8ac123d6f7dce585)
[reader] chain append(fast): col=hard_state, block_id=19, chain_len 2->3
[recovery] appended block: file=/tmp/walrus_sim_161803/sim_node/1700000033210, block_id=19, used=165, col=hard_state, entries=1
[reader] trailer mismatch at offset=0 in file=/tmp/walrus_sim_161803/sim_node/1700000033210, block_id=20
[recovery] file /tmp/walrus_sim_161803/sim_node/1700000039371
[reader] header checksum mismatch at offset=296 in file=/tmp/walrus_sim_161803/sim_node/1700000039371, block_id=20 (stored=0x0, computed=0x8ac123d6f7dce585)
[reader] chain append(fast): col=logs, block_id=20, chain_len 6->7
[recovery] appended block: file=/tmp/walrus_sim_161803/sim_node/1700000039371, block_id=20, used=296, col=logs, entries=2
[reader] trailer mismatch at offset=333 in file=/tmp/walrus_sim_161803/sim_node/1700000039371, block_id=21
[reader] chain append(fast): col=orders, block_id=21, chain_len 2->3
[recovery] appended block: file=/tmp/walrus_sim_161803/sim_node/1700000039371, block_id=21, used=333, col=orders, entries=2
[reader] header checksum mismatch at offset=129 in file=/tmp/walrus_sim_161803/sim_node/1700000039371, block_id=22 (stored=0x0, computed=0x8ac123d6f7dce585)
[reader] chain append(fast): col=hard_state, block_id=22, chain_len 3->4
[recovery] appended block: file=/tmp/walrus_sim_161803/sim_node/1700000039371, block_id=22, used=129, col=hard_state, entries=1
[reader] header checksum mismatch at offset=739 in file=/tmp/walrus_sim_161803/sim_node/1700000039371, block_id=23 (stored=0x0, computed=0x8ac123d6f7dce585)
[reader] chain append(fast): col=metrics, block_id=23, chain_len 4->5
[recovery] appended block: file=/tmp/walrus_sim_161803/sim_node/1700000039371, block_id=23, used=739, col=metrics, entries=6
[recovery] file /tmp/walrus_sim_161803/sim_node/1700000045499
[reader] trailer mismatch at offset=169 in file=/tmp/walrus_sim_161803/sim_node/1700000045499, block_id=24
[reader] chain append(fast): col=orders, block_id=24, chain_len 3->4
[recovery] appended block: file=/tmp/walrus_sim_161803/sim_node/1700000045499, block_id=24, used=169, col=orders, entries=1
[reader] trailer mismatch at offset=0 in file=/tmp/walrus_sim_161803/sim_node/1700000045499, block_id=25
[recovery] file /tmp/walrus_sim_161803/sim_node/1700000051741
[reader] header checksum mismatch at offset=177 in file=/tmp/walrus_sim_161803/sim_node/1700000051741, block_id=25 (stored=0x0, computed=0x8ac123d6f7dce585)
[reader] chain append(fast): col=orders, block_id=25, chain_len 4->5
[recovery] appended block: file=/tmp/walrus_sim_161803/sim_node/1700000051741, block_id=25, used=177, col=orders, entries=1
[reader] header checksum mismatch at offset=178 in file=/tmp/walrus_sim_161803/sim_node/1700000051741, block_id=26 (stored=0x0, computed=0x8ac123d6f7dce585)
[reader] chain append(fast): col=logs, block_id=26, chain_len 7->8
[recovery] appended block: file=/tmp/walrus_sim_161803/sim_node/1700000051741, block_id=26, used=178, col=logs, entries=1
[reader] trailer mismatch at offset=0 in file=/tmp/walrus_sim_161803/sim_node/1700000051741, block_id=27
[recovery] file /tmp/walrus_sim_161803/sim_node/1700000058025
[reader] header checksum mismatch at offset=111 in file=/tmp/walrus_sim_161803/sim_node/1700000058025, block_id=27 (stored=0x0, computed=0x8ac123d6f7dce585)
[reader] chain append(fast): col=log, block_id=27, chain_len 2->3
[recovery] appended block: file=/tmp/walrus_sim_161803/sim_node/1700000058025, block_id=27, used=111, col=log, entries=1
[reader] header checksum mismatch at offset=111 in file=/tmp/walrus_sim_161803/sim_node/1700000058025, block_id=28 (stored=0x0, computed=0x8ac123d6f7dce585)
[reader] chain append(fast): col=log_recovery, block_id=28, chain_len 2->3
[recovery] appended block: file=/tmp/walrus_sim_161803/sim_node/1700000058025, block_id=28, used=111, col=log_recovery, entries=1
[reader] header checksum mismatch at offset=339 in file=/tmp/walrus_sim_161803/sim_node/1700000058025, block_id=29 (stored=0x0, computed=0x8ac123d6f7dce585)
[reader] chain append(fast): col=orders, block_id=29, chain_len 5->6
[recovery] appended block: file=/tmp/walrus_sim_161803/sim_node/1700000058025, block_id=29, used=339, col=orders, entries=2
[reader] header checksum mismatch at offset=363 in file=/tmp/walrus_sim_161803/sim_node/1700000058025, block_id=30 (stored=0x0, computed=0x8ac123d6f7dce585)
[reader] chain append(fast): col=metrics, block_id=30, chain_len 5->6
[recovery] appended block: file=/tmp/walrus_sim_161803/sim_node/1700000058025, block_id=30, used=363, col=metrics, entries=3
[reader] header checksum mismatch at offset=167 in file=/tmp/walrus_sim_161803/sim_node/1700000058025, block_id=31 (stored=0x0, computed=0x8ac123d6f7dce585)
[reader] chain append(fast): col=logs, block_id=31, chain_len 8->9
[recovery] appended block: file=/tmp/walrus_sim_161803/sim_node/1700000058025, block_id=31, used=167, col=logs, entries=1
[reader] header checksum mismatch at offset=130 in file=/tmp/walrus_sim_161803/sim_node/1700000058025, block_id=32 (stored=0x0, computed=0x8ac123d6f7dce585)
[reader] chain append(fast): col=hard_state, block_id=32, chain_len 4->5
[recovery] appended block: file=/tmp/walrus_sim_161803/sim_node/1700000058025, block_id=32, used=130, col=hard_state, entries=1
[recovery] file /tmp/walrus_sim_161803/sim_node/1700000064625
[reader] trailer mismatch at offset=0 in file=/tmp/walrus_sim_161803/sim_node/1700000064625, block_id=33
[reader] header checksum mismatch at offset=101 in file=/tmp/walrus_sim_161803/sim_node/1700000064625, block_id=33 (stored=0x0, computed=0x8ac123d6f7dce585)
[reader] chain append(fast): col=hard_state, block_id=33, chain_len 5->6
[recovery] appended block: file=/tmp/walrus_sim_161803/sim_node/1700000064625, block_id=33, used=101, col=hard_state, entries=1
[recovery] file /tmp/walrus_sim_161803/sim_node/1700000071242
[recovery] file /tmp/walrus_sim_161803/sim_node/1700000077844
[reader] header checksum mismatch at offset=232 in file=/tmp/walrus_sim_161803/sim_node/1700000077844, block_id=34 (stored=0x0, computed=0x8ac123d6f7dce585)
[reader] chain append(fast): col=orders, block_id=34, chain_len 6->7
[recovery] appended block: file=/tmp/walrus_sim_161803/sim_node/1700000077844, block_id=34, used=232, col=orders, entries=2
[reader] header checksum mismatch at offset=368 in file=/tmp/walrus_sim_161803/sim_node/1700000077844, block_id=35 (stored=0x0, computed=0x3105a0f98ed89185)
[reader] chain append(fast): col=logs, block_id=35, chain_len 9->10
[recovery] appended block: file=/tmp/walrus_sim_161803/sim_node/1700000077844, block_id=35, used=368, col=logs, entries=3
[reader] header checksum mismatch at offset=1293 in file=/tmp/walrus_sim_161803/sim_node/1700000077844, block_id=36 (stored=0x0, computed=0x8ac123d6f7dce585)
[reader] chain append(fast): col=metrics, block_id=36, chain_len 6->7
[recovery] appended block: file=/tmp/walrus_sim_161803/sim_node/1700000077844, block_id=36, used=1293, col=metrics, entries=10
[recovery] file /tmp/walrus_sim_161803/sim_node/1700000084630
[reader] header checksum mismatch at offset=115 in file=/tmp/walrus_sim_161803/sim_node/1700000084630, block_id=37 (stored=0xf98c2ad5ac2aedae, computed=0x6ee538ca99ae51a6)
[reader] chain append(fast): col=metrics, block_id=37, chain_len 7->8
[recovery] appended block: file=/tmp/walrus_sim_161803/sim_node/1700000084630, block_id=37, used=115, col=metrics, entries=1
[recovery] file /tmp/walrus_sim_161803/sim_node/1700000091491
[reader] header checksum mismatch at offset=518 in file=/tmp/walrus_sim_161803/sim_node/1700000091491, block_id=38 (stored=0x0, computed=0x8ac123d6f7dce585)
[reader] chain append(fast): col=logs, block_id=38, chain_len 10->11
[recovery] appended block: file=/tmp/walrus_sim_161803/sim_node/1700000091491, block_id=38, used=518, col=logs, entries=4
[reader] trailer mismatch at offset=575 in file=/tmp/walrus_sim_161803/sim_node/1700000091491, block_id=39
[reader] chain append(fast): col=metrics, block_id=39, chain_len 8->9
[recovery] appended block: file=/tmp/walrus_sim_161803/sim_node/1700000091491, block_id=39, used=575, col=metrics, entries=4
[reader] header checksum mismatch at offset=148 in file=/tmp/walrus_sim_161803/sim_node/1700000091491, block_id=40 (stored=0x1adf5c0000000000, computed=0x376809fbcd8a78c9)
[reader] chain append(fast): col=orders, block_id=40, chain_len 7->8
[recovery] appended block: file=/tmp/walrus_sim_161803/sim_node/1700000091491, block_id=40, used=148, col=orders, entries=1
[reader] header checksum mismatch at offset=120 in file=/tmp/walrus_sim_161803/sim_node/1700000091491, block_id=41 (stored=0x0, computed=0x8ac123d6f7dce585)
[reader] chain append(fast): col=log, block_id=41, chain_len 3->4
[recovery] appended block: file=/tmp/walrus_sim_161803/sim_node/1700000091491, block_id=41, used=120, col=log, entries=1
[reader] header checksum mismatch at offset=120 in file=/tmp/walrus_sim_161803/sim_node/1700000091491, block_id=42 (stored=0x0, computed=0x8ac123d6f7dce585)
[reader] chain append(fast): col=log_recovery, block_id=42, chain_len 3->4
[recovery] appended block: file=/tmp/walrus_sim_161803/sim_node/1700000091491, block_id=42, used=120, col=log_recovery, entries=1
[reader] trailer mismatch at offset=0 in file=/tmp/walrus_sim_161803/sim_node/1700000091491, block_id=43
[recovery] file /tmp/walrus_sim_161803/sim_node/1700000099050
[reader] trailer mismatch at offset=460 in file=/tmp/walrus_sim_161803/sim_node/1700000099050, block_id=43
[reader] chain append(fast): col=metrics, block_id=43, chain_len 9->10
[recovery] appended block: file=/tmp/walrus_sim_161803/sim_node/1700000099050, block_id=43, used=460, col=metrics, entries=4
[reader] header checksum mismatch at offset=1862 in file=/tmp/walrus_sim_161803/sim_node/1700000099050, block_id=44 (stored=0x8002d39a3addc285, computed=0x136325cc4f1e4387)
[reader] chain append(fast): col=orders, block_id=44, chain_len 8->9
[recovery] appended block: file=/tmp/walrus_sim_161803/sim_node/1700000099050, block_id=44, used=1862, col=orders, entries=13
[reader] header checksum mismatch at offset=421 in file=/tmp/walrus_sim_161803/sim_node/1700000099050, block_id=45 (stored=0xfc7c660885e4b59c, computed=0x2c77f4cb98c9b736)
[reader] chain append(fast): col=logs, block_id=45, chain_len 11->12
[recovery] appended block: file=/tmp/walrus_sim_161803/sim_node/1700000099050, block_id=45, used=421, col=logs, entries=3
[reader] header checksum mismatch at offset=96 in file=/tmp/walrus_sim_161803/sim_node/1700000099050, block_id=46 (stored=0x0, computed=0x8ac123d6f7dce585)
[reader] chain append(fast): col=log, block_id=46, chain_len 4->5
[recovery] appended block: file=/tmp/walrus_sim_161803/sim_node/1700000099050, block_id=46, used=96, col=log, entries=1
[reader] header checksum mismatch at offset=96 in file=/tmp/walrus_sim_161803/sim_node/1700000099050, block_id=47 (stored=0x0, computed=0x8ac123d6f7dce585)
[reader] chain append(fast): col=log_recovery, block_id=47, chain_len 4->5
[recovery] appended block: file=/tmp/walrus_sim_161803/sim_node/1700000099050, block_id=47, used=96, col=log_recovery, entries=1
[recovery] file /tmp/walrus_sim_161803/sim_node/1700000106712
[recovery] SUMMARY - entries recovered per topic:
[recovery]   metrics: 40 entries
[recovery]   log: 5 entries
[recovery]   log_recovery: 5 entries
[recovery]   hard_state: 6 entries
[recovery]   orders: 24 entries
[recovery]   logs: 25 entries
[recovery] CHAIN LENGTHS after recovery:
[recovery]   log: chain_len=5
[recovery]   orders: chain_len=9
[recovery]   log_recovery: chain_len=5
[recovery]   metrics: chain_len=10
[recovery]   hard_state: chain_len=6
[recovery]   logs: chain_len=12
[alloc] handout: block_id=1, file=/tmp/walrus_sim_161803/sim_node/1700000106712, offset=0, limit=10485760
[writer] wrote (uncommitted): col=logs, block_id=1, offset_before=0, bytes=175, offset_after=175
[writer] immediate fsync: col=logs, block_id=1
[reader] read_next start: col=metrics, chain_len=10, idx=0, offset=0
[reader] read_next: OK col=metrics, block_id=1, consumed=136, new_offset=136
[alloc] handout: block_id=2, file=/tmp/walrus_sim_161803/sim_node/1700000106712, offset=10485760, limit=10485760
[writer] wrote (uncommitted): col=hard_state, block_id=2, offset_before=0, bytes=114, offset_after=114
[writer] immediate fsync: col=hard_state, block_id=2
[alloc] handout: block_id=3, file=/tmp/walrus_sim_161803/sim_node/1700000106712, offset=20971520, limit=10485760
[alloc] handout: block_id=4, file=/tmp/walrus_sim_161803/sim_node/1700000106712, offset=31457280, limit=10485760
[writer] wrote (uncommitted): col=metrics, block_id=4, offset_before=0, bytes=118, offset_after=118
[writer] immediate fsync: col=metrics, block_id=4
[batch] START: col=metrics, entries=17, total_bytes=2441
[batch] planning complete: 17 write operations across 1 blocks
[batch] released batch_writing flag
[writer] wrote (uncommitted): col=hard_state, block_id=2, offset_before=114, bytes=92, offset_after=206
[writer] immediate fsync: col=hard_state, block_id=2
[batch] START: col=metrics, entries=3, total_bytes=426
[batch] planning complete: 3 write operations across 1 blocks
[batch] SUCCESS (mmap): wrote 3 entries, 426 bytes to topic=metrics
[batch] released batch_writing flag
[reader] READ_START orders: chain_len=9 cur_idx=0 cur_off=0
[reader] read_next start: col=orders, chain_len=9, idx=0, offset=0
[reader] ORDERS_READ: cur_block_idx=0 chain_len=9 cur_block_offset=0
[reader] ORDERS_READ: chain[0] block_id=4 used=92
[reader] read_next: OK col=orders, block_id=4, consumed=92, new_offset=92
[batch] START: col=metrics, entries=14, total_bytes=1938
[batch] planning complete: 14 write operations across 1 blocks
[batch] fsync FAILED, leaving uncommitted: topic=metrics
[batch] released batch_writing flag
[reader] BATCH_START orders: chain_len=9 cur_idx=0 cur_off=92
[reader] BATCH_PLAN_BUILD: chain[1] block_id=8 start=0 end=139 used=139 planned_bytes=0 max_bytes=5441
[reader] BATCH_PLAN_BUILD: chain[2] block_id=21 start=0 end=333 used=333 planned_bytes=139 max_bytes=5441
[reader] BATCH_PLAN_BUILD: chain[3] block_id=24 start=0 end=169 used=169 planned_bytes=472 max_bytes=5441
[reader] BATCH_PLAN_BUILD: chain[4] block_id=25 start=0 end=177 used=177 planned_bytes=641 max_bytes=5441
[reader] BATCH_PLAN_BUILD: chain[5] block_id=29 start=0 end=339 used=339 planned_bytes=818 max_bytes=5441
[reader] BATCH_PLAN_BUILD: chain[6] block_id=34 start=0 end=232 used=232 planned_bytes=1157 max_bytes=5441
[reader] BATCH_PLAN_BUILD: chain[7] block_id=40 start=0 end=148 used=148 planned_bytes=1389 max_bytes=5441
[reader] BATCH_PLAN_BUILD: chain[8] block_id=44 start=0 end=1862 used=1862 planned_bytes=1537 max_bytes=5441
[reader] read_next start: col=hard_state, chain_len=6, idx=0, offset=0
[reader] read_next: OK col=hard_state, block_id=7, consumed=136, new_offset=136
[writer] wrote (uncommitted): col=logs, block_id=1, offset_before=175, bytes=152, offset_after=327
[writer] immediate fsync: col=logs, block_id=1
[reader] read_next start: col=hard_state_recovery, chain_len=0, idx=0, offset=0
[reader] read_next: tail caught up col=hard_state_recovery, block_id=3, off=0, written=0
[writer] wrote (uncommitted): col=metrics, block_id=4, offset_before=544, bytes=94, offset_after=638
[writer] fsync FAILED, leaving uncommitted: col=metrics, block_id=4, offset=544
[reader] read_next start: col=logs, chain_len=12, idx=0, offset=0
[reader] read_next: OK col=logs, block_id=2, consumed=103, new_offset=103
[alloc] handout: block_id=5, file=/tmp/walrus_sim_161803/sim_node/1700000106712, offset=41943040, limit=10485760
[writer] wrote (uncommitted): col=orders, block_id=5, offset_before=0, bytes=161, offset_after=161
[writer] immediate fsync: col=orders, block_id=5
[ORACLE] Recording write for orders[24] len=81
[writer] wrote (uncommitted): col=metrics, block_id=4, offset_before=544, bytes=95, offset_after=639
[writer] immediate fsync: col=metrics, block_id=4
[writer] wrote (uncommitted): col=logs, block_id=1, offset_before=175, bytes=129, offset_after=304
[writer] immediate fsync: col=logs, block_id=1
[writer] wrote (uncommitted): col=metrics, block_id=4, offset_before=639, bytes=150, offset_after=789
[writer] immediate fsync: col=metrics, block_id=4
[CRASH] Simulating crash. orders has 25 entries in Oracle
[walrus] new
[alloc] init: created file=/tmp/walrus_sim_161803/sim_node/1700000114403, max_file_size=1048576000B, block_size=10485760B
[recovery] scanning files: 19
[recovery] file /tmp/walrus_sim_161803/sim_node/1700000000002
[reader] header checksum mismatch at offset=136 in file=/tmp/walrus_sim_161803/sim_node/1700000000002, block_id=1 (stored=0x0, computed=0x8ac123d6f7dce585)
[reader] chain append(slow/new): col=metrics, block_id=1, chain_len 0->1
[recovery] appended block: file=/tmp/walrus_sim_161803/sim_node/1700000000002, block_id=1, used=136, col=metrics, entries=1
[reader] header checksum mismatch at offset=228 in file=/tmp/walrus_sim_161803/sim_node/1700000000002, block_id=2 (stored=0x0, computed=0x8ac123d6f7dce585)
[reader] chain append(slow/new): col=logs, block_id=2, chain_len 0->1
[recovery] appended block: file=/tmp/walrus_sim_161803/sim_node/1700000000002, block_id=2, used=228, col=logs, entries=2
[recovery] file /tmp/walrus_sim_161803/sim_node/1700000005229
[reader] header checksum mismatch at offset=168 in file=/tmp/walrus_sim_161803/sim_node/1700000005229, block_id=3 (stored=0x0, computed=0x8ac123d6f7dce585)
[reader] chain append(fast): col=logs, block_id=3, chain_len 1->2
[recovery] appended block: file=/tmp/walrus_sim_161803/sim_node/1700000005229, block_id=3, used=168, col=logs, entries=1
[reader] header checksum mismatch at offset=92 in file=/tmp/walrus_sim_161803/sim_node/1700000005229, block_id=4 (stored=0x0, computed=0x8ac123d6f7dce585)
[reader] chain append(slow/new): col=orders, block_id=4, chain_len 0->1
[recovery] appended block: file=/tmp/walrus_sim_161803/sim_node/1700000005229, block_id=4, used=92, col=orders, entries=1
[recovery] file /tmp/walrus_sim_161803/sim_node/1700000010672
[reader] header checksum mismatch at offset=408 in file=/tmp/walrus_sim_161803/sim_node/1700000010672, block_id=5 (stored=0x77363697274, computed=0x941c0bc236027762)
[reader] chain append(fast): col=metrics, block_id=5, chain_len 1->2
[recovery] appended block: file=/tmp/walrus_sim_161803/sim_node/1700000010672, block_id=5, used=408, col=metrics, entries=3
[reader] header checksum mismatch at offset=277 in file=/tmp/walrus_sim_161803/sim_node/1700000010672, block_id=6 (stored=0x0, computed=0x8ac123d6f7dce585)
[reader] chain append(fast): col=logs, block_id=6, chain_len 2->3
[recovery] appended block: file=/tmp/walrus_sim_161803/sim_node/1700000010672, block_id=6, used=277, col=logs, entries=2
[reader] header checksum mismatch at offset=136 in file=/tmp/walrus_sim_161803/sim_node/1700000010672, block_id=7 (stored=0x0, computed=0x8ac123d6f7dce585)
[reader] chain append(slow/new): col=hard_state, block_id=7, chain_len 0->1
[recovery] appended block: file=/tmp/walrus_sim_161803/sim_node/1700000010672, block_id=7, used=136, col=hard_state, entries=1
[reader] trailer mismatch at offset=0 in file=/tmp/walrus_sim_161803/sim_node/1700000010672, block_id=8
[recovery] file /tmp/walrus_sim_161803/sim_node/1700000016150
[reader] header checksum mismatch at offset=139 in file=/tmp/walrus_sim_161803/sim_node/1700000016150, block_id=8 (stored=0x0, computed=0x8ac123d6f7dce585)
[reader] chain append(fast): col=orders, block_id=8, chain_len 1->2
[recovery] appended block: file=/tmp/walrus_sim_161803/sim_node/1700000016150, block_id=8, used=139, col=orders, entries=1
[reader] header checksum mismatch at offset=475 in file=/tmp/walrus_sim_161803/sim_node/1700000016150, block_id=9 (stored=0x0, computed=0x8ac123d6f7dce585)
[reader] chain append(fast): col=metrics, block_id=9, chain_len 2->3
[recovery] appended block: file=/tmp/walrus_sim_161803/sim_node/1700000016150, block_id=9, used=475, col=metrics, entries=3
[reader] header checksum mismatch at offset=93 in file=/tmp/walrus_sim_161803/sim_node/1700000016150, block_id=10 (stored=0x0, computed=0x8ac123d6f7dce585)
[reader] chain append(slow/new): col=log, block_id=10, chain_len 0->1
[recovery] appended block: file=/tmp/walrus_sim_161803/sim_node/1700000016150, block_id=10, used=93, col=log, entries=1
[reader] header checksum mismatch at offset=93 in file=/tmp/walrus_sim_161803/sim_node/1700000016150, block_id=11 (stored=0x0, computed=0x8ac123d6f7dce585)
[reader] chain append(slow/new): col=log_recovery, block_id=11, chain_len 0->1
[recovery] appended block: file=/tmp/walrus_sim_161803/sim_node/1700000016150, block_id=11, used=93, col=log_recovery, entries=1
[reader] trailer mismatch at offset=335 in file=/tmp/walrus_sim_161803/sim_node/1700000016150, block_id=12
[reader] chain append(fast): col=logs, block_id=12, chain_len 3->4
[recovery] appended block: file=/tmp/walrus_sim_161803/sim_node/1700000016150, block_id=12, used=335, col=logs, entries=2
[recovery] file /tmp/walrus_sim_161803/sim_node/1700000021780
[recovery] file /tmp/walrus_sim_161803/sim_node/1700000027386
[reader] header checksum mismatch at offset=132 in file=/tmp/walrus_sim_161803/sim_node/1700000027386, block_id=13 (stored=0x0, computed=0x8ac123d6f7dce585)
[reader] chain append(fast): col=logs, block_id=13, chain_len 4->5
[recovery] appended block: file=/tmp/walrus_sim_161803/sim_node/1700000027386, block_id=13, used=132, col=logs, entries=1
[reader] header checksum mismatch at offset=134 in file=/tmp/walrus_sim_161803/sim_node/1700000027386, block_id=14 (stored=0x0, computed=0x8ac123d6f7dce585)
[reader] chain append(fast): col=hard_state, block_id=14, chain_len 1->2
[recovery] appended block: file=/tmp/walrus_sim_161803/sim_node/1700000027386, block_id=14, used=134, col=hard_state, entries=1
[reader] trailer mismatch at offset=0 in file=/tmp/walrus_sim_161803/sim_node/1700000027386, block_id=15
[recovery] file /tmp/walrus_sim_161803/sim_node/1700000033210
[reader] header checksum mismatch at offset=501 in file=/tmp/walrus_sim_161803/sim_node/1700000033210, block_id=15 (stored=0x0, computed=0x8ac123d6f7dce585)
[reader] chain append(fast): col=logs, block_id=15, chain_len 5->6
[recovery] appended block: file=/tmp/walrus_sim_161803/sim_node/1700000033210, block_id=15, used=501, col=logs, entries=3
[reader] trailer mismatch at offset=587 in file=/tmp/walrus_sim_161803/sim_node/1700000033210, block_id=16
[reader] chain append(fast): col=metrics, block_id=16, chain_len 3->4
[recovery] appended block: file=/tmp/walrus_sim_161803/sim_node/1700000033210, block_id=16, used=587, col=metrics, entries=5
[reader] header checksum mismatch at offset=142 in file=/tmp/walrus_sim_161803/sim_node/1700000033210, block_id=17 (stored=0x0, computed=0x8ac123d6f7dce585)
[reader] chain append(fast): col=log, block_id=17, chain_len 1->2
[recovery] appended block: file=/tmp/walrus_sim_161803/sim_node/1700000033210, block_id=17, used=142, col=log, entries=1
[reader] header checksum mismatch at offset=142 in file=/tmp/walrus_sim_161803/sim_node/1700000033210, block_id=18 (stored=0x0, computed=0x8ac123d6f7dce585)
[reader] chain append(fast): col=log_recovery, block_id=18, chain_len 1->2
[recovery] appended block: file=/tmp/walrus_sim_161803/sim_node/1700000033210, block_id=18, used=142, col=log_recovery, entries=1
[reader] header checksum mismatch at offset=165 in file=/tmp/walrus_sim_161803/sim_node/1700000033210, block_id=19 (stored=0x0, computed=0x8ac123d6f7dce585)
[reader] chain append(fast): col=hard_state, block_id=19, chain_len 2->3
[recovery] appended block: file=/tmp/walrus_sim_161803/sim_node/1700000033210, block_id=19, used=165, col=hard_state, entries=1
[reader] trailer mismatch at offset=0 in file=/tmp/walrus_sim_161803/sim_node/1700000033210, block_id=20
[recovery] file /tmp/walrus_sim_161803/sim_node/1700000039371
[reader] header checksum mismatch at offset=296 in file=/tmp/walrus_sim_161803/sim_node/1700000039371, block_id=20 (stored=0x0, computed=0x8ac123d6f7dce585)
[reader] chain append(fast): col=logs, block_id=20, chain_len 6->7
[recovery] appended block: file=/tmp/walrus_sim_161803/sim_node/1700000039371, block_id=20, used=296, col=logs, entries=2
[reader] trailer mismatch at offset=333 in file=/tmp/walrus_sim_161803/sim_node/1700000039371, block_id=21
[reader] chain append(fast): col=orders, block_id=21, chain_len 2->3
[recovery] appended block: file=/tmp/walrus_sim_161803/sim_node/1700000039371, block_id=21, used=333, col=orders, entries=2
[reader] header checksum mismatch at offset=129 in file=/tmp/walrus_sim_161803/sim_node/1700000039371, block_id=22 (stored=0x0, computed=0x8ac123d6f7dce585)
[reader] chain append(fast): col=hard_state, block_id=22, chain_len 3->4
[recovery] appended block: file=/tmp/walrus_sim_161803/sim_node/1700000039371, block_id=22, used=129, col=hard_state, entries=1
[reader] header checksum mismatch at offset=739 in file=/tmp/walrus_sim_161803/sim_node/1700000039371, block_id=23 (stored=0x0, computed=0x8ac123d6f7dce585)
[reader] chain append(fast): col=metrics, block_id=23, chain_len 4->5
[recovery] appended block: file=/tmp/walrus_sim_161803/sim_node/1700000039371, block_id=23, used=739, col=metrics, entries=6
[recovery] file /tmp/walrus_sim_161803/sim_node/1700000045499
[reader] trailer mismatch at offset=169 in file=/tmp/walrus_sim_161803/sim_node/1700000045499, block_id=24
[reader] chain append(fast): col=orders, block_id=24, chain_len 3->4
[recovery] appended block: file=/tmp/walrus_sim_161803/sim_node/1700000045499, block_id=24, used=169, col=orders, entries=1
[reader] trailer mismatch at offset=0 in file=/tmp/walrus_sim_161803/sim_node/1700000045499, block_id=25
[recovery] file /tmp/walrus_sim_161803/sim_node/1700000051741
[reader] header checksum mismatch at offset=177 in file=/tmp/walrus_sim_161803/sim_node/1700000051741, block_id=25 (stored=0x0, computed=0x8ac123d6f7dce585)
[reader] chain append(fast): col=orders, block_id=25, chain_len 4->5
[recovery] appended block: file=/tmp/walrus_sim_161803/sim_node/1700000051741, block_id=25, used=177, col=orders, entries=1
[reader] header checksum mismatch at offset=178 in file=/tmp/walrus_sim_161803/sim_node/1700000051741, block_id=26 (stored=0x0, computed=0x8ac123d6f7dce585)
[reader] chain append(fast): col=logs, block_id=26, chain_len 7->8
[recovery] appended block: file=/tmp/walrus_sim_161803/sim_node/1700000051741, block_id=26, used=178, col=logs, entries=1
[reader] trailer mismatch at offset=0 in file=/tmp/walrus_sim_161803/sim_node/1700000051741, block_id=27
[recovery] file /tmp/walrus_sim_161803/sim_node/1700000058025
[reader] header checksum mismatch at offset=111 in file=/tmp/walrus_sim_161803/sim_node/1700000058025, block_id=27 (stored=0x0, computed=0x8ac123d6f7dce585)
[reader] chain append(fast): col=log, block_id=27, chain_len 2->3
[recovery] appended block: file=/tmp/walrus_sim_161803/sim_node/1700000058025, block_id=27, used=111, col=log, entries=1
[reader] header checksum mismatch at offset=111 in file=/tmp/walrus_sim_161803/sim_node/1700000058025, block_id=28 (stored=0x0, computed=0x8ac123d6f7dce585)
[reader] chain append(fast): col=log_recovery, block_id=28, chain_len 2->3
[recovery] appended block: file=/tmp/walrus_sim_161803/sim_node/1700000058025, block_id=28, used=111, col=log_recovery, entries=1
[reader] header checksum mismatch at offset=339 in file=/tmp/walrus_sim_161803/sim_node/1700000058025, block_id=29 (stored=0x0, computed=0x8ac123d6f7dce585)
[reader] chain append(fast): col=orders, block_id=29, chain_len 5->6
[recovery] appended block: file=/tmp/walrus_sim_161803/sim_node/1700000058025, block_id=29, used=339, col=orders, entries=2
[reader] header checksum mismatch at offset=363 in file=/tmp/walrus_sim_161803/sim_node/1700000058025, block_id=30 (stored=0x0, computed=0x8ac123d6f7dce585)
[reader] chain append(fast): col=metrics, block_id=30, chain_len 5->6
[recovery] appended block: file=/tmp/walrus_sim_161803/sim_node/1700000058025, block_id=30, used=363, col=metrics, entries=3
[reader] header checksum mismatch at offset=167 in file=/tmp/walrus_sim_161803/sim_node/1700000058025, block_id=31 (stored=0x0, computed=0x8ac123d6f7dce585)
[reader] chain append(fast): col=logs, block_id=31, chain_len 8->9
[recovery] appended block: file=/tmp/walrus_sim_161803/sim_node/1700000058025, block_id=31, used=167, col=logs, entries=1
[reader] header checksum mismatch at offset=130 in file=/tmp/walrus_sim_161803/sim_node/1700000058025, block_id=32 (stored=0x0, computed=0x8ac123d6f7dce585)
[reader] chain append(fast): col=hard_state, block_id=32, chain_len 4->5
[recovery] appended block: file=/tmp/walrus_sim_161803/sim_node/1700000058025, block_id=32, used=130, col=hard_state, entries=1
[recovery] file /tmp/walrus_sim_161803/sim_node/1700000064625
[reader] trailer mismatch at offset=0 in file=/tmp/walrus_sim_161803/sim_node/1700000064625, block_id=33
[reader] header checksum mismatch at offset=101 in file=/tmp/walrus_sim_161803/sim_node/1700000064625, block_id=33 (stored=0x0, computed=0x8ac123d6f7dce585)
[reader] chain append(fast): col=hard_state, block_id=33, chain_len 5->6
[recovery] appended block: file=/tmp/walrus_sim_161803/sim_node/1700000064625, block_id=33, used=101, col=hard_state, entries=1
[recovery] file /tmp/walrus_sim_161803/sim_node/1700000071242
[recovery] file /tmp/walrus_sim_161803/sim_node/1700000077844
[reader] header checksum mismatch at offset=232 in file=/tmp/walrus_sim_161803/sim_node/1700000077844, block_id=34 (stored=0x0, computed=0x8ac123d6f7dce585)
[reader] chain append(fast): col=orders, block_id=34, chain_len 6->7
[recovery] appended block: file=/tmp/walrus_sim_161803/sim_node/1700000077844, block_id=34, used=232, col=orders, entries=2
[reader] header checksum mismatch at offset=368 in file=/tmp/walrus_sim_161803/sim_node/1700000077844, block_id=35 (stored=0x0, computed=0x3105a0f98ed89185)
[reader] chain append(fast): col=logs, block_id=35, chain_len 9->10
[recovery] appended block: file=/tmp/walrus_sim_161803/sim_node/1700000077844, block_id=35, used=368, col=logs, entries=3
[reader] header checksum mismatch at offset=1293 in file=/tmp/walrus_sim_161803/sim_node/1700000077844, block_id=36 (stored=0x0, computed=0x8ac123d6f7dce585)
[reader] chain append(fast): col=metrics, block_id=36, chain_len 6->7
[recovery] appended block: file=/tmp/walrus_sim_161803/sim_node/1700000077844, block_id=36, used=1293, col=metrics, entries=10
[recovery] file /tmp/walrus_sim_161803/sim_node/1700000084630
[reader] header checksum mismatch at offset=115 in file=/tmp/walrus_sim_161803/sim_node/1700000084630, block_id=37 (stored=0xf98c2ad5ac2aedae, computed=0x6ee538ca99ae51a6)
[reader] chain append(fast): col=metrics, block_id=37, chain_len 7->8
[recovery] appended block: file=/tmp/walrus_sim_161803/sim_node/1700000084630, block_id=37, used=115, col=metrics, entries=1
[recovery] file /tmp/walrus_sim_161803/sim_node/1700000091491
[reader] header checksum mismatch at offset=518 in file=/tmp/walrus_sim_161803/sim_node/1700000091491, block_id=38 (stored=0x0, computed=0x8ac123d6f7dce585)
[reader] chain append(fast): col=logs, block_id=38, chain_len 10->11
[recovery] appended block: file=/tmp/walrus_sim_161803/sim_node/1700000091491, block_id=38, used=518, col=logs, entries=4
[reader] trailer mismatch at offset=575 in file=/tmp/walrus_sim_161803/sim_node/1700000091491, block_id=39
[reader] chain append(fast): col=metrics, block_id=39, chain_len 8->9
[recovery] appended block: file=/tmp/walrus_sim_161803/sim_node/1700000091491, block_id=39, used=575, col=metrics, entries=4
[reader] header checksum mismatch at offset=148 in file=/tmp/walrus_sim_161803/sim_node/1700000091491, block_id=40 (stored=0x1adf5c0000000000, computed=0x376809fbcd8a78c9)
[reader] chain append(fast): col=orders, block_id=40, chain_len 7->8
[recovery] appended block: file=/tmp/walrus_sim_161803/sim_node/1700000091491, block_id=40, used=148, col=orders, entries=1
[reader] header checksum mismatch at offset=120 in file=/tmp/walrus_sim_161803/sim_node/1700000091491, block_id=41 (stored=0x0, computed=0x8ac123d6f7dce585)
[reader] chain append(fast): col=log, block_id=41, chain_len 3->4
[recovery] appended block: file=/tmp/walrus_sim_161803/sim_node/1700000091491, block_id=41, used=120, col=log, entries=1
[reader] header checksum mismatch at offset=120 in file=/tmp/walrus_sim_161803/sim_node/1700000091491, block_id=42 (stored=0x0, computed=0x8ac123d6f7dce585)
[reader] chain append(fast): col=log_recovery, block_id=42, chain_len 3->4
[recovery] appended block: file=/tmp/walrus_sim_161803/sim_node/1700000091491, block_id=42, used=120, col=log_recovery, entries=1
[reader] trailer mismatch at offset=0 in file=/tmp/walrus_sim_161803/sim_node/1700000091491, block_id=43
[recovery] file /tmp/walrus_sim_161803/sim_node/1700000099050
[reader] trailer mismatch at offset=460 in file=/tmp/walrus_sim_161803/sim_node/1700000099050, block_id=43
[reader] chain append(fast): col=metrics, block_id=43, chain_len 9->10
[recovery] appended block: file=/tmp/walrus_sim_161803/sim_node/1700000099050, block_id=43, used=460, col=metrics, entries=4
[reader] header checksum mismatch at offset=1862 in file=/tmp/walrus_sim_161803/sim_node/1700000099050, block_id=44 (stored=0x8002d39a3addc285, computed=0x136325cc4f1e4387)
[reader] chain append(fast): col=orders, block_id=44, chain_len 8->9
[recovery] appended block: file=/tmp/walrus_sim_161803/sim_node/1700000099050, block_id=44, used=1862, col=orders, entries=13
[reader] header checksum mismatch at offset=421 in file=/tmp/walrus_sim_161803/sim_node/1700000099050, block_id=45 (stored=0xfc7c660885e4b59c, computed=0x2c77f4cb98c9b736)
[reader] chain append(fast): col=logs, block_id=45, chain_len 11->12
[recovery] appended block: file=/tmp/walrus_sim_161803/sim_node/1700000099050, block_id=45, used=421, col=logs, entries=3
[reader] header checksum mismatch at offset=96 in file=/tmp/walrus_sim_161803/sim_node/1700000099050, block_id=46 (stored=0x0, computed=0x8ac123d6f7dce585)
[reader] chain append(fast): col=log, block_id=46, chain_len 4->5
[recovery] appended block: file=/tmp/walrus_sim_161803/sim_node/1700000099050, block_id=46, used=96, col=log, entries=1
[reader] header checksum mismatch at offset=96 in file=/tmp/walrus_sim_161803/sim_node/1700000099050, block_id=47 (stored=0x0, computed=0x8ac123d6f7dce585)
[reader] chain append(fast): col=log_recovery, block_id=47, chain_len 4->5
[recovery] appended block: file=/tmp/walrus_sim_161803/sim_node/1700000099050, block_id=47, used=96, col=log_recovery, entries=1
[recovery] file /tmp/walrus_sim_161803/sim_node/1700000106712
[reader] trailer mismatch at offset=175 in file=/tmp/walrus_sim_161803/sim_node/1700000106712, block_id=48
[reader] chain append(fast): col=logs, block_id=48, chain_len 12->13
[recovery] appended block: file=/tmp/walrus_sim_161803/sim_node/1700000106712, block_id=48, used=175, col=logs, entries=1
[reader] header checksum mismatch at offset=206 in file=/tmp/walrus_sim_161803/sim_node/1700000106712, block_id=49 (stored=0x0, computed=0x8ac123d6f7dce585)
[reader] chain append(fast): col=hard_state, block_id=49, chain_len 6->7
[recovery] appended block: file=/tmp/walrus_sim_161803/sim_node/1700000106712, block_id=49, used=206, col=hard_state, entries=2
[reader] header checksum mismatch at offset=789 in file=/tmp/walrus_sim_161803/sim_node/1700000106712, block_id=50 (stored=0x48c982, computed=0x7eaa290b836de39f)
[reader] chain append(fast): col=metrics, block_id=50, chain_len 10->11
[recovery] appended block: file=/tmp/walrus_sim_161803/sim_node/1700000106712, block_id=50, used=789, col=metrics, entries=6
[reader] header checksum mismatch at offset=161 in file=/tmp/walrus_sim_161803/sim_node/1700000106712, block_id=51 (stored=0x0, computed=0x8ac123d6f7dce585)
[reader] chain append(fast): col=orders, block_id=51, chain_len 9->10
[recovery] appended block: file=/tmp/walrus_sim_161803/sim_node/1700000106712, block_id=51, used=161, col=orders, entries=1
[recovery] file /tmp/walrus_sim_161803/sim_node/1700000114403
[recovery] SUMMARY - entries recovered per topic:
[recovery]   orders: 25 entries
[recovery]   logs: 26 entries
[recovery]   hard_state: 8 entries
[recovery]   metrics: 46 entries
[recovery]   log: 5 entries
[recovery]   log_recovery: 5 entries
[recovery] CHAIN LENGTHS after recovery:
[recovery]   hard_state: chain_len=7
[recovery]   orders: chain_len=10
[recovery]   metrics: chain_len=11
[recovery]   log: chain_len=5
[recovery]   logs: chain_len=13
[recovery]   log_recovery: chain_len=5
[alloc] handout: block_id=1, file=/tmp/walrus_sim_161803/sim_node/1700000114403, offset=0, limit=10485760
[writer] wrote (uncommitted): col=orders, block_id=1, offset_before=0, bytes=150, offset_after=150
[writer] immediate fsync: col=orders, block_id=1
[ORACLE] Recording write for orders[25] len=70
[alloc] handout: block_id=2, file=/tmp/walrus_sim_161803/sim_node/1700000114403, offset=10485760, limit=10485760
[writer] wrote (uncommitted): col=metrics, block_id=2, offset_before=0, bytes=114, offset_after=114
[writer] immediate fsync: col=metrics, block_id=2
[CRASH] Simulating crash. orders has 26 entries in Oracle
[walrus] new
[alloc] init: created file=/tmp/walrus_sim_161803/sim_node/1700000121969, max_file_size=1048576000B, block_size=10485760B
[recovery] scanning files: 20
[recovery] file /tmp/walrus_sim_161803/sim_node/1700000000002
[reader] header checksum mismatch at offset=136 in file=/tmp/walrus_sim_161803/sim_node/1700000000002, block_id=1 (stored=0x0, computed=0x8ac123d6f7dce585)
[reader] chain append(slow/new): col=metrics, block_id=1, chain_len 0->1
[recovery] appended block: file=/tmp/walrus_sim_161803/sim_node/1700000000002, block_id=1, used=136, col=metrics, entries=1
[reader] header checksum mismatch at offset=228 in file=/tmp/walrus_sim_161803/sim_node/1700000000002, block_id=2 (stored=0x0, computed=0x8ac123d6f7dce585)
[reader] chain append(slow/new): col=logs, block_id=2, chain_len 0->1
[recovery] appended block: file=/tmp/walrus_sim_161803/sim_node/1700000000002, block_id=2, used=228, col=logs, entries=2
[recovery] file /tmp/walrus_sim_161803/sim_node/1700000005229
[reader] header checksum mismatch at offset=168 in file=/tmp/walrus_sim_161803/sim_node/1700000005229, block_id=3 (stored=0x0, computed=0x8ac123d6f7dce585)
[reader] chain append(fast): col=logs, block_id=3, chain_len 1->2
[recovery] appended block: file=/tmp/walrus_sim_161803/sim_node/1700000005229, block_id=3, used=168, col=logs, entries=1
[reader] header checksum mismatch at offset=92 in file=/tmp/walrus_sim_161803/sim_node/1700000005229, block_id=4 (stored=0x0, computed=0x8ac123d6f7dce585)
[reader] chain append(slow/new): col=orders, block_id=4, chain_len 0->1
[recovery] appended block: file=/tmp/walrus_sim_161803/sim_node/1700000005229, block_id=4, used=92, col=orders, entries=1
[recovery] file /tmp/walrus_sim_161803/sim_node/1700000010672
[reader] header checksum mismatch at offset=408 in file=/tmp/walrus_sim_161803/sim_node/1700000010672, block_id=5 (stored=0x77363697274, computed=0x941c0bc236027762)
[reader] chain append(fast): col=metrics, block_id=5, chain_len 1->2
[recovery] appended block: file=/tmp/walrus_sim_161803/sim_node/1700000010672, block_id=5, used=408, col=metrics, entries=3
[reader] header checksum mismatch at offset=277 in file=/tmp/walrus_sim_161803/sim_node/1700000010672, block_id=6 (stored=0x0, computed=0x8ac123d6f7dce585)
[reader] chain append(fast): col=logs, block_id=6, chain_len 2->3
[recovery] appended block: file=/tmp/walrus_sim_161803/sim_node/1700000010672, block_id=6, used=277, col=logs, entries=2
[reader] header checksum mismatch at offset=136 in file=/tmp/walrus_sim_161803/sim_node/1700000010672, block_id=7 (stored=0x0, computed=0x8ac123d6f7dce585)
[reader] chain append(slow/new): col=hard_state, block_id=7, chain_len 0->1
[recovery] appended block: file=/tmp/walrus_sim_161803/sim_node/1700000010672, block_id=7, used=136, col=hard_state, entries=1
[reader] trailer mismatch at offset=0 in file=/tmp/walrus_sim_161803/sim_node/1700000010672, block_id=8
[recovery] file /tmp/walrus_sim_161803/sim_node/1700000016150
[reader] header checksum mismatch at offset=139 in file=/tmp/walrus_sim_161803/sim_node/1700000016150, block_id=8 (stored=0x0, computed=0x8ac123d6f7dce585)
[reader] chain append(fast): col=orders, block_id=8, chain_len 1->2
[recovery] appended block: file=/tmp/walrus_sim_161803/sim_node/1700000016150, block_id=8, used=139, col=orders, entries=1
[reader] header checksum mismatch at offset=475 in file=/tmp/walrus_sim_161803/sim_node/1700000016150, block_id=9 (stored=0x0, computed=0x8ac123d6f7dce585)
[reader] chain append(fast): col=metrics, block_id=9, chain_len 2->3
[recovery] appended block: file=/tmp/walrus_sim_161803/sim_node/1700000016150, block_id=9, used=475, col=metrics, entries=3
[reader] header checksum mismatch at offset=93 in file=/tmp/walrus_sim_161803/sim_node/1700000016150, block_id=10 (stored=0x0, computed=0x8ac123d6f7dce585)
[reader] chain append(slow/new): col=log, block_id=10, chain_len 0->1
[recovery] appended block: file=/tmp/walrus_sim_161803/sim_node/1700000016150, block_id=10, used=93, col=log, entries=1
[reader] header checksum mismatch at offset=93 in file=/tmp/walrus_sim_161803/sim_node/1700000016150, block_id=11 (stored=0x0, computed=0x8ac123d6f7dce585)
[reader] chain append(slow/new): col=log_recovery, block_id=11, chain_len 0->1
[recovery] appended block: file=/tmp/walrus_sim_161803/sim_node/1700000016150, block_id=11, used=93, col=log_recovery, entries=1
[reader] trailer mismatch at offset=335 in file=/tmp/walrus_sim_161803/sim_node/1700000016150, block_id=12
[reader] chain append(fast): col=logs, block_id=12, chain_len 3->4
[recovery] appended block: file=/tmp/walrus_sim_161803/sim_node/1700000016150, block_id=12, used=335, col=logs, entries=2
[recovery] file /tmp/walrus_sim_161803/sim_node/1700000021780
[recovery] file /tmp/walrus_sim_161803/sim_node/1700000027386
[reader] header checksum mismatch at offset=132 in file=/tmp/walrus_sim_161803/sim_node/1700000027386, block_id=13 (stored=0x0, computed=0x8ac123d6f7dce585)
[reader] chain append(fast): col=logs, block_id=13, chain_len 4->5
[recovery] appended block: file=/tmp/walrus_sim_161803/sim_node/1700000027386, block_id=13, used=132, col=logs, entries=1
[reader] header checksum mismatch at offset=134 in file=/tmp/walrus_sim_161803/sim_node/1700000027386, block_id=14 (stored=0x0, computed=0x8ac123d6f7dce585)
[reader] chain append(fast): col=hard_state, block_id=14, chain_len 1->2
[recovery] appended block: file=/tmp/walrus_sim_161803/sim_node/1700000027386, block_id=14, used=134, col=hard_state, entries=1
[reader] trailer mismatch at offset=0 in file=/tmp/walrus_sim_161803/sim_node/1700000027386, block_id=15
[recovery] file /tmp/walrus_sim_161803/sim_node/1700000033210
[reader] header checksum mismatch at offset=501 in file=/tmp/walrus_sim_161803/sim_node/1700000033210, block_id=15 (stored=0x0, computed=0x8ac123d6f7dce585)
[reader] chain append(fast): col=logs, block_id=15, chain_len 5->6
[recovery] appended block: file=/tmp/walrus_sim_161803/sim_node/1700000033210, block_id=15, used=501, col=logs, entries=3
[reader] trailer mismatch at offset=587 in file=/tmp/walrus_sim_161803/sim_node/1700000033210, block_id=16
[reader] chain append(fast): col=metrics, block_id=16, chain_len 3->4
[recovery] appended block: file=/tmp/walrus_sim_161803/sim_node/1700000033210, block_id=16, used=587, col=metrics, entries=5
[reader] header checksum mismatch at offset=142 in file=/tmp/walrus_sim_161803/sim_node/1700000033210, block_id=17 (stored=0x0, computed=0x8ac123d6f7dce585)
[reader] chain append(fast): col=log, block_id=17, chain_len 1->2
[recovery] appended block: file=/tmp/walrus_sim_161803/sim_node/1700000033210, block_id=17, used=142, col=log, entries=1
[reader] header checksum mismatch at offset=142 in file=/tmp/walrus_sim_161803/sim_node/1700000033210, block_id=18 (stored=0x0, computed=0x8ac123d6f7dce585)
[reader] chain append(fast): col=log_recovery, block_id=18, chain_len 1->2
[recovery] appended block: file=/tmp/walrus_sim_161803/sim_node/1700000033210, block_id=18, used=142, col=log_recovery, entries=1
[reader] header checksum mismatch at offset=165 in file=/tmp/walrus_sim_161803/sim_node/1700000033210, block_id=19 (stored=0x0, computed=0x8ac123d6f7dce585)
[reader] chain append(fast): col=hard_state, block_id=19, chain_len 2->3
[recovery] appended block: file=/tmp/walrus_sim_161803/sim_node/1700000033210, block_id=19, used=165, col=hard_state, entries=1
[reader] trailer mismatch at offset=0 in file=/tmp/walrus_sim_161803/sim_node/1700000033210, block_id=20
[recovery] file /tmp/walrus_sim_161803/sim_node/1700000039371
[reader] header checksum mismatch at offset=296 in file=/tmp/walrus_sim_161803/sim_node/1700000039371, block_id=20 (stored=0x0, computed=0x8ac123d6f7dce585)
[reader] chain append(fast): col=logs, block_id=20, chain_len 6->7
[recovery] appended block: file=/tmp/walrus_sim_161803/sim_node/1700000039371, block_id=20, used=296, col=logs, entries=2
[reader] trailer mismatch at offset=333 in file=/tmp/walrus_sim_161803/sim_node/1700000039371, block_id=21
[reader] chain append(fast): col=orders, block_id=21, chain_len 2->3
[recovery] appended block: file=/tmp/walrus_sim_161803/sim_node/1700000039371, block_id=21, used=333, col=orders, entries=2
[reader] header checksum mismatch at offset=129 in file=/tmp/walrus_sim_161803/sim_node/1700000039371, block_id=22 (stored=0x0, computed=0x8ac123d6f7dce585)
[reader] chain append(fast): col=hard_state, block_id=22, chain_len 3->4
[recovery] appended block: file=/tmp/walrus_sim_161803/sim_node/1700000039371, block_id=22, used=129, col=hard_state, entries=1
[reader] header checksum mismatch at offset=739 in file=/tmp/walrus_sim_161803/sim_node/1700000039371, block_id=23 (stored=0x0, computed=0x8ac123d6f7dce585)
[reader] chain append(fast): col=metrics, block_id=23, chain_len 4->5
[recovery] appended block: file=/tmp/walrus_sim_161803/sim_node/1700000039371, block_id=23, used=739, col=metrics, entries=6
[recovery] file /tmp/walrus_sim_161803/sim_node/1700000045499
[reader] trailer mismatch at offset=169 in file=/tmp/walrus_sim_161803/sim_node/1700000045499, block_id=24
[reader] chain append(fast): col=orders, block_id=24, chain_len 3->4
[recovery] appended block: file=/tmp/walrus_sim_161803/sim_node/1700000045499, block_id=24, used=169, col=orders, entries=1
[reader] trailer mismatch at offset=0 in file=/tmp/walrus_sim_161803/sim_node/1700000045499, block_id=25
[recovery] file /tmp/walrus_sim_161803/sim_node/1700000051741
[reader] header checksum mismatch at offset=177 in file=/tmp/walrus_sim_161803/sim_node/1700000051741, block_id=25 (stored=0x0, computed=0x8ac123d6f7dce585)
[reader] chain append(fast): col=orders, block_id=25, chain_len 4->5
[recovery] appended block: file=/tmp/walrus_sim_161803/sim_node/1700000051741, block_id=25, used=177, col=orders, entries=1
[reader] header checksum mismatch at offset=178 in file=/tmp/walrus_sim_161803/sim_node/1700000051741, block_id=26 (stored=0x0, computed=0x8ac123d6f7dce585)
[reader] chain append(fast): col=logs, block_id=26, chain_len 7->8
[recovery] appended block: file=/tmp/walrus_sim_161803/sim_node/1700000051741, block_id=26, used=178, col=logs, entries=1
[reader] trailer mismatch at offset=0 in file=/tmp/walrus_sim_161803/sim_node/1700000051741, block_id=27
[recovery] file /tmp/walrus_sim_161803/sim_node/1700000058025
[reader] header checksum mismatch at offset=111 in file=/tmp/walrus_sim_161803/sim_node/1700000058025, block_id=27 (stored=0x0, computed=0x8ac123d6f7dce585)
[reader] chain append(fast): col=log, block_id=27, chain_len 2->3
[recovery] appended block: file=/tmp/walrus_sim_161803/sim_node/1700000058025, block_id=27, used=111, col=log, entries=1
[reader] header checksum mismatch at offset=111 in file=/tmp/walrus_sim_161803/sim_node/1700000058025, block_id=28 (stored=0x0, computed=0x8ac123d6f7dce585)
[reader] chain append(fast): col=log_recovery, block_id=28, chain_len 2->3
[recovery] appended block: file=/tmp/walrus_sim_161803/sim_node/1700000058025, block_id=28, used=111, col=log_recovery, entries=1
[reader] header checksum mismatch at offset=339 in file=/tmp/walrus_sim_161803/sim_node/1700000058025, block_id=29 (stored=0x0, computed=0x8ac123d6f7dce585)
[reader] chain append(fast): col=orders, block_id=29, chain_len 5->6
[recovery] appended block: file=/tmp/walrus_sim_161803/sim_node/1700000058025, block_id=29, used=339, col=orders, entries=2
[reader] header checksum mismatch at offset=363 in file=/tmp/walrus_sim_161803/sim_node/1700000058025, block_id=30 (stored=0x0, computed=0x8ac123d6f7dce585)
[reader] chain append(fast): col=metrics, block_id=30, chain_len 5->6
[recovery] appended block: file=/tmp/walrus_sim_161803/sim_node/1700000058025, block_id=30, used=363, col=metrics, entries=3
[reader] header checksum mismatch at offset=167 in file=/tmp/walrus_sim_161803/sim_node/1700000058025, block_id=31 (stored=0x0, computed=0x8ac123d6f7dce585)
[reader] chain append(fast): col=logs, block_id=31, chain_len 8->9
[recovery] appended block: file=/tmp/walrus_sim_161803/sim_node/1700000058025, block_id=31, used=167, col=logs, entries=1
[reader] header checksum mismatch at offset=130 in file=/tmp/walrus_sim_161803/sim_node/1700000058025, block_id=32 (stored=0x0, computed=0x8ac123d6f7dce585)
[reader] chain append(fast): col=hard_state, block_id=32, chain_len 4->5
[recovery] appended block: file=/tmp/walrus_sim_161803/sim_node/1700000058025, block_id=32, used=130, col=hard_state, entries=1
[recovery] file /tmp/walrus_sim_161803/sim_node/1700000064625
[reader] trailer mismatch at offset=0 in file=/tmp/walrus_sim_161803/sim_node/1700000064625, block_id=33
[reader] header checksum mismatch at offset=101 in file=/tmp/walrus_sim_161803/sim_node/1700000064625, block_id=33 (stored=0x0, computed=0x8ac123d6f7dce585)
[reader] chain append(fast): col=hard_state, block_id=33, chain_len 5->6
[recovery] appended block: file=/tmp/walrus_sim_161803/sim_node/1700000064625, block_id=33, used=101, col=hard_state, entries=1
[recovery] file /tmp/walrus_sim_161803/sim_node/1700000071242
[recovery] file /tmp/walrus_sim_161803/sim_node/1700000077844
[reader] header checksum mismatch at offset=232 in file=/tmp/walrus_sim_161803/sim_node/1700000077844, block_id=34 (stored=0x0, computed=0x8ac123d6f7dce585)
[reader] chain append(fast): col=orders, block_id=34, chain_len 6->7
[recovery] appended block: file=/tmp/walrus_sim_161803/sim_node/1700000077844, block_id=34, used=232, col=orders, entries=2
[reader] header checksum mismatch at offset=368 in file=/tmp/walrus_sim_161803/sim_node/1700000077844, block_id=35 (stored=0x0, computed=0x3105a0f98ed89185)
[reader] chain append(fast): col=logs, block_id=35, chain_len 9->10
[recovery] appended block: file=/tmp/walrus_sim_161803/sim_node/1700000077844, block_id=35, used=368, col=logs, entries=3
[reader] header checksum mismatch at offset=1293 in file=/tmp/walrus_sim_161803/sim_node/1700000077844, block_id=36 (stored=0x0, computed=0x8ac123d6f7dce585)
[reader] chain append(fast): col=metrics, block_id=36, chain_len 6->7
[recovery] appended block: file=/tmp/walrus_sim_161803/sim_node/1700000077844, block_id=36, used=1293, col=metrics, entries=10
[recovery] file /tmp/walrus_sim_161803/sim_node/1700000084630
[reader] header checksum mismatch at offset=115 in file=/tmp/walrus_sim_161803/sim_node/1700000084630, block_id=37 (stored=0xf98c2ad5ac2aedae, computed=0x6ee538ca99ae51a6)
[reader] chain append(fast): col=metrics, block_id=37, chain_len 7->8
[recovery] appended block: file=/tmp/walrus_sim_161803/sim_node/1700000084630, block_id=37, used=115, col=metrics, entries=1
[recovery] file /tmp/walrus_sim_161803/sim_node/1700000091491
[reader] header checksum mismatch at offset=518 in file=/tmp/walrus_sim_161803/sim_node/1700000091491, block_id=38 (stored=0x0, computed=0x8ac123d6f7dce585)
[reader] chain append(fast): col=logs, block_id=38, chain_len 10->11
[recovery] appended block: file=/tmp/walrus_sim_161803/sim_node/1700000091491, block_id=38, used=518, col=logs, entries=4
[reader] trailer mismatch at offset=575 in file=/tmp/walrus_sim_161803/sim_node/1700000091491, block_id=39
[reader] chain append(fast): col=metrics, block_id=39, chain_len 8->9
[recovery] appended block: file=/tmp/walrus_sim_161803/sim_node/1700000091491, block_id=39, used=575, col=metrics, entries=4
[reader] header checksum mismatch at offset=148 in file=/tmp/walrus_sim_161803/sim_node/1700000091491, block_id=40 (stored=0x1adf5c0000000000, computed=0x376809fbcd8a78c9)
[reader] chain append(fast): col=orders, block_id=40, chain_len 7->8
[recovery] appended block: file=/tmp/walrus_sim_161803/sim_node/1700000091491, block_id=40, used=148, col=orders, entries=1
[reader] header checksum mismatch at offset=120 in file=/tmp/walrus_sim_161803/sim_node/1700000091491, block_id=41 (stored=0x0, computed=0x8ac123d6f7dce585)
[reader] chain append(fast): col=log, block_id=41, chain_len 3->4
[recovery] appended block: file=/tmp/walrus_sim_161803/sim_node/1700000091491, block_id=41, used=120, col=log, entries=1
[reader] header checksum mismatch at offset=120 in file=/tmp/walrus_sim_161803/sim_node/1700000091491, block_id=42 (stored=0x0, computed=0x8ac123d6f7dce585)
[reader] chain append(fast): col=log_recovery, block_id=42, chain_len 3->4
[recovery] appended block: file=/tmp/walrus_sim_161803/sim_node/1700000091491, block_id=42, used=120, col=log_recovery, entries=1
[reader] trailer mismatch at offset=0 in file=/tmp/walrus_sim_161803/sim_node/1700000091491, block_id=43
[recovery] file /tmp/walrus_sim_161803/sim_node/1700000099050
[reader] trailer mismatch at offset=460 in file=/tmp/walrus_sim_161803/sim_node/1700000099050, block_id=43
[reader] chain append(fast): col=metrics, block_id=43, chain_len 9->10
[recovery] appended block: file=/tmp/walrus_sim_161803/sim_node/1700000099050, block_id=43, used=460, col=metrics, entries=4
[reader] header checksum mismatch at offset=1862 in file=/tmp/walrus_sim_161803/sim_node/1700000099050, block_id=44 (stored=0x8002d39a3addc285, computed=0x136325cc4f1e4387)
[reader] chain append(fast): col=orders, block_id=44, chain_len 8->9
[recovery] appended block: file=/tmp/walrus_sim_161803/sim_node/1700000099050, block_id=44, used=1862, col=orders, entries=13
[reader] header checksum mismatch at offset=421 in file=/tmp/walrus_sim_161803/sim_node/1700000099050, block_id=45 (stored=0xfc7c660885e4b59c, computed=0x2c77f4cb98c9b736)
[reader] chain append(fast): col=logs, block_id=45, chain_len 11->12
[recovery] appended block: file=/tmp/walrus_sim_161803/sim_node/1700000099050, block_id=45, used=421, col=logs, entries=3
[reader] header checksum mismatch at offset=96 in file=/tmp/walrus_sim_161803/sim_node/1700000099050, block_id=46 (stored=0x0, computed=0x8ac123d6f7dce585)
[reader] chain append(fast): col=log, block_id=46, chain_len 4->5
[recovery] appended block: file=/tmp/walrus_sim_161803/sim_node/1700000099050, block_id=46, used=96, col=log, entries=1
[reader] header checksum mismatch at offset=96 in file=/tmp/walrus_sim_161803/sim_node/1700000099050, block_id=47 (stored=0x0, computed=0x8ac123d6f7dce585)
[reader] chain append(fast): col=log_recovery, block_id=47, chain_len 4->5
[recovery] appended block: file=/tmp/walrus_sim_161803/sim_node/1700000099050, block_id=47, used=96, col=log_recovery, entries=1
[recovery] file /tmp/walrus_sim_161803/sim_node/1700000106712
[reader] trailer mismatch at offset=175 in file=/tmp/walrus_sim_161803/sim_node/1700000106712, block_id=48
[reader] chain append(fast): col=logs, block_id=48, chain_len 12->13
[recovery] appended block: file=/tmp/walrus_sim_161803/sim_node/1700000106712, block_id=48, used=175, col=logs, entries=1
[reader] header checksum mismatch at offset=206 in file=/tmp/walrus_sim_161803/sim_node/1700000106712, block_id=49 (stored=0x0, computed=0x8ac123d6f7dce585)
[reader] chain append(fast): col=hard_state, block_id=49, chain_len 6->7
[recovery] appended block: file=/tmp/walrus_sim_161803/sim_node/1700000106712, block_id=49, used=206, col=hard_state, entries=2
[reader] header checksum mismatch at offset=789 in file=/tmp/walrus_sim_161803/sim_node/1700000106712, block_id=50 (stored=0x48c982, computed=0x7eaa290b836de39f)
[reader] chain append(fast): col=metrics, block_id=50, chain_len 10->11
[recovery] appended block: file=/tmp/walrus_sim_161803/sim_node/1700000106712, block_id=50, used=789, col=metrics, entries=6
[reader] header checksum mismatch at offset=161 in file=/tmp/walrus_sim_161803/sim_node/1700000106712, block_id=51 (stored=0x0, computed=0x8ac123d6f7dce585)
[reader] chain append(fast): col=orders, block_id=51, chain_len 9->10
[recovery] appended block: file=/tmp/walrus_sim_161803/sim_node/1700000106712, block_id=51, used=161, col=orders, entries=1
[recovery] file /tmp/walrus_sim_161803/sim_node/1700000114403
[reader] header checksum mismatch at offset=150 in file=/tmp/walrus_sim_161803/sim_node/1700000114403, block_id=52 (stored=0x0, computed=0x8ac123d6f7dce585)
[reader] chain append(fast): col=orders, block_id=52, chain_len 10->11
[recovery] appended block: file=/tmp/walrus_sim_161803/sim_node/1700000114403, block_id=52, used=150, col=orders, entries=1
[reader] header checksum mismatch at offset=114 in file=/tmp/walrus_sim_161803/sim_node/1700000114403, block_id=53 (stored=0x0, computed=0x8ac123d6f7dce585)
[reader] chain append(fast): col=metrics, block_id=53, chain_len 11->12
[recovery] appended block: file=/tmp/walrus_sim_161803/sim_node/1700000114403, block_id=53, used=114, col=metrics, entries=1
[recovery] file /tmp/walrus_sim_161803/sim_node/1700000121969
[recovery] SUMMARY - entries recovered per topic:
[recovery]   logs: 26 entries
[recovery]   orders: 26 entries
[recovery]   hard_state: 8 entries
[recovery]   log: 5 entries
[recovery]   metrics: 47 entries
[recovery]   log_recovery: 5 entries
[recovery] CHAIN LENGTHS after recovery:
[recovery]   metrics: chain_len=12
[recovery]   hard_state: chain_len=7
[recovery]   log: chain_len=5
[recovery]   orders: chain_len=11
[recovery]   log_recovery: chain_len=5
[recovery]   logs: chain_len=13
[alloc] handout: block_id=1, file=/tmp/walrus_sim_161803/sim_node/1700000121969, offset=0, limit=10485760
[batch] START: col=metrics, entries=1, total_bytes=149
[batch] planning complete: 1 write operations across 1 blocks
[batch] SUCCESS (mmap): wrote 1 entries, 149 bytes to topic=metrics
[batch] released batch_writing flag
[reader] READ_START orders: chain_len=11 cur_idx=0 cur_off=0
[reader] read_next start: col=orders, chain_len=11, idx=0, offset=0
[reader] ORDERS_READ: cur_block_idx=0 chain_len=11 cur_block_offset=0
[reader] ORDERS_READ: chain[0] block_id=4 used=92
[reader] read_next: OK col=orders, block_id=4, consumed=92, new_offset=92
[batch] START: col=metrics, entries=19, total_bytes=2535
[batch] planning complete: 19 write operations across 1 blocks
[batch] released batch_writing flag
[reader] read_next start: col=log_recovery, chain_len=5, idx=0, offset=0
[reader] read_next: OK col=log_recovery, block_id=11, consumed=93, new_offset=93
[writer] wrote (uncommitted): col=metrics, block_id=1, offset_before=149, bytes=91, offset_after=240
[writer] immediate fsync: col=metrics, block_id=1
[reader] read_next start: col=hard_state_recovery, chain_len=0, idx=0, offset=0
[alloc] handout: block_id=2, file=/tmp/walrus_sim_161803/sim_node/1700000121969, offset=10485760, limit=10485760
[writer] wrote (uncommitted): col=logs, block_id=2, offset_before=0, bytes=109, offset_after=109
[writer] immediate fsync: col=logs, block_id=2
[batch] START: col=logs, entries=6, total_bytes=851
[batch] planning complete: 6 write operations across 1 blocks
[batch] released batch_writing flag
[writer] wrote (uncommitted): col=logs, block_id=2, offset_before=109, bytes=98, offset_after=207
[writer] immediate fsync: col=logs, block_id=2
[alloc] handout: block_id=3, file=/tmp/walrus_sim_161803/sim_node/1700000121969, offset=20971520, limit=10485760
[writer] wrote (uncommitted): col=log, block_id=3, offset_before=0, bytes=100, offset_after=100
[writer] immediate fsync: col=log, block_id=3
[alloc] handout: block_id=4, file=/tmp/walrus_sim_161803/sim_node/1700000121969, offset=31457280, limit=10485760
[writer] wrote (uncommitted): col=log_recovery, block_id=4, offset_before=0, bytes=100, offset_after=100
[writer] immediate fsync: col=log_recovery, block_id=4
[reader] read_next start: col=hard_state_recovery, chain_len=0, idx=0, offset=0
[reader] read_next start: col=log, chain_len=5, idx=4, offset=96
[reader] read_next: advance block col=log, block_id=46, offset=96, used=96
[reader] read_next: tail OK col=log, block_id=3, consumed=100, new_tail_off=100
[alloc] handout: block_id=5, file=/tmp/walrus_sim_161803/sim_node/1700000121969, offset=41943040, limit=10485760
[writer] wrote (uncommitted): col=orders, block_id=5, offset_before=0, bytes=179, offset_after=179
[writer] immediate fsync: col=orders, block_id=5
[ORACLE] Recording write for orders[26] len=99
[writer] wrote (uncommitted): col=orders, block_id=5, offset_before=179, bytes=123, offset_after=302
[writer] immediate fsync: col=orders, block_id=5
[ORACLE] Recording write for orders[27] len=43
[reader] read_next start: col=hard_state, chain_len=7, idx=0, offset=0
[reader] read_next: OK col=hard_state, block_id=7, consumed=136, new_offset=136
[writer] wrote (uncommitted): col=orders, block_id=5, offset_before=302, bytes=142, offset_after=444
[writer] immediate fsync: col=orders, block_id=5
[ORACLE] Recording write for orders[28] len=62
[reader] read_next start: col=logs, chain_len=13, idx=0, offset=0
[reader] read_next: OK col=logs, block_id=2, consumed=103, new_offset=103
[writer] wrote (uncommitted): col=logs, block_id=2, offset_before=207, bytes=122, offset_after=329
[writer] immediate fsync: col=logs, block_id=2
[reader] read_next start: col=hard_state_recovery, chain_len=0, idx=0, offset=0
[writer] wrote (uncommitted): col=metrics, block_id=1, offset_before=240, bytes=102, offset_after=342
[writer] immediate fsync: col=metrics, block_id=1
[reader] read_next start: col=logs, chain_len=13, idx=0, offset=103
[reader] read_next: OK col=logs, block_id=2, consumed=125, new_offset=228
[reader] read_next start: col=log_recovery, chain_len=5, idx=0, offset=93
[reader] read_next: advance block col=log_recovery, block_id=11, offset=93, used=93
[reader] read_next: OK col=log_recovery, block_id=18, consumed=142, new_offset=142
[writer] wrote (uncommitted): col=metrics, block_id=1, offset_before=342, bytes=132, offset_after=474
[writer] immediate fsync: col=metrics, block_id=1
[writer] wrote (uncommitted): col=metrics, block_id=1, offset_before=474, bytes=143, offset_after=617
[writer] immediate fsync: col=metrics, block_id=1
[reader] read_next start: col=logs, chain_len=13, idx=0, offset=228
[reader] read_next: advance block col=logs, block_id=2, offset=228, used=228
[reader] read_next: OK col=logs, block_id=3, consumed=168, new_offset=168
[reader] read_next start: col=hard_state, chain_len=7, idx=6, offset=206
[reader] read_next: advance block col=hard_state, block_id=49, offset=206, used=206
[writer] wrote (uncommitted): col=metrics, block_id=1, offset_before=617, bytes=105, offset_after=722
[writer] immediate fsync: col=metrics, block_id=1
[writer] wrote (uncommitted): col=metrics, block_id=1, offset_before=722, bytes=121, offset_after=843
[writer] immediate fsync: col=metrics, block_id=1
[CRASH] Simulating crash. orders has 29 entries in Oracle
[walrus] new
[alloc] init: created file=/tmp/walrus_sim_161803/sim_node/1700000129764, max_file_size=1048576000B, block_size=10485760B
[recovery] scanning files: 21
[recovery] file /tmp/walrus_sim_161803/sim_node/1700000000002
[reader] header checksum mismatch at offset=136 in file=/tmp/walrus_sim_161803/sim_node/1700000000002, block_id=1 (stored=0x0, computed=0x8ac123d6f7dce585)
[reader] chain append(slow/new): col=metrics, block_id=1, chain_len 0->1
[recovery] appended block: file=/tmp/walrus_sim_161803/sim_node/1700000000002, block_id=1, used=136, col=metrics, entries=1
[reader] header checksum mismatch at offset=228 in file=/tmp/walrus_sim_161803/sim_node/1700000000002, block_id=2 (stored=0x0, computed=0x8ac123d6f7dce585)
[reader] chain append(slow/new): col=logs, block_id=2, chain_len 0->1
[recovery] appended block: file=/tmp/walrus_sim_161803/sim_node/1700000000002, block_id=2, used=228, col=logs, entries=2
[recovery] file /tmp/walrus_sim_161803/sim_node/1700000005229
[reader] header checksum mismatch at offset=168 in file=/tmp/walrus_sim_161803/sim_node/1700000005229, block_id=3 (stored=0x0, computed=0x8ac123d6f7dce585)
[reader] chain append(fast): col=logs, block_id=3, chain_len 1->2
[recovery] appended block: file=/tmp/walrus_sim_161803/sim_node/1700000005229, block_id=3, used=168, col=logs, entries=1
[reader] header checksum mismatch at offset=92 in file=/tmp/walrus_sim_161803/sim_node/1700000005229, block_id=4 (stored=0x0, computed=0x8ac123d6f7dce585)
[reader] chain append(slow/new): col=orders, block_id=4, chain_len 0->1
[recovery] appended block: file=/tmp/walrus_sim_161803/sim_node/1700000005229, block_id=4, used=92, col=orders, entries=1
[recovery] file /tmp/walrus_sim_161803/sim_node/1700000010672
[reader] header checksum mismatch at offset=408 in file=/tmp/walrus_sim_161803/sim_node/1700000010672, block_id=5 (stored=0x77363697274, computed=0x941c0bc236027762)
[reader] chain append(fast): col=metrics, block_id=5, chain_len 1->2
[recovery] appended block: file=/tmp/walrus_sim_161803/sim_node/1700000010672, block_id=5, used=408, col=metrics, entries=3
[reader] header checksum mismatch at offset=277 in file=/tmp/walrus_sim_161803/sim_node/1700000010672, block_id=6 (stored=0x0, computed=0x8ac123d6f7dce585)
[reader] chain append(fast): col=logs, block_id=6, chain_len 2->3
[recovery] appended block: file=/tmp/walrus_sim_161803/sim_node/1700000010672, block_id=6, used=277, col=logs, entries=2
[reader] header checksum mismatch at offset=136 in file=/tmp/walrus_sim_161803/sim_node/1700000010672, block_id=7 (stored=0x0, computed=0x8ac123d6f7dce585)
[reader] chain append(slow/new): col=hard_state, block_id=7, chain_len 0->1
[recovery] appended block: file=/tmp/walrus_sim_161803/sim_node/1700000010672, block_id=7, used=136, col=hard_state, entries=1
[reader] trailer mismatch at offset=0 in file=/tmp/walrus_sim_161803/sim_node/1700000010672, block_id=8
[recovery] file /tmp/walrus_sim_161803/sim_node/1700000016150
[reader] header checksum mismatch at offset=139 in file=/tmp/walrus_sim_161803/sim_node/1700000016150, block_id=8 (stored=0x0, computed=0x8ac123d6f7dce585)
[reader] chain append(fast): col=orders, block_id=8, chain_len 1->2
[recovery] appended block: file=/tmp/walrus_sim_161803/sim_node/1700000016150, block_id=8, used=139, col=orders, entries=1
[reader] header checksum mismatch at offset=475 in file=/tmp/walrus_sim_161803/sim_node/1700000016150, block_id=9 (stored=0x0, computed=0x8ac123d6f7dce585)
[reader] chain append(fast): col=metrics, block_id=9, chain_len 2->3
[recovery] appended block: file=/tmp/walrus_sim_161803/sim_node/1700000016150, block_id=9, used=475, col=metrics, entries=3
[reader] header checksum mismatch at offset=93 in file=/tmp/walrus_sim_161803/sim_node/1700000016150, block_id=10 (stored=0x0, computed=0x8ac123d6f7dce585)
[reader] chain append(slow/new): col=log, block_id=10, chain_len 0->1
[recovery] appended block: file=/tmp/walrus_sim_161803/sim_node/1700000016150, block_id=10, used=93, col=log, entries=1
[reader] header checksum mismatch at offset=93 in file=/tmp/walrus_sim_161803/sim_node/1700000016150, block_id=11 (stored=0x0, computed=0x8ac123d6f7dce585)
[reader] chain append(slow/new): col=log_recovery, block_id=11, chain_len 0->1
[recovery] appended block: file=/tmp/walrus_sim_161803/sim_node/1700000016150, block_id=11, used=93, col=log_recovery, entries=1
[reader] trailer mismatch at offset=335 in file=/tmp/walrus_sim_161803/sim_node/1700000016150, block_id=12
[reader] chain append(fast): col=logs, block_id=12, chain_len 3->4
[recovery] appended block: file=/tmp/walrus_sim_161803/sim_node/1700000016150, block_id=12, used=335, col=logs, entries=2
[recovery] file /tmp/walrus_sim_161803/sim_node/1700000021780
[recovery] file /tmp/walrus_sim_161803/sim_node/1700000027386
[reader] header checksum mismatch at offset=132 in file=/tmp/walrus_sim_161803/sim_node/1700000027386, block_id=13 (stored=0x0, computed=0x8ac123d6f7dce585)
[reader] chain append(fast): col=logs, block_id=13, chain_len 4->5
[recovery] appended block: file=/tmp/walrus_sim_161803/sim_node/1700000027386, block_id=13, used=132, col=logs, entries=1
[reader] header checksum mismatch at offset=134 in file=/tmp/walrus_sim_161803/sim_node/1700000027386, block_id=14 (stored=0x0, computed=0x8ac123d6f7dce585)
[reader] chain append(fast): col=hard_state, block_id=14, chain_len 1->2
[recovery] appended block: file=/tmp/walrus_sim_161803/sim_node/1700000027386, block_id=14, used=134, col=hard_state, entries=1
[reader] trailer mismatch at offset=0 in file=/tmp/walrus_sim_161803/sim_node/1700000027386, block_id=15
[recovery] file /tmp/walrus_sim_161803/sim_node/1700000033210
[reader] header checksum mismatch at offset=501 in file=/tmp/walrus_sim_161803/sim_node/1700000033210, block_id=15 (stored=0x0, computed=0x8ac123d6f7dce585)
[reader] chain append(fast): col=logs, block_id=15, chain_len 5->6
[recovery] appended block: file=/tmp/walrus_sim_161803/sim_node/1700000033210, block_id=15, used=501, col=logs, entries=3
[reader] trailer mismatch at offset=587 in file=/tmp/walrus_sim_161803/sim_node/1700000033210, block_id=16
[reader] chain append(fast): col=metrics, block_id=16, chain_len 3->4
[recovery] appended block: file=/tmp/walrus_sim_161803/sim_node/1700000033210, block_id=16, used=587, col=metrics, entries=5
[reader] header checksum mismatch at offset=142 in file=/tmp/walrus_sim_161803/sim_node/1700000033210, block_id=17 (stored=0x0, computed=0x8ac123d6f7dce585)
[reader] chain append(fast): col=log, block_id=17, chain_len 1->2
[recovery] appended block: file=/tmp/walrus_sim_161803/sim_node/1700000033210, block_id=17, used=142, col=log, entries=1
[reader] header checksum mismatch at offset=142 in file=/tmp/walrus_sim_161803/sim_node/1700000033210, block_id=18 (stored=0x0, computed=0x8ac123d6f7dce585)
[reader] chain append(fast): col=log_recovery, block_id=18, chain_len 1->2
[recovery] appended block: file=/tmp/walrus_sim_161803/sim_node/1700000033210, block_id=18, used=142, col=log_recovery, entries=1
[reader] header checksum mismatch at offset=165 in file=/tmp/walrus_sim_161803/sim_node/1700000033210, block_id=19 (stored=0x0, computed=0x8ac123d6f7dce585)
[reader] chain append(fast): col=hard_state, block_id=19, chain_len 2->3
[recovery] appended block: file=/tmp/walrus_sim_161803/sim_node/1700000033210, block_id=19, used=165, col=hard_state, entries=1
[reader] trailer mismatch at offset=0 in file=/tmp/walrus_sim_161803/sim_node/1700000033210, block_id=20
[recovery] file /tmp/walrus_sim_161803/sim_node/1700000039371
[reader] header checksum mismatch at offset=296 in file=/tmp/walrus_sim_161803/sim_node/1700000039371, block_id=20 (stored=0x0, computed=0x8ac123d6f7dce585)
[reader] chain append(fast): col=logs, block_id=20, chain_len 6->7
[recovery] appended block: file=/tmp/walrus_sim_161803/sim_node/1700000039371, block_id=20, used=296, col=logs, entries=2
[reader] trailer mismatch at offset=333 in file=/tmp/walrus_sim_161803/sim_node/1700000039371, block_id=21
[reader] chain append(fast): col=orders, block_id=21, chain_len 2->3
[recovery] appended block: file=/tmp/walrus_sim_161803/sim_node/1700000039371, block_id=21, used=333, col=orders, entries=2
[reader] header checksum mismatch at offset=129 in file=/tmp/walrus_sim_161803/sim_node/1700000039371, block_id=22 (stored=0x0, computed=0x8ac123d6f7dce585)
[reader] chain append(fast): col=hard_state, block_id=22, chain_len 3->4
[recovery] appended block: file=/tmp/walrus_sim_161803/sim_node/1700000039371, block_id=22, used=129, col=hard_state, entries=1
[reader] header checksum mismatch at offset=739 in file=/tmp/walrus_sim_161803/sim_node/1700000039371, block_id=23 (stored=0x0, computed=0x8ac123d6f7dce585)
[reader] chain append(fast): col=metrics, block_id=23, chain_len 4->5
[recovery] appended block: file=/tmp/walrus_sim_161803/sim_node/1700000039371, block_id=23, used=739, col=metrics, entries=6
[recovery] file /tmp/walrus_sim_161803/sim_node/1700000045499
[reader] trailer mismatch at offset=169 in file=/tmp/walrus_sim_161803/sim_node/1700000045499, block_id=24
[reader] chain append(fast): col=orders, block_id=24, chain_len 3->4
[recovery] appended block: file=/tmp/walrus_sim_161803/sim_node/1700000045499, block_id=24, used=169, col=orders, entries=1
[reader] trailer mismatch at offset=0 in file=/tmp/walrus_sim_161803/sim_node/1700000045499, block_id=25
[recovery] file /tmp/walrus_sim_161803/sim_node/1700000051741
[reader] header checksum mismatch at offset=177 in file=/tmp/walrus_sim_161803/sim_node/1700000051741, block_id=25 (stored=0x0, computed=0x8ac123d6f7dce585)
[reader] chain append(fast): col=orders, block_id=25, chain_len 4->5
[recovery] appended block: file=/tmp/walrus_sim_161803/sim_node/1700000051741, block_id=25, used=177, col=orders, entries=1
[reader] header checksum mismatch at offset=178 in file=/tmp/walrus_sim_161803/sim_node/1700000051741, block_id=26 (stored=0x0, computed=0x8ac123d6f7dce585)
[reader] chain append(fast): col=logs, block_id=26, chain_len 7->8
[recovery] appended block: file=/tmp/walrus_sim_161803/sim_node/1700000051741, block_id=26, used=178, col=logs, entries=1
[reader] trailer mismatch at offset=0 in file=/tmp/walrus_sim_161803/sim_node/1700000051741, block_id=27
[recovery] file /tmp/walrus_sim_161803/sim_node/1700000058025
[reader] header checksum mismatch at offset=111 in file=/tmp/walrus_sim_161803/sim_node/1700000058025, block_id=27 (stored=0x0, computed=0x8ac123d6f7dce585)
[reader] chain append(fast): col=log, block_id=27, chain_len 2->3
[recovery] appended block: file=/tmp/walrus_sim_161803/sim_node/1700000058025, block_id=27, used=111, col=log, entries=1
[reader] header checksum mismatch at offset=111 in file=/tmp/walrus_sim_161803/sim_node/1700000058025, block_id=28 (stored=0x0, computed=0x8ac123d6f7dce585)
[reader] chain append(fast): col=log_recovery, block_id=28, chain_len 2->3
[recovery] appended block: file=/tmp/walrus_sim_161803/sim_node/1700000058025, block_id=28, used=111, col=log_recovery, entries=1
[reader] header checksum mismatch at offset=339 in file=/tmp/walrus_sim_161803/sim_node/1700000058025, block_id=29 (stored=0x0, computed=0x8ac123d6f7dce585)
[reader] chain append(fast): col=orders, block_id=29, chain_len 5->6
[recovery] appended block: file=/tmp/walrus_sim_161803/sim_node/1700000058025, block_id=29, used=339, col=orders, entries=2
[reader] header checksum mismatch at offset=363 in file=/tmp/walrus_sim_161803/sim_node/1700000058025, block_id=30 (stored=0x0, computed=0x8ac123d6f7dce585)
[reader] chain append(fast): col=metrics, block_id=30, chain_len 5->6
[recovery] appended block: file=/tmp/walrus_sim_161803/sim_node/1700000058025, block_id=30, used=363, col=metrics, entries=3
[reader] header checksum mismatch at offset=167 in file=/tmp/walrus_sim_161803/sim_node/1700000058025, block_id=31 (stored=0x0, computed=0x8ac123d6f7dce585)
[reader] chain append(fast): col=logs, block_id=31, chain_len 8->9
[recovery] appended block: file=/tmp/walrus_sim_161803/sim_node/1700000058025, block_id=31, used=167, col=logs, entries=1
[reader] header checksum mismatch at offset=130 in file=/tmp/walrus_sim_161803/sim_node/1700000058025, block_id=32 (stored=0x0, computed=0x8ac123d6f7dce585)
[reader] chain append(fast): col=hard_state, block_id=32, chain_len 4->5
[recovery] appended block: file=/tmp/walrus_sim_161803/sim_node/1700000058025, block_id=32, used=130, col=hard_state, entries=1
[recovery] file /tmp/walrus_sim_161803/sim_node/1700000064625
[reader] trailer mismatch at offset=0 in file=/tmp/walrus_sim_161803/sim_node/1700000064625, block_id=33
[reader] header checksum mismatch at offset=101 in file=/tmp/walrus_sim_161803/sim_node/1700000064625, block_id=33 (stored=0x0, computed=0x8ac123d6f7dce585)
[reader] chain append(fast): col=hard_state, block_id=33, chain_len 5->6
[recovery] appended block: file=/tmp/walrus_sim_161803/sim_node/1700000064625, block_id=33, used=101, col=hard_state, entries=1
[recovery] file /tmp/walrus_sim_161803/sim_node/1700000071242
[recovery] file /tmp/walrus_sim_161803/sim_node/1700000077844
[reader] header checksum mismatch at offset=232 in file=/tmp/walrus_sim_161803/sim_node/1700000077844, block_id=34 (stored=0x0, computed=0x8ac123d6f7dce585)
[reader] chain append(fast): col=orders, block_id=34, chain_len 6->7
[recovery] appended block: file=/tmp/walrus_sim_161803/sim_node/1700000077844, block_id=34, used=232, col=orders, entries=2
[reader] header checksum mismatch at offset=368 in file=/tmp/walrus_sim_161803/sim_node/1700000077844, block_id=35 (stored=0x0, computed=0x3105a0f98ed89185)
[reader] chain append(fast): col=logs, block_id=35, chain_len 9->10
[recovery] appended block: file=/tmp/walrus_sim_161803/sim_node/1700000077844, block_id=35, used=368, col=logs, entries=3
[reader] header checksum mismatch at offset=1293 in file=/tmp/walrus_sim_161803/sim_node/1700000077844, block_id=36 (stored=0x0, computed=0x8ac123d6f7dce585)
[reader] chain append(fast): col=metrics, block_id=36, chain_len 6->7
[recovery] appended block: file=/tmp/walrus_sim_161803/sim_node/1700000077844, block_id=36, used=1293, col=metrics, entries=10
[recovery] file /tmp/walrus_sim_161803/sim_node/1700000084630
[reader] header checksum mismatch at offset=115 in file=/tmp/walrus_sim_161803/sim_node/1700000084630, block_id=37 (stored=0xf98c2ad5ac2aedae, computed=0x6ee538ca99ae51a6)
[reader] chain append(fast): col=metrics, block_id=37, chain_len 7->8
[recovery] appended block: file=/tmp/walrus_sim_161803/sim_node/1700000084630, block_id=37, used=115, col=metrics, entries=1
[recovery] file /tmp/walrus_sim_161803/sim_node/1700000091491
[reader] header checksum mismatch at offset=518 in file=/tmp/walrus_sim_161803/sim_node/1700000091491, block_id=38 (stored=0x0, computed=0x8ac123d6f7dce585)
[reader] chain append(fast): col=logs, block_id=38, chain_len 10->11
[recovery] appended block: file=/tmp/walrus_sim_161803/sim_node/1700000091491, block_id=38, used=518, col=logs, entries=4
[reader] trailer mismatch at offset=575 in file=/tmp/walrus_sim_161803/sim_node/1700000091491, block_id=39
[reader] chain append(fast): col=metrics, block_id=39, chain_len 8->9
[recovery] appended block: file=/tmp/walrus_sim_161803/sim_node/1700000091491, block_id=39, used=575, col=metrics, entries=4
[reader] header checksum mismatch at offset=148 in file=/tmp/walrus_sim_161803/sim_node/1700000091491, block_id=40 (stored=0x1adf5c0000000000, computed=0x376809fbcd8a78c9)
[reader] chain append(fast): col=orders, block_id=40, chain_len 7->8
[recovery] appended block: file=/tmp/walrus_sim_161803/sim_node/1700000091491, block_id=40, used=148, col=orders, entries=1
[reader] header checksum mismatch at offset=120 in file=/tmp/walrus_sim_161803/sim_node/1700000091491, block_id=41 (stored=0x0, computed=0x8ac123d6f7dce585)
[reader] chain append(fast): col=log, block_id=41, chain_len 3->4
[recovery] appended block: file=/tmp/walrus_sim_161803/sim_node/1700000091491, block_id=41, used=120, col=log, entries=1
[reader] header checksum mismatch at offset=120 in file=/tmp/walrus_sim_161803/sim_node/1700000091491, block_id=42 (stored=0x0, computed=0x8ac123d6f7dce585)
[reader] chain append(fast): col=log_recovery, block_id=42, chain_len 3->4
[recovery] appended block: file=/tmp/walrus_sim_161803/sim_node/1700000091491, block_id=42, used=120, col=log_recovery, entries=1
[reader] trailer mismatch at offset=0 in file=/tmp/walrus_sim_161803/sim_node/1700000091491, block_id=43
[recovery] file /tmp/walrus_sim_161803/sim_node/1700000099050
[reader] trailer mismatch at offset=460 in file=/tmp/walrus_sim_161803/sim_node/1700000099050, block_id=43
[reader] chain append(fast): col=metrics, block_id=43, chain_len 9->10
[recovery] appended block: file=/tmp/walrus_sim_161803/sim_node/1700000099050, block_id=43, used=460, col=metrics, entries=4
[reader] header checksum mismatch at offset=1862 in file=/tmp/walrus_sim_161803/sim_node/1700000099050, block_id=44 (stored=0x8002d39a3addc285, computed=0x136325cc4f1e4387)
[reader] chain append(fast): col=orders, block_id=44, chain_len 8->9
[recovery] appended block: file=/tmp/walrus_sim_161803/sim_node/1700000099050, block_id=44, used=1862, col=orders, entries=13
[reader] header checksum mismatch at offset=421 in file=/tmp/walrus_sim_161803/sim_node/1700000099050, block_id=45 (stored=0xfc7c660885e4b59c, computed=0x2c77f4cb98c9b736)
[reader] chain append(fast): col=logs, block_id=45, chain_len 11->12
[recovery] appended block: file=/tmp/walrus_sim_161803/sim_node/1700000099050, block_id=45, used=421, col=logs, entries=3
[reader] header checksum mismatch at offset=96 in file=/tmp/walrus_sim_161803/sim_node/1700000099050, block_id=46 (stored=0x0, computed=0x8ac123d6f7dce585)
[reader] chain append(fast): col=log, block_id=46, chain_len 4->5
[recovery] appended block: file=/tmp/walrus_sim_161803/sim_node/1700000099050, block_id=46, used=96, col=log, entries=1
[reader] header checksum mismatch at offset=96 in file=/tmp/walrus_sim_161803/sim_node/1700000099050, block_id=47 (stored=0x0, computed=0x8ac123d6f7dce585)
[reader] chain append(fast): col=log_recovery, block_id=47, chain_len 4->5
[recovery] appended block: file=/tmp/walrus_sim_161803/sim_node/1700000099050, block_id=47, used=96, col=log_recovery, entries=1
[recovery] file /tmp/walrus_sim_161803/sim_node/1700000106712
[reader] trailer mismatch at offset=175 in file=/tmp/walrus_sim_161803/sim_node/1700000106712, block_id=48
[reader] chain append(fast): col=logs, block_id=48, chain_len 12->13
[recovery] appended block: file=/tmp/walrus_sim_161803/sim_node/1700000106712, block_id=48, used=175, col=logs, entries=1
[reader] header checksum mismatch at offset=206 in file=/tmp/walrus_sim_161803/sim_node/1700000106712, block_id=49 (stored=0x0, computed=0x8ac123d6f7dce585)
[reader] chain append(fast): col=hard_state, block_id=49, chain_len 6->7
[recovery] appended block: file=/tmp/walrus_sim_161803/sim_node/1700000106712, block_id=49, used=206, col=hard_state, entries=2
[reader] header checksum mismatch at offset=789 in file=/tmp/walrus_sim_161803/sim_node/1700000106712, block_id=50 (stored=0x48c982, computed=0x7eaa290b836de39f)
[reader] chain append(fast): col=metrics, block_id=50, chain_len 10->11
[recovery] appended block: file=/tmp/walrus_sim_161803/sim_node/1700000106712, block_id=50, used=789, col=metrics, entries=6
[reader] header checksum mismatch at offset=161 in file=/tmp/walrus_sim_161803/sim_node/1700000106712, block_id=51 (stored=0x0, computed=0x8ac123d6f7dce585)
[reader] chain append(fast): col=orders, block_id=51, chain_len 9->10
[recovery] appended block: file=/tmp/walrus_sim_161803/sim_node/1700000106712, block_id=51, used=161, col=orders, entries=1
[recovery] file /tmp/walrus_sim_161803/sim_node/1700000114403
[reader] header checksum mismatch at offset=150 in file=/tmp/walrus_sim_161803/sim_node/1700000114403, block_id=52 (stored=0x0, computed=0x8ac123d6f7dce585)
[reader] chain append(fast): col=orders, block_id=52, chain_len 10->11
[recovery] appended block: file=/tmp/walrus_sim_161803/sim_node/1700000114403, block_id=52, used=150, col=orders, entries=1
[reader] header checksum mismatch at offset=114 in file=/tmp/walrus_sim_161803/sim_node/1700000114403, block_id=53 (stored=0x0, computed=0x8ac123d6f7dce585)
[reader] chain append(fast): col=metrics, block_id=53, chain_len 11->12
[recovery] appended block: file=/tmp/walrus_sim_161803/sim_node/1700000114403, block_id=53, used=114, col=metrics, entries=1
[recovery] file /tmp/walrus_sim_161803/sim_node/1700000121969
[reader] header checksum mismatch at offset=843 in file=/tmp/walrus_sim_161803/sim_node/1700000121969, block_id=54 (stored=0xf2b492bacd9acaf, computed=0xc9d18acdf3da8810)
[reader] chain append(fast): col=metrics, block_id=54, chain_len 12->13
[recovery] appended block: file=/tmp/walrus_sim_161803/sim_node/1700000121969, block_id=54, used=843, col=metrics, entries=7
[reader] trailer mismatch at offset=207 in file=/tmp/walrus_sim_161803/sim_node/1700000121969, block_id=55
[reader] chain append(fast): col=logs, block_id=55, chain_len 13->14
[recovery] appended block: file=/tmp/walrus_sim_161803/sim_node/1700000121969, block_id=55, used=207, col=logs, entries=2
[reader] header checksum mismatch at offset=100 in file=/tmp/walrus_sim_161803/sim_node/1700000121969, block_id=56 (stored=0x0, computed=0x8ac123d6f7dce585)
[reader] chain append(fast): col=log, block_id=56, chain_len 5->6
[recovery] appended block: file=/tmp/walrus_sim_161803/sim_node/1700000121969, block_id=56, used=100, col=log, entries=1
[reader] header checksum mismatch at offset=100 in file=/tmp/walrus_sim_161803/sim_node/1700000121969, block_id=57 (stored=0x0, computed=0x8ac123d6f7dce585)
[reader] chain append(fast): col=log_recovery, block_id=57, chain_len 5->6
[recovery] appended block: file=/tmp/walrus_sim_161803/sim_node/1700000121969, block_id=57, used=100, col=log_recovery, entries=1
[reader] header checksum mismatch at offset=444 in file=/tmp/walrus_sim_161803/sim_node/1700000121969, block_id=58 (stored=0x0, computed=0x8ac123d6f7dce585)
[reader] chain append(fast): col=orders, block_id=58, chain_len 11->12
[recovery] appended block: file=/tmp/walrus_sim_161803/sim_node/1700000121969, block_id=58, used=444, col=orders, entries=3
[recovery] file /tmp/walrus_sim_161803/sim_node/1700000129764
[recovery] SUMMARY - entries recovered per topic:
[recovery]   logs: 28 entries
[recovery]   metrics: 54 entries
[recovery]   orders: 29 entries
[recovery]   hard_state: 8 entries
[recovery]   log: 6 entries
[recovery]   log_recovery: 6 entries
[recovery] CHAIN LENGTHS after recovery:
[recovery]   hard_state: chain_len=7
[recovery]   log: chain_len=6
[recovery]   log_recovery: chain_len=6
[recovery]   logs: chain_len=14
[recovery]   metrics: chain_len=13
[recovery]   orders: chain_len=12
[alloc] handout: block_id=1, file=/tmp/walrus_sim_161803/sim_node/1700000129764, offset=0, limit=10485760
[writer] wrote (uncommitted): col=metrics, block_id=1, offset_before=0, bytes=145, offset_after=145
[writer] immediate fsync: col=metrics, block_id=1

=== ORACLE DIAGNOSTIC ===
Topic: metrics
Oracle history length: 55
Current cursor: 0
Expected entry 0 len: 56
Actual data len: 65
FOUND: Actual data matches Oracle history[54]
Nearby entries in Oracle:
  [0] len=56 <-- EXPECTED
  [1] len=59
  [2] len=47
  [3] len=62
=========================


thread 'sim_tests::fault_injection_seed_161803' (3551972) panicked at tests/simulation.rs:146:17:
ORACLE FAILURE: Data mismatch for topic 'metrics' at index 0.
Expected len: 56
Actual len: 65
Expected: [222, 169, 198, 13, 9, 115, 65, 87, 25, 141, 192, 233, 218, 1, 195, 230, 37, 157, 164, 209, 134, 173, 98, 38, 202, 17, 55, 65, 179, 34, 132, 179, 72, 98, 164, 11, 47, 115, 19, 55, 71, 29, 111, 51, 57, 245, 52, 98, 240, 137, 200, 19, 11, 3, 191, 186]
Actual:   [75, 195, 216, 15, 249, 42, 84, 154, 21, 103, 195, 160, 217, 54, 132, 165, 128, 161, 12, 44, 192, 151, 166, 159, 6, 44, 160, 55, 101, 219, 92, 122, 106, 62, 130, 35, 1, 157, 30, 178, 145, 254, 13, 63, 251, 176, 127, 103, 139, 116, 92, 122, 132, 231, 24, 204, 175, 212, 11, 119, 167, 16, 24, 202, 25]
note: run with `RUST_BACKTRACE=1` environment variable to display a backtrace


failures:
    sim_tests::fault_injection_seed_161803

test result: FAILED. 0 passed; 1 failed; 0 ignored; 0 measured; 29 filtered out; finished in 1.72s

error: test failed, to rerun pass `--test simulation`

~/octopii dst-harness*                                                                                                  nubskr@wheelie
❯ 

